ï¿½ï¿½ï¿½ï¿½15780
ho 0 tail 12 ets Jun  8 2016 00:22:57

rst:0x1 (POWERON_RESET),boot:0x13 (SPI_FAST_FLASH_BOOT)
configsip: 0, SPIWP:0xee
clk_drv:0x00,q_drv:0x00,d_drv:0x00,cs0_drv:0x00,hd_drv:0x00,wp_drv:0x00
mode:DIO, clock div:2
load:0x3fff0030,len:7136
load:0x40078000,len:15780
ho 0 tail 12 room 4
load:0x40080400,len:4
load:0x40080404,len:3884
entry 0x40080650
[0;32mI (31) boot: ESP-IDF v5.2-dev-2383-g82cceabc6e 2nd stage bootloader[0m
[0;32mI (31) boot: compile time Oct  1 2023 17:59:54[0m
[0;32mI (33) boot: Multicore bootloader[0m
[0;32mI (37) boot: chip revision: v1.0[0m
[0;32mI (40) boot.esp32: SPI Speed      : 40MHz[0m
[0;32mI (45) boot.esp32: SPI Mode       : DIO[0m
[0;32mI (50) boot.esp32: SPI Flash Size : 2MB[0m
[0;32mI (54) boot: Enabling RNG early entropy source...[0m
[0;32mI (60) boot: Partition Table:[0m
[0;32mI (63) boot: ## Label            Usage          Type ST Offset   Length[0m
[0;32mI (70) boot:  0 nvs              WiFi data        01 02 00009000 00006000[0m
[0;32mI (78) boot:  1 phy_init         RF data          01 01 0000f000 00001000[0m
[0;32mI (85) boot:  2 factory          factory app      00 00 00010000 00100000[0m
[0;32mI (93) boot: End of partition table[0m
[0;32mI (97) esp_image: segment 0: paddr=00010020 vaddr=3f400020 size=21154h (135508) map[0m
[0;32mI (154) esp_image: segment 1: paddr=0003117c vaddr=3ffb0000 size=0378ch ( 14220) load[0m
[0;32mI (160) esp_image: segment 2: paddr=00034910 vaddr=40080000 size=0b708h ( 46856) load[0m
[0;32mI (180) esp_image: segment 3: paddr=00040020 vaddr=400d0020 size=81848h (530504) map[0m
[0;32mI (372) esp_image: segment 4: paddr=000c1870 vaddr=4008b708 size=0a43ch ( 42044) load[0m
[0;32mI (400) boot: Loaded app from partition at offset 0x10000[0m
[0;32mI (401) boot: Disabling RNG early entropy source...[0m
[0;32mI (412) cpu_start: Multicore app[0m
[0;32mI (412) cpu_start: Pro cpu up.[0m
[0;32mI (412) cpu_start: Starting app cpu, entry point is 0x400811f4[0m
[0;32mI (0) cpu_start: App cpu up.[0m
[0;32mI (430) cpu_start: Pro cpu start user code[0m
[0;32mI (430) cpu_start: cpu freq: 160000000 Hz[0m
[0;32mI (430) cpu_start: Application information:[0m
[0;32mI (435) cpu_start: Project name:     main[0m
[0;32mI (440) cpu_start: App version:      25d4482-dirty[0m
[0;32mI (445) cpu_start: Compile time:     Oct  2 2023 16:08:35[0m
[0;32mI (451) cpu_start: ELF file SHA256:  de5fbe805c5c2a60...[0m
[0;32mI (457) cpu_start: ESP-IDF:          v5.2-dev-2383-g82cceabc6e[0m
[0;32mI (464) cpu_start: Min chip rev:     v0.0[0m
[0;32mI (468) cpu_start: Max chip rev:     v3.99 [0m
[0;32mI (473) cpu_start: Chip rev:         v1.0[0m
[0;32mI (478) heap_init: Initializing. RAM available for dynamic allocation:[0m
[0;32mI (485) heap_init: At 3FFAE6E0 len 00001920 (6 KiB): DRAM[0m
[0;32mI (491) heap_init: At 3FFB7830 len 000287D0 (161 KiB): DRAM[0m
[0;32mI (498) heap_init: At 3FFE0440 len 00003AE0 (14 KiB): D/IRAM[0m
[0;32mI (504) heap_init: At 3FFE4350 len 0001BCB0 (111 KiB): D/IRAM[0m
[0;32mI (510) heap_init: At 40095B44 len 0000A4BC (41 KiB): IRAM[0m
[0;32mI (518) spi_flash: detected chip: generic[0m
[0;32mI (521) spi_flash: flash io: dio[0m
[0;33mW (525) spi_flash: Detected size(4096k) larger than the size in the binary image header(2048k). Using the size in the binary image header.[0m
[0;32mI (539) app_start: Starting scheduler on CPU0[0m
[0;32mI (543) app_start: Starting scheduler on CPU1[0m
[0;32mI (543) main_task: Started on CPU0[0m
[0;32mI (553) main_task: Calling app_main()[0m

assert failed: tcpip_send_msg_wait_sem /IDF/components/lwip/lwip/src/api/tcpip.c:449 (Invalid mbox)


Backtrace: 0x4008185e:0x3ffb98b0 0x40088ffd:0x3ffb98d0 0x400900f1:0x3ffb98f0 0x400ddb53:0x3ffb9a10 0x400ed419:0x3ffb9a40 0x400ed4a1:0x3ffb9a60 0x400dd3bd:0x3ffb9ab0 0x400d6915:0x3ffb9ad0 0x400d68ca:0x3ffb9af0 0x4014f77b:0x3ffb9b30 0x4008ba4d:0x3ffb9b60




ELF file SHA256: de5fbe805c5c2a60

Rebooting...
ets Jun  8 2016 00:22:57

rst:0xc (SW_CPU_RESET),boot:0x13 (SPI_FAST_FLASH_BOOT)
configsip: 0, SPIWP:0xee
clk_drv:0x00,q_drv:0x00,d_drv:0x00,cs0_drv:0x00,hd_drv:0x00,wp_drv:0x00
mode:DIO, clock div:2
load:0x3fff0030,len:7136
load:0x40078000,len:15780
ho 0 tail 12 room 4
load:0x40080400,len:4
load:0x40080404,len:3884
entry 0x40080650
[0;32mI (31) boot: ESP-IDF v5.2-dev-2383-g82cceabc6e 2nd stage bootloader[0m
[0;32mI (31) boot: compile time Oct  1 2023 17:59:54[0m
[0;32mI (33) boot: Multicore bootloader[0m
[0;32mI (37) boot: chip revision: v1.0[0m
[0;32mI (41) boot.esp32: SPI Speed      : 40MHz[0m
[0;32mI (45) boot.esp32: SPI Mode       : DIO[0m
[0;32mI (50) boot.esp32: SPI Flash Size : 2MB[0m
[0;32mI (54) boot: Enabling RNG early entropy source...[0m
[0;32mI (60) boot: Partition Table:[0m
[0;32mI (63) boot: ## Label            Usage          Type ST Offset   Length[0m
[0;32mI (71) boot:  0 nvs              WiFi data        01 02 00009000 00006000[0m
[0;32mI (78) boot:  1 phy_init         RF data          01 01 0000f000 00001000[0m
[0;32mI (86) boot:  2 factory          factory app      00 00 00010000 00100000[0m
[0;32mI (93) boot: End of partition table[0m
[0;32mI (97) esp_image: segment 0: paddr=00010020 vaddr=3f400020 size=21154h (135508) map[0m
[0;32mI (155) esp_image: segment 1: paddr=0003117c vaddr=3ffb0000 size=0378ch ( 14220) load[0m
[0;32mI (161) esp_image: segment 2: paddr=00034910 vaddr=40080000 size=0b708h ( 46856) load[0m
[0;32mI (180) esp_image: segment 3: paddr=00040020 vaddr=400d0020 size=81848h (530504) map[0m
[0;32mI (372) esp_image: segment 4: paddr=000c1870 vaddr=4008b708 size=0a43ch ( 42044) load[0m
[0;32mI (401) boot: Loaded app from partition at offset 0x10000[0m
[0;32mI (401) boot: Disabling RNG early entropy source...[0m
[0;32mI (412) cpu_start: Multicore app[0m
[0;32mI (413) cpu_start: Pro cpu up.[0m
[0;32mI (413) cpu_start: Starting app cpu, entry point is 0x400811f4[0m
[0;32mI (400) cpu_start: App cpu up.[0m
[0;32mI (431) cpu_start: Pro cpu start user code[0m
[0;32mI (431) cpu_start: cpu freq: 160000000 Hz[0m
[0;32mI (431) cpu_start: Application information:[0m
[0;32mI (435) cpu_start: Project name:     main[0m
[0;32mI (440) cpu_start: App version:      25d4482-dirty[0m
[0;32mI (446) cpu_start: Compile time:     Oct  2 2023 16:08:35[0m
[0;32mI (452) cpu_start: ELF file SHA256:  de5fbe805c5c2a60...[0m
[0;32mI (458) cpu_start: ESP-IDF:          v5.2-dev-2383-g82cceabc6e[0m
[0;32mI (464) cpu_start: Min chip rev:     v0.0[0m
[0;32mI (469) cpu_start: Max chip rev:     v3.99 [0m
[0;32mI (474) cpu_start: Chip rev:         v1.0[0m
[0;32mI (479) heap_init: Initializing. RAM available for dynamic allocation:[0m
[0;32mI (486) heap_init: At 3FFAE6E0 len 00001920 (6 KiB): DRAM[0m
[0;32mI (492) heap_init: At 3FFB7830 len 000287D0 (161 KiB): DRAM[0m
[0;32mI (498) heap_init: At 3FFE0440 len 00003AE0 (14 KiB): D/IRAM[0m
[0;32mI (504) heap_init: At 3FFE4350 len 0001BCB0 (111 KiB): D/IRAM[0m
[0;32mI (511) heap_init: At 40095B44 len 0000A4BC (41 KiB): IRAM[0m
[0;32mI (519) spi_flash: detected chip: generic[0m
[0;32mI (522) spi_flash: flash io: dio[0m
[0;33mW (525) spi_flash: Detected size(4096k) larger than the size in the binary image header(2048k). Using the size in the binary image header.[0m
[0;32mI (540) app_start: Starting scheduler on CPU0[0m
[0;32mI (544) app_start: Starting scheduler on CPU1[0m
[0;32mI (544) main_task: Started on CPU0[0m
[0;32mI (554) main_task: Calling app_main()[0m

assert failed: tcpip_send_msg_wait_sem /IDF/components/lwip/lwip/src/api/tcpip.c:449 (Invalid mbox)


Backtrace: 0x4008185e:0x3ffb98b0 0x40088ffd:0x3ffb98d0 0x400900f1:0x3ffb98f0 0x400ddb53:0x3ffb9a10 0x400ed419:0x3ffb9a40 0x400ed4a1:0x3ffb9a60 0x400dd3bd:0x3ffb9ab0 0x400d6915:0x3ffb9ad0 0x400d68ca:0x3ffb9af0 0x4014f77b:0x3ffb9b30 0x4008ba4d:0x3ffb9b60




ELF file SHA256: de5fbe805c5c2a60

Rebooting...
ets Jun  8 2016 00:22:57

rst:0xc (SW_CPU_RESET),boot:0x13 (SPI_FAST_FLASH_BOOT)
configsip: 0, SPIWP:0xee
clk_drv:0x00,q_drv:0x00,d_drv:0x00,cs0_drv:0x00,hd_drv:0x00,wp_drv:0x00
mode:DIO, clock div:2
load:0x3fff0030,len:7136
load:0x40078000,len:15780
ho 0 tail 12 room 4
load:0x40080400,len:4
load:0x40080404,len:3884
entry 0x40080650
[0;32mI (31) boot: ESP-IDF v5.2-dev-2383-g82cceabc6e 2nd stage bootloader[0m
[0;32mI (31) boot: compile time Oct  1 2023 17:59:54[0m
[0;32mI (33) boot: Multicore bootloader[0m
[0;32mI (37) boot: chip revision: v1.0[0m
[0;32mI (41) boot.esp32: SPI Speed      : 40MHz[0m
[0;32mI (45) boot.esp32: SPI Mode       : DIO[0m
[0;32mI (50) boot.esp32: SPI Flash Size : 2MB[0m
[0;32mI (54) boot: Enabling RNG early entropy source...[0m
[0;32mI (60) boot: Partition Table:[0m
[0;32mI (63) boot: ## Label            Usage          Type ST Offset   Length[0m
[0;32mI (71) boot:  0 nvs              WiFi data        01 02 00009000 00006000[0m
[0;32mI (78) boot:  1 phy_init         RF data          01 01 0000f000 00001000[0m
[0;32mI (86) boot:  2 factory          factory app      00 00 00010000 00100000[0m
[0;32mI (93) boot: End of partition table[0m
[0;32mI (97) esp_image: segment 0: paddr=00010020 vaddr=3f400020 size=21154h (135508) map[0m
[0;32mI (155) esp_image: segment 1: paddr=0003117c vaddr=3ffb0000 size=0378ch ( 14220) load[0m
[0;32mI (161) esp_image: segment 2: paddr=00034910 vaddr=40080000 size=0b708h ( 46856) load[0m
[0;32mI (180) esp_image: segment 3: paddr=00040020 vaddr=400d0020 size=81848h (530504) map[0m
[0;32mI (372) esp_image: segment 4: paddr=000c1870 vaddr=4008b708 size=0a43ch ( 42044) load[0m
[0;32mI (401) boot: Loaded app from partition at offset 0x10000[0m
[0;32mI (401) boot: Disabling RNG early entropy source...[0m
[0;32mI (412) cpu_start: Multicore app[0m
[0;32mI (413) cpu_start: Pro cpu up.[0m
[0;32mI (413) cpu_start: Starting app cpu, entry point is 0x400811f4[0m
[0;32mI (400) cpu_start: App cpu up.[0m
[0;32mI (431) cpu_start: Pro cpu start user code[0m
[0;32mI (431) cpu_start: cpu freq: 160000000 Hz[0m
[0;32mI (431) cpu_start: Application information:[0m
[0;32mI (435) cpu_start: Project name:     main[0m
[0;32mI (440) cpu_start: App version:      25d4482-dirty[0m
[0;32mI (446) cpu_start: Compile time:     Oct  2 2023 16:08:35[0m
[0;32mI (452) cpu_start: ELF file SHA256:  de5fbe805c5c2a60...[0m
[0;32mI (458) cpu_start: ESP-IDF:          v5.2-dev-2383-g82cceabc6e[0m
[0;32mI (464) cpu_start: Min chip rev:     v0.0[0m
[0;32mI (469) cpu_start: Max chip rev:     v3.99 [0m
[0;32mI (474) cpu_start: Chip rev:         v1.0[0m
[0;32mI (479) heap_init: Initializing. RAM available for dynamic allocation:[0m
[0;32mI (486) heap_init: At 3FFAE6E0 len 00001920 (6 KiB): DRAM[0m
[0;32mI (492) heap_init: At 3FFB7830 len 000287D0 (161 KiB): DRAM[0m
[0;32mI (498) heap_init: At 3FFE0440 len 00003AE0 (14 KiB): D/IRAM[0m
[0;32mI (504) heap_init: At 3FFE4350 len 0001BCB0 (111 KiB): D/IRAM[0m
[0;32mI (511) heap_init: At 40095B44 len 0000A4BC (41 KiB): IRAM[0m
[0;32mI (519) spi_flash: detected chip: generic[0m
[0;32mI (522) spi_flash: flash io: dio[0m
[0;33mW (525) spi_flash: Detected size(4096k) larger than the size in the binary image header(2048k). Using the size in the binary image header.[0m
[0;32mI (540) app_start: Starting scheduler on CPU0[0m
[0;32mI (544) app_start: Starting scheduler on CPU1[0m
[0;32mI (544) main_task: Started on CPU0[0m
[0;32mI (554) main_task: Calling app_main()[0m

assert failed: tcpip_send_msg_wait_sem /IDF/components/lwip/lwip/src/api/tcpip.c:449 (Invalid mbox)


Backtrace: 0x4008185e:0x3ffb98b0 0x40088ffd:0x3ffb98d0 0x400900f1:0x3ffb98f0 0x400ddb53:0x3ffb9a10 0x400ed419:0x3ffb9a40 0x400ed4a1:0x3ffb9a60 0x400dd3bd:0x3ffb9ab0 0x400d6915:0x3ffb9ad0 0x400d68ca:0x3ffb9af0 0x4014f77b:0x3ffb9b30 0x4008ba4d:0x3ffb9b60




ELF file SHA256: de5fbe805c5c2a60

Rebooting...
ets Jun  8 2016 00:22:57

rst:0xc (SW_CPU_RESET),boot:0x13 (SPI_FAST_FLASH_BOOT)
configsip: 0, SPIWP:0xee
clk_drv:0x00,q_drv:0x00,d_drv:0x00,cs0_drv:0x00,hd_drv:0x00,wp_drv:0x00
mode:DIO, clock div:2
load:0x3fff0030,len:7136
load:0x40078000,len:15780
ho 0 tail 12 room 4
load:0x40080400,len:4
load:0x40080404,len:3884
entry 0x40080650
[0;32mI (31) boot: ESP-IDF v5.2-dev-2383-g82cceabc6e 2nd stage bootloader[0m
[0;32mI (31) boot: compile time Oct  1 2023 17:59:54[0m
[0;32mI (33) boot: Multicore bootloader[0m
[0;32mI (37) boot: chip revision: v1.0[0m
[0;32mI (41) boot.esp32: SPI Speed      : 40MHz[0m
[0;32mI (45) boot.esp32: SPI Mode       : DIO[0m
[0;32mI (50) boot.esp32: SPI Flash Size : 2MB[0m
[0;32mI (54) boot: Enabling RNG early entropy source...[0m
[0;32mI (60) boot: Partition Table:[0m
[0;32mI (63) boot: ## Label            Usage          Type ST Offset   Length[0m
[0;32mI (71) boot:  0 nvs              WiFi data        01 02 00009000 00006000[0m
[0;32mI (78) boot:  1 phy_init         RF data          01 01 0000f000 00001000[0m
[0;32mI (86) boot:  2 factory          factory app      00 00 00010000 00100000[0m
[0;32mI (93) boot: End of partition table[0m
[0;32mI (97) esp_image: segment 0: paddr=00010020 vaddr=3f400020 size=21154h (135508) map[0m
[0;32mI (155) esp_image: segment 1: paddr=0003117c vaddr=3ffb0000 size=0378ch ( 14220) load[0m
[0;32mI (161) esp_image: segment 2: paddr=00034910 vaddr=40080000 size=0b708h ( 46856) load[0m
[0;32mI (180) esp_image: segment 3: paddr=00040020 vaddr=400d0020 size=81848h (530504) map[0m
[0;32mI (372) esp_image: segment 4: paddr=000c1870 vaddr=4008b708 size=0a43ch ( 42044) load[0m
[0;32mI (401) boot: Loaded app from partition at offset 0x10000[0m
[0;32mI (401) boot: Disabling RNG early entropy source...[0m
[0;32mI (412) cpu_start: Multicore app[0m
[0;32mI (413) cpu_start: Pro cpu up.[0m
[0;32mI (413) cpu_start: Starting app cpu, entry point is 0x400811f4[0m
[0;32mI (400) cpu_start: App cpu up.[0m
[0;32mI (431) cpu_start: Pro cpu start user code[0m
[0;32mI (431) cpu_start: cpu freq: 160000000 Hz[0m
[0;32mI (431) cpu_start: Application information:[0m
[0;32mI (435) cpu_start: Project name:     main[0m
[0;32mI (440) cpu_start: App version:      25d4482-dirty[0m
[0;32mI (446) cpu_start: Compile time:     Oct  2 2023 16:08:35[0m
[0;32mI (452) cpu_start: ELF file SHA256:  de5fbe805c5c2a60...[0m
[0;32mI (458) cpu_start: ESP-IDF:          v5.2-dev-2383-g82cceabc6e[0m
[0;32mI (464) cpu_start: Min chip rev:     v0.0[0m
[0;32mI (469) cpu_start: Max chip rev:     v3.99 [0m
[0;32mI (474) cpu_start: Chip rev:         v1.0[0m
[0;32mI (479) heap_init: Initializing. RAM available for dynamic allocation:[0m
[0;32mI (486) heap_init: At 3FFAE6E0 len 00001920 (6 KiB): DRAM[0m
[0;32mI (492) heap_init: At 3FFB7830 len 000287D0 (161 KiB): DRAM[0m
[0;32mI (498) heap_init: At 3FFE0440 len 00003AE0 (14 KiB): D/IRAM[0m
[0;32mI (504) heap_init: At 3FFE4350 len 0001BCB0 (111 KiB): D/IRAM[0m
[0;32mI (511) heap_init: At 40095B44 len 0000A4BC (41 KiB): IRAM[0m
[0;32mI (519) spi_flash: detected chip: generic[0m
[0;32mI (522) spi_flash: flash io: dio[0m
[0;33mW (525) spi_flash: Detected size(4096k) larger than the size in the binary image header(2048k). Using the size in the binary image header.[0m
[0;32mI (540) app_start: Starting scheduler on CPU0[0m
[0;32mI (544) app_start: Starting scheduler on CPU1[0m
[0;32mI (544) main_task: Started on CPU0[0m
[0;32mI (554) main_task: Calling app_main()[0m

assert failed: tcpip_send_msg_wait_sem /IDF/components/lwip/lwip/src/api/tcpip.c:449 (Invalid mbox)


Backtrace: 0x4008185e:0x3ffb98b0 0x40088ffd:0x3ffb98d0 0x400900f1:0x3ffb98f0 0x400ddb53:0x3ffb9a10 0x400ed419:0x3ffb9a40 0x400ed4a1:0x3ffb9a60 0x400dd3bd:0x3ffb9ab0 0x400d6915:0x3ffb9ad0 0x400d68ca:0x3ffb9af0 0x4014f77b:0x3ffb9b30 0x4008ba4d:0x3ffb9b60




ELF file SHA256: de5fbe805c5c2a60

Rebooting...
ets Jun  8 2016 00:22:57

rst:0xc (SW_CPU_RESET),boot:0x13 (SPI_FAST_FLASH_BOOT)
configsip: 0, SPIWP:0xee
clk_drv:0x00,q_drv:0x00,d_drv:0x00,cs0_drv:0x00,hd_drv:0x00,wp_drv:0x00
mode:DIO, clock div:2
load:0x3fff0030,len:7136
load:0x40078000,len:15780
ho 0 tail 12 room 4
load:0x40080400,len:4
load:0x40080404,len:3884
entry 0x40080650
[0;32mI (31) boot: ESP-IDF v5.2-dev-2383-g82cceabc6e 2nd stage bootloader[0m
[0;32mI (31) boot: compile time Oct  1 2023 17:59:54[0m
[0;32mI (33) boot: Multicore bootloader[0m
[0;32mI (37) boot: chip revision: v1.0[0m
[0;32mI (41) boot.esp32: SPI Speed      : 40MHz[0m
[0;32mI (45) boot.esp32: SPI Mode       : DIO[0m
[0;32mI (50) boot.esp32: SPI Flash Size : 2MB[0m
[0;32mI (54) boot: Enabling RNG early entropy source...[0m
[0;32mI (60) boot: Partition Table:[0m
[0;32mI (63) boot: ## Label            Usage          Type ST Offset   Length[0m
[0;32mI (71) boot:  0 nvs              WiFi data        01 02 00009000 00006000[0m
[0;32mI (78) boot:  1 phy_init         RF data          01 01 0000f000 00001000[0m
[0;32mI (86) boot:  2 factory          factory app      00 00 00010000 00100000[0m
[0;32mI (93) boot: End of partition table[0m
[0;32mI (97) esp_image: segment 0: paddr=00010020 vaddr=3f400020 size=21154h (135508) map[0m
[0;32mI (155) esp_image: segment 1: paddr=0003117c vaddr=3ffb0000 size=0378ch ( 14220) load[0m
[0;32mI (161) esp_image: segment 2: paddr=00034910 vaddr=40080000 size=0b708h ( 46856) load[0m
[0;32mI (180) esp_image: segment 3: paddr=00040020 vaddr=400d0020 size=81848h (530504) map[0m
[0;32mI (372) esp_image: segment 4: paddr=000c1870 vaddr=4008b708 size=0a43ch ( 42044) load[0m
[0;32mI (401) boot: Loaded app from partition at offset 0x10000[0m
[0;32mI (401) boot: Disabling RNG early entropy source...[0m
[0;32mI (412) cpu_start: Multicore app[0m
[0;32mI (413) cpu_start: Pro cpu up.[0m
[0;32mI (413) cpu_start: Starting app cpu, entry point is 0x400811f4[0m
[0;32mI (400) cpu_start: App cpu up.[0m
[0;32mI (431) cpu_start: Pro cpu start user code[0m
[0;32mI (431) cpu_start: cpu freq: 160000000 Hz[0m
[0;32mI (431) cpu_start: Application information:[0m
[0;32mI (435) cpu_start: Project name:     main[0m
[0;32mI (440) cpu_start: App version:      25d4482-dirty[0m
[0;32mI (446) cpu_start: Compile time:     Oct  2 2023 16:08:35[0m
[0;32mI (452) cpu_start: ELF file SHA256:  de5fbe805c5c2a60...[0m
[0;32mI (458) cpu_start: ESP-IDF:          v5.2-dev-2383-g82cceabc6e[0m
[0;32mI (464) cpu_start: Min chip rev:     v0.0[0m
[0;32mI (469) cpu_start: Max chip rev:     v3.99 [0m
[0;32mI (474) cpu_start: Chip rev:         v1.0[0m
[0;32mI (479) heap_init: Initializing. RAM available for dynamic allocation:[0m
[0;32mI (486) heap_init: At 3FFAE6E0 len 00001920 (6 KiB): DRAM[0m
[0;32mI (492) heap_init: At 3FFB7830 len 000287D0 (161 KiB): DRAM[0m
[0;32mI (498) heap_init: At 3FFE0440 len 00003AE0 (14 KiB): D/IRAM[0m
[0;32mI (504) heap_init: At 3FFE4350 len 0001BCB0 (111 KiB): D/IRAM[0m
[0;32mI (511) heap_init: At 40095B44 len 0000A4BC (41 KiB): IRAM[0m
[0;32mI (519) spi_flash: detected chip: generic[0m
[0;32mI (522) spi_flash: flash io: dio[0m
[0;33mW (525) spi_flash: Detected size(4096k) larger than the size in the binary image header(2048k). Using the size in the binary image header.[0m
[0;32mI (540) app_start: Starting scheduler on CPU0[0m
[0;32mI (544) app_start: Starting scheduler on CPU1[0m
[0;32mI (544) main_task: Started on CPU0[0m
[0;32mI (554) main_task: Calling app_main()[0m

assert failed: tcpip_send_msg_wait_sem /IDF/components/lwip/lwip/src/api/tcpip.c:449 (Invalid mbox)


Backtrace: 0x4008185e:0x3ffb98b0 0x40088ffd:0x3ffb98d0 0x400900f1:0x3ffb98f0 0x400ddb53:0x3ffb9a10 0x400ed419:0x3ffb9a40 0x400ed4a1:0x3ffb9a60 0x400dd3bd:0x3ffb9ab0 0x400d6915:0x3ffb9ad0 0x400d68ca:0x3ffb9af0 0x4014f77b:0x3ffb9b30 0x4008ba4d:0x3ffb9b60




ELF file SHA256: de5fbe805c5c2a60

Rebooting...
ets Jun  8 2016 00:22:57

rst:0xc (SW_CPU_RESET),boot:0x13 (SPI_FAST_FLASH_BOOT)
configsip: 0, SPIWP:0xee
clk_drv:0x00,q_drv:0x00,d_drv:0x00,cs0_drv:0x00,hd_drv:0x00,wp_drv:0x00
mode:DIO, clock div:2
load:0x3fff0030,len:7136
load:0x40078000,len:15780
ho 0 tail 12 room 4
load:0x40080400,len:4
load:0x40080404,len:3884
entry 0x40080650
[0;32mI (31) boot: ESP-IDF v5.2-dev-2383-g82cceabc6e 2nd stage bootloader[0m
[0;32mI (31) boot: compile time Oct  1 2023 17:59:54[0m
[0;32mI (33) boot: Multicore bootloader[0m
[0;32mI (37) boot: chip revision: v1.0[0m
[0;32mI (41) boot.esp32: SPI Speed      : 40MHz[0m
[0;32mI (45) boot.esp32: SPI Mode       : DIO[0m
[0;32mI (50) boot.esp32: SPI Flash Size : 2MB[0m
[0;32mI (54) boot: Enabling RNG early entropy source...[0m
[0;32mI (60) boot: Partition Table:[0m
[0;32mI (63) boot: ## Label            Usage          Type ST Offset   Length[0m
[0;32mI (71) boot:  0 nvs              WiFi data        01 02 00009000 00006000[0m
[0;32mI (78) boot:  1 phy_init         RF data          01 01 0000f000 00001000[0m
[0;32mI (86) boot:  2 factory          factory app      00 00 00010000 00100000[0m
[0;32mI (93) boot: End of partition table[0m
[0;32mI (97) esp_image: segment 0: paddr=00010020 vaddr=3f400020 size=21154h (135508) map[0m
[0;32mI (155) esp_image: segment 1: paddr=0003117c vaddr=3ffb0000 size=0378ch ( 14220) load[0m
[0;32mI (161) esp_image: segment 2: paddr=00034910 vaddr=40080000 size=0b708h ( 46856) load[0m
[0;32mI (180) esp_image: segment 3: paddr=00040020 vaddr=400d0020 size=81848h (530504) map[0m
[0;32mI (372) esp_image: segment 4: paddr=000c1870 vaddr=4008b708 size=0a43ch ( 42044) load[0m
[0;32mI (401) boot: Loaded app from partition at offset 0x10000[0m
[0;32mI (401) boot: Disabling RNG early entropy source...[0m
[0;32mI (412) cpu_start: Multicore app[0m
[0;32mI (413) cpu_start: Pro cpu up.[0m
[0;32mI (413) cpu_start: Starting app cpu, entry point is 0x400811f4[0m
[0;32mI (400) cpu_start: App cpu up.[0m
[0;32mI (431) cpu_start: Pro cpu start user code[0m
[0;32mI (431) cpu_start: cpu freq: 160000000 Hz[0m
[0;32mI (431) cpu_start: Application information:[0m
[0;32mI (435) cpu_start: Project name:     main[0m
[0;32mI (440) cpu_start: App version:      25d4482-dirty[0m
[0;32mI (446) cpu_start: Compile time:     Oct  2 2023 16:08:35[0m
[0;32mI (452) cpu_start: ELF file SHA256:  de5fbe805c5c2a60...[0m
[0;32mI (458) cpu_start: ESP-IDF:          v5.2-dev-2383-g82cceabc6e[0m
[0;32mI (464) cpu_start: Min chip rev:     v0.0[0m
[0;32mI (469) cpu_start: Max chip rev:     v3.99 [0m
[0;32mI (474) cpu_start: Chip rev:         v1.0[0m
[0;32mI (479) heap_init: Initializing. RAM available for dynamic allocation:[0m
[0;32mI (486) heap_init: At 3FFAE6E0 len 00001920 (6 KiB): DRAM[0m
[0;32mI (492) heap_init: At 3FFB7830 len 000287D0 (161 KiB): DRAM[0m
[0;32mI (498) heap_init: At 3FFE0440 len 00003AE0 (14 KiB): D/IRAM[0m
[0;32mI (504) heap_init: At 3FFE4350 len 0001BCB0 (111 KiB): D/IRAM[0m
[0;32mI (511) heap_init: At 40095B44 len 0000A4BC (41 KiB): IRAM[0m
[0;32mI (519) spi_flash: detected chip: generic[0m
[0;32mI (522) spi_flash: flash io: dio[0m
[0;33mW (525) spi_flash: Detected size(4096k) larger than the size in the binary image header(2048k). Using the size in the binary image header.[0m
[0;32mI (540) app_start: Starting scheduler on CPU0[0m
[0;32mI (544) app_start: Starting scheduler on CPU1[0m
[0;32mI (544) main_task: Started on CPU0[0m
[0;32mI (554) main_task: Calling app_main()[0m

assert failed: tcpip_send_msg_wait_sem /IDF/components/lwip/lwip/src/api/tcpip.c:449 (Invalid mbox)


Backtrace: 0x4008185e:0x3ffb98b0 0x40088ffd:0x3ffb98d0 0x400900f1:0x3ffb98f0 0x400ddb53:0x3ffb9a10 0x400ed419:0x3ffb9a40 0x400ed4a1:0x3ffb9a60 0x400dd3bd:0x3ffb9ab0 0x400d6915:0x3ffb9ad0 0x400d68ca:0x3ffb9af0 0x4014f77b:0x3ffb9b30 0x4008ba4d:0x3ffb9b60




ELF file SHA256: de5fbe805c5c2a60

Rebooting...
ets Jun  8 2016 00:22:57

rst:0xc (SW_CPU_RESET),boot:0x13 (SPI_FAST_FLASH_BOOT)
configsip: 0, SPIWP:0xee
clk_drv:0x00,q_drv:0x00,d_drv:0x00,cs0_drv:0x00,hd_drv:0x00,wp_drv:0x00
mode:DIO, clock div:2
load:0x3fff0030,len:7136
load:0x40078000,len:15780
ho 0 tail 12 room 4
load:0x40080400,len:4
load:0x40080404,len:3884
entry 0x40080650
[0;32mI (31) boot: ESP-IDF v5.2-dev-2383-g82cceabc6e 2nd stage bootloader[0m
[0;32mI (31) boot: compile time Oct  1 2023 17:59:54[0m
[0;32mI (33) boot: Multicore bootloader[0m
[0;32mI (37) boot: chip revision: v1.0[0m
[0;32mI (41) boot.esp32: SPI Speed      : 40MHz[0m
[0;32mI (45) boot.esp32: SPI Mode       : DIO[0m
[0;32mI (50) boot.esp32: SPI Flash Size : 2MB[0m
[0;32mI (54) boot: Enabling RNG early entropy source...[0m
[0;32mI (60) boot: Partition Table:[0m
[0;32mI (63) boot: ## Label            Usage          Type ST Offset   Length[0m
[0;32mI (71) boot:  0 nvs              WiFi data        01 02 00009000 00006000[0m
[0;32mI (78) boot:  1 phy_init         RF data          01 01 0000f000 00001000[0m
[0;32mI (86) boot:  2 factory          factory app      00 00 00010000 00100000[0m
[0;32mI (93) boot: End of partition table[0m
[0;32mI (97) esp_image: segment 0: paddr=00010020 vaddr=3f400020 size=21154h (135508) map[0m
[0;32mI (155) esp_image: segment 1: paddr=0003117c vaddr=3ffb0000 size=0378ch ( 14220) load[0m
[0;32mI (161) esp_image: segment 2: paddr=00034910 vaddr=40080000 size=0b708h ( 46856) load[0m
[0;32mI (180) esp_image: segment 3: paddr=00040020 vaddr=400d0020 size=81848h (530504) map[0m
[0;32mI (372) esp_image: segment 4: paddr=000c1870 vaddr=4008b708 size=0a43ch ( 42044) load[0m
[0;32mI (401) boot: Loaded app from partition at offset 0x10000[0m
[0;32mI (401) boot: Disabling RNG early entropy source...[0m
[0;32mI (412) cpu_start: Multicore app[0m
[0;32mI (413) cpu_start: Pro cpu up.[0m
[0;32mI (413) cpu_start: Starting app cpu, entry point is 0x400811f4[0m
[0;32mI (400) cpu_start: App cpu up.[0m
[0;32mI (431) cpu_start: Pro cpu start user code[0m
[0;32mI (431) cpu_start: cpu freq: 160000000 Hz[0m
[0;32mI (431) cpu_start: Application information:[0m
[0;32mI (435) cpu_start: Project name:     main[0m
[0;32mI (440) cpu_start: App version:      25d4482-dirty[0m
[0;32mI (446) cpu_start: Compile time:     Oct  2 2023 16:08:35[0m
[0;32mI (452) cpu_start: ELF file SHA256:  de5fbe805c5c2a60...[0m
[0;32mI (458) cpu_start: ESP-IDF:          v5.2-dev-2383-g82cceabc6e[0m
[0;32mI (464) cpu_start: Min chip rev:     v0.0[0m
[0;32mI (469) cpu_start: Max chip rev:     v3.99 [0m
[0;32mI (474) cpu_start: Chip rev:         v1.0[0m
[0;32mI (479) heap_init: Initializing. RAM available for dynamic allocation:[0m
[0;32mI (486) heap_init: At 3FFAE6E0 len 00001920 (6 KiB): DRAM[0m
[0;32mI (492) heap_init: At 3FFB7830 len 000287D0 (161 KiB): DRAM[0m
[0;32mI (498) heap_init: At 3FFE0440 len 00003AE0 (14 KiB): D/IRAM[0m
[0;32mI (504) heap_init: At 3FFE4350 len 0001BCB0 (111 KiB): D/IRAM[0m
[0;32mI (511) heap_init: At 40095B44 len 0000A4BC (41 KiB): IRAM[0m
[0;32mI (519) spi_flash: detected chip: generic[0m
[0;32mI (522) spi_flash: flash io: dio[0m
[0;33mW (525) spi_flash: Detected size(4096k) larger than the size in the binary image header(2048k). Using the size in the binary image header.[0m
[0;32mI (540) app_start: Starting scheduler on CPU0[0m
[0;32mI (544) app_start: Starting scheduler on CPU1[0m
[0;32mI (544) main_task: Started on CPU0[0m
[0;32mI (554) main_task: Calling app_main()[0m

assert failed: tcpip_send_msg_wait_sem /IDF/components/lwip/lwip/src/api/tcpip.c:449 (Invalid mbox)


Backtrace: 0x4008185e:0x3ffb98b0 0x40088ffd:0x3ffb98d0 0x400900f1:0x3ffb98f0 0x400ddb53:0x3ffb9a10 0x400ed419:0x3ffb9a40 0x400ed4a1:0x3ffb9a60 0x400dd3bd:0x3ffb9ab0 0x400d6915:0x3ffb9ad0 0x400d68ca:0x3ffb9af0 0x4014f77b:0x3ffb9b30 0x4008ba4d:0x3ffb9b60




ELF file SHA256: de5fbe805c5c2a60

Rebooting...
ets Jun  8 2016 00:22:57

rst:0xc (SW_CPU_RESET),boot:0x13 (SPI_FAST_FLASH_BOOT)
configsip: 0, SPIWP:0xee
clk_drv:0x00,q_drv:0x00,d_drv:0x00,cs0_drv:0x00,hd_drv:0x00,wp_drv:0x00
mode:DIO, clock div:2
load:0x3fff0030,len:7136
load:0x40078000,len:15780
ho 0 tail 12 room 4
load:0x40080400,len:4
load:0x40080404,len:3884
entry 0x40080650
[0;32mI (31) boot: ESP-IDF v5.2-dev-2383-g82cceabc6e 2nd stage bootloader[0m
[0;32mI (31) boot: compile time Oct  1 2023 17:59:54[0m
[0;32mI (33) boot: Multicore bootloader[0m
[0;32mI (37) boot: chip revision: v1.0[0m
[0;32mI (41) boot.esp32: SPI Speed      : 40MHz[0m
[0;32mI (45) boot.esp32: SPI Mode       : DIO[0m
[0;32mI (50) boot.esp32: SPI Flash Size : 2MB[0m
[0;32mI (54) boot: Enabling RNG early entropy source...[0m
[0;32mI (60) boot: Partition Table:[0m
[0;32mI (63) boot: ## Label            Usage          Type ST Offset   Length[0m
[0;32mI (71) boot:  0 nvs              WiFi data        01 02 00009000 00006000[0m
[0;32mI (78) boot:  1 phy_init         RF data          01 01 0000f000 00001000[0m
[0;32mI (86) boot:  2 factory          factory app      00 00 00010000 00100000[0m
[0;32mI (93) boot: End of partition table[0m
[0;32mI (97) esp_image: segment 0: paddr=00010020 vaddr=3f400020 size=21154h (135508) map[0m
[0;32mI (155) esp_image: segment 1: paddr=0003117c vaddr=3ffb0000 size=0378ch ( 14220) load[0m
[0;32mI (161) esp_image: segment 2: paddr=00034910 vaddr=40080000 size=0b708h ( 46856) load[0m
[0;32mI (180) esp_image: segment 3: paddr=00040020 vaddr=400d0020 size=81848h (530504) map[0m
[0;32mI (372) esp_image: segment 4: paddr=000c1870 vaddr=4008b708 size=0a43ch ( 42044) load[0m
[0;32mI (401) boot: Loaded app from partition at offset 0x10000[0m
[0;32mI (401) boot: Disabling RNG early entropy source...[0m
[0;32mI (412) cpu_start: Multicore app[0m
[0;32mI (413) cpu_start: Pro cpu up.[0m
[0;32mI (413) cpu_start: Starting app cpu, entry point is 0x400811f4[0m
[0;32mI (400) cpu_start: App cpu up.[0m
[0;32mI (431) cpu_start: Pro cpu start user code[0m
[0;32mI (431) cpu_start: cpu freq: 160000000 Hz[0m
[0;32mI (431) cpu_start: Application information:[0m
[0;32mI (435) cpu_start: Project name:     main[0m
[0;32mI (440) cpu_start: App version:      25d4482-dirty[0m
[0;32mI (446) cpu_start: Compile time:     Oct  2 2023 16:08:35[0m
[0;32mI (452) cpu_start: ELF file SHA256:  de5fbe805c5c2a60...[0m
[0;32mI (458) cpu_start: ESP-IDF:          v5.2-dev-2383-g82cceabc6e[0m
[0;32mI (464) cpu_start: Min chip rev:     v0.0[0m
[0;32mI (469) cpu_start: Max chip rev:     v3.99 [0m
[0;32mI (474) cpu_start: Chip rev:         v1.0[0m
[0;32mI (479) heap_init: Initializing. RAM available for dynamic allocation:[0m
[0;32mI (486) heap_init: At 3FFAE6E0 len 00001920 (6 KiB): DRAM[0m
[0;32mI (492) heap_init: At 3FFB7830 len 000287D0 (161 KiB): DRAM[0m
[0;32mI (498) heap_init: At 3FFE0440 len 00003AE0 (14 KiB): D/IRAM[0m
[0;32mI (504) heap_init: At 3FFE4350 len 0001BCB0 (111 KiB): D/IRAM[0m
[0;32mI (511) heap_init: At 40095B44 len 0000A4BC (41 KiB): IRAM[0m
[0;32mI (519) spi_flash: detected chip: generic[0m
[0;32mI (522) spi_flash: flash io: dio[0m
[0;33mW (525) spi_flash: Detected size(4096k) larger than the size in the binary image header(2048k). Using the size in the binary image header.[0m
[0;32mI (540) app_start: Starting scheduler on CPU0[0m
[0;32mI (544) app_start: Starting scheduler on CPU1[0m
[0;32mI (544) main_task: Started on CPU0[0m
[0;32mI (554) main_task: Calling app_main()[0m

assert failed: tcpip_send_msg_wait_sem /IDF/components/lwip/lwip/src/api/tcpip.c:449 (Invalid mbox)


Backtrace: 0x4008185e:0x3ffb98b0 0x40088ffd:0x3ffb98d0 0x400900f1:0x3ffb98f0 0x400ddb53:0x3ffb9a10 0x400ed419:0x3ffb9a40 0x400ed4a1:0x3ffb9a60 0x400dd3bd:0x3ffb9ab0 0x400d6915:0x3ffb9ad0 0x400d68ca:0x3ffb9af0 0x4014f77b:0x3ffb9b30 0x4008ba4d:0x3ffb9b60




ELF file SHA256: de5fbe805c5c2a60

Rebooting...
ets Jun  8 2016 00:22:57

rst:0xc (SW_CPU_RESET),boot:0x13 (SPI_FAST_FLASH_BOOT)
configsip: 0, SPIWP:0xee
clk_drv:0x00,q_drv:0x00,d_drv:0x00,cs0_drv:0x00,hd_drv:0x00,wp_drv:0x00
mode:DIO, clock div:2
load:0x3fff0030,len:7136
load:0x40078000,len:15780
ho 0 tail 12 room 4
load:0x40080400,len:4
load:0x40080404,len:3884
entry 0x40080650
[0;32mI (31) boot: ESP-IDF v5.2-dev-2383-g82cceabc6e 2nd stage bootloader[0m
[0;32mI (31) boot: compile time Oct  1 2023 17:59:54[0m
[0;32mI (33) boot: Multicore bootloader[0m
[0;32mI (37) boot: chip revision: v1.0[0m
[0;32mI (41) boot.esp32: SPI Speed      : 40MHz[0m
[0;32mI (45) boot.esp32: SPI Mode       : DIO[0m
[0;32mI (50) boot.esp32: SPI Flash Size : 2MB[0m
[0;32mI (54) boot: Enabling RNG early entropy source...[0m
[0;32mI (60) boot: Partition Table:[0m
[0;32mI (63) boot: ## Label            Usage          Type ST Offset   Length[0m
[0;32mI (71) boot:  0 nvs              WiFi data        01 02 00009000 00006000[0m
[0;32mI (78) boot:  1 phy_init         RF data          01 01 0000f000 00001000[0m
[0;32mI (86) boot:  2 factory          factory app      00 00 00010000 00100000[0m
[0;32mI (93) boot: End of partition table[0m
[0;32mI (97) esp_image: segment 0: paddr=00010020 vaddr=3f400020 size=21154h (135508) map[0m
[0;32mI (155) esp_image: segment 1: paddr=0003117c vaddr=3ffb0000 size=0378ch ( 14220) load[0m
[0;32mI (161) esp_image: segment 2: paddr=00034910 vaddr=40080000 size=0b708h ( 46856) load[0m
[0;32mI (180) esp_image: segment 3: paddr=00040020 vaddr=400d0020 size=81848h (530504) map[0m
[0;32mI (372) esp_image: segment 4: paddr=000c1870 vaddr=4008b708 size=0a43ch ( 42044) load[0m
[0;32mI (401) boot: Loaded app from partition at offset 0x10000[0m
[0;32mI (401) boot: Disabling RNG early entropy source...[0m
[0;32mI (412) cpu_start: Multicore app[0m
[0;32mI (413) cpu_start: Pro cpu up.[0m
[0;32mI (413) cpu_start: Starting app cpu, entry point is 0x400811f4[0m
[0;32mI (400) cpu_start: App cpu up.[0m
[0;32mI (431) cpu_start: Pro cpu start user code[0m
[0;32mI (431) cpu_start: cpu freq: 160000000 Hz[0m
[0;32mI (431) cpu_start: Application information:[0m
[0;32mI (435) cpu_start: Project name:     main[0m
[0;32mI (440) cpu_start: App version:      25d4482-dirty[0m
[0;32mI (446) cpu_start: Compile time:     Oct  2 2023 16:08:35[0m
[0;32mI (452) cpu_start: ELF file SHA256:  de5fbe805c5c2a60...[0m
[0;32mI (458) cpu_start: ESP-IDF:          v5.2-dev-2383-g82cceabc6e[0m
[0;32mI (464) cpu_start: Min chip rev:     v0.0[0m
[0;32mI (469) cpu_start: Max chip rev:     v3.99 [0m
[0;32mI (474) cpu_start: Chip rev:         v1.0[0m
[0;32mI (479) heap_init: Initializing. RAM available for dynamic allocation:[0m
[0;32mI (486) heap_init: At 3FFAE6E0 len 00001920 (6 KiB): DRAM[0m
[0;32mI (492) heap_init: At 3FFB7830 len 000287D0 (161 KiB): DRAM[0m
[0;32mI (498) heap_init: At 3FFE0440 len 00003AE0 (14 KiB): D/IRAM[0m
[0;32mI (504) heap_init: At 3FFE4350 len 0001BCB0 (111 KiB): D/IRAM[0m
[0;32mI (511) heap_init: At 40095B44 len 0000A4BC (41 KiB): IRAM[0m
[0;32mI (519) spi_flash: detected chip: generic[0m
[0;32mI (522) spi_flash: flash io: dio[0m
[0;33mW (525) spi_flash: Detected size(4096k) larger than the size in the binary image header(2048k). Using the size in the binary image header.[0m
[0;32mI (540) app_start: Starting scheduler on CPU0[0m
[0;32mI (544) app_start: Starting scheduler on CPU1[0m
[0;32mI (544) main_task: Started on CPU0[0m
[0;32mI (554) main_task: Calling app_main()[0m

assert failed: tcpip_send_msg_wait_sem /IDF/components/lwip/lwip/src/api/tcpip.c:449 (Invalid mbox)


Backtrace: 0x4008185e:0x3ffb98b0 0x40088ffd:0x3ffb98d0 0x400900f1:0x3ffb98f0 0x400ddb53:0x3ffb9a10 0x400ed419:0x3ffb9a40 0x400ed4a1:0x3ffb9a60 0x400dd3bd:0x3ffb9ab0 0x400d6915:0x3ffb9ad0 0x400d68ca:0x3ffb9af0 0x4014f77b:0x3ffb9b30 0x4008ba4d:0x3ffb9b60




ELF file SHA256: de5fbe805c5c2a60

Rebooting...
ets Jun  8 2016 00:22:57

rst:0xc (SW_CPU_RESET),boot:0x13 (SPI_FAST_FLASH_BOOT)
configsip: 0, SPIWP:0xee
clk_drv:0x00,q_drv:0x00,d_drv:0x00,cs0_drv:0x00,hd_drv:0x00,wp_drv:0x00
mode:DIO, clock div:2
load:0x3fff0030,len:7136
load:0x40078000,len:15780
ho 0 tail 12 room 4
load:0x40080400,len:4
load:0x40080404,len:3884
entry 0x40080650
[0;32mI (31) boot: ESP-IDF v5.2-dev-2383-g82cceabc6e 2nd stage bootloader[0m
[0;32mI (31) boot: compile time Oct  1 2023 17:59:54[0m
[0;32mI (33) boot: Multicore bootloader[0m
[0;32mI (37) boot: chip revision: v1.0[0m
[0;32mI (41) boot.esp32: SPI Speed      : 40MHz[0m
[0;32mI (45) boot.esp32: SPI Mode       : DIO[0m
[0;32mI (50) boot.esp32: SPI Flash Size : 2MB[0m
[0;32mI (54) boot: Enabling RNG early entropy source...[0m
[0;32mI (60) boot: Partition Table:[0m
[0;32mI (63) boot: ## Label            Usage          Type ST Offset   Length[0m
[0;32mI (71) boot:  0 nvs              WiFi data        01 02 00009000 00006000[0m
[0;32mI (78) boot:  1 phy_init         RF data          01 01 0000f000 00001000[0m
[0;32mI (86) boot:  2 factory          factory app      00 00 00010000 00100000[0m
[0;32mI (93) boot: End of partition table[0m
[0;32mI (97) esp_image: segment 0: paddr=00010020 vaddr=3f400020 size=21154h (135508) map[0m
[0;32mI (155) esp_image: segment 1: paddr=0003117c vaddr=3ffb0000 size=0378ch ( 14220) load[0m
[0;32mI (161) esp_image: segment 2: paddr=00034910 vaddr=40080000 size=0b708h ( 46856) load[0m
[0;32mI (180) esp_image: segment 3: paddr=00040020 vaddr=400d0020 size=81848h (530504) map[0m
[0;32mI (372) esp_image: segment 4: paddr=000c1870 vaddr=4008b708 size=0a43ch ( 42044) load[0m
[0;32mI (401) boot: Loaded app from partition at offset 0x10000[0m
[0;32mI (401) boot: Disabling RNG early entropy source...[0m
[0;32mI (412) cpu_start: Multicore app[0m
[0;32mI (413) cpu_start: Pro cpu up.[0m
[0;32mI (413) cpu_start: Starting app cpu, entry point is 0x400811f4[0m
[0;32mI (400) cpu_start: App cpu up.[0m
[0;32mI (431) cpu_start: Pro cpu start user code[0m
[0;32mI (431) cpu_start: cpu freq: 160000000 Hz[0m
[0;32mI (431) cpu_start: Application information:[0m
[0;32mI (435) cpu_start: Project name:     main[0m
[0;32mI (440) cpu_start: App version:      25d4482-dirty[0m
[0;32mI (446) cpu_start: Compile time:     Oct  2 2023 16:08:35[0m
[0;32mI (452) cpu_start: ELF file SHA256:  de5fbe805c5c2a60...[0m
[0;32mI (458) cpu_start: ESP-IDF:          v5.2-dev-2383-g82cceabc6e[0m
[0;32mI (464) cpu_start: Min chip rev:     v0.0[0m
[0;32mI (469) cpu_start: Max chip rev:     v3.99 [0m
[0;32mI (474) cpu_start: Chip rev:         v1.0[0m
[0;32mI (479) heap_init: Initializing. RAM available for dynamic allocation:[0m
[0;32mI (486) heap_init: At 3FFAE6E0 len 00001920 (6 KiB): DRAM[0m
[0;32mI (492) heap_init: At 3FFB7830 len 000287D0 (161 KiB): DRAM[0m
[0;32mI (498) heap_init: At 3FFE0440 len 00003AE0 (14 KiB): D/IRAM[0m
[0;32mI (504) heap_init: At 3FFE4350 len 0001BCB0 (111 KiB): D/IRAM[0m
[0;32mI (511) heap_init: At 40095B44 len 0000A4BC (41 KiB): IRAM[0m
[0;32mI (519) spi_flash: detected chip: generic[0m
[0;32mI (522) spi_flash: flash io: dio[0m
[0;33mW (525) spi_flash: Detected size(4096k) larger than the size in the binary image header(2048k). Using the size in the binary image header.[0m
[0;32mI (540) app_start: Starting scheduler on CPU0[0m
[0;32mI (544) app_start: Starting scheduler on CPU1[0m
[0;32mI (544) main_task: Started on CPU0[0m
[0;32mI (554) main_task: Calling app_main()[0m

assert failed: tcpip_send_msg_wait_sem /IDF/components/lwip/lwip/src/api/tcpip.c:449 (Invalid mbox)


Backtrace: 0x4008185e:0x3ffb98b0 0x40088ffd:0x3ffb98d0 0x400900f1:0x3ffb98f0 0x400ddb53:0x3ffb9a10 0x400ed419:0x3ffb9a40 0x400ed4a1:0x3ffb9a60 0x400dd3bd:0x3ffb9ab0 0x400d6915:0x3ffb9ad0 0x400d68ca:0x3ffb9af0 0x4014f77b:0x3ffb9b30 0x4008ba4d:0x3ffb9b60




ELF file SHA256: de5fbe805c5c2a60

Rebooting...
ets Jun  8 2016 00:22:57

rst:0xc (SW_CPU_RESET),boot:0x13 (SPI_FAST_FLASH_BOOT)
configsip: 0, SPIWP:0xee
clk_drv:0x00,q_drv:0x00,d_drv:0x00,cs0_drv:0x00,hd_drv:0x00,wp_drv:0x00
mode:DIO, clock div:2
load:0x3fff0030,len:7136
load:0x40078000,len:15780
ho 0 tail 12 room 4
load:0x40080400,len:4
load:0x40080404,len:3884
entry 0x40080650
[0;32mI (31) boot: ESP-IDF v5.2-dev-2383-g82cceabc6e 2nd stage bootloader[0m
[0;32mI (31) boot: compile time Oct  1 2023 17:59:54[0m
[0;32mI (33) boot: Multicore bootloader[0m
[0;32mI (37) boot: chip revision: v1.0[0m
[0;32mI (41) boot.esp32: SPI Speed      : 40MHz[0m
[0;32mI (45) boot.esp32: SPI Mode       : DIO[0m
[0;32mI (50) boot.esp32: SPI Flash Size : 2MB[0m
[0;32mI (54) boot: Enabling RNG early entropy source...[0m
[0;32mI (60) boot: Partition Table:[0m
[0;32mI (63) boot: ## Label            Usage          Type ST Offset   Length[0m
[0;32mI (71) boot:  0 nvs              WiFi data        01 02 00009000 00006000[0m
[0;32mI (78) boot:  1 phy_init         RF data          01 01 0000f000 00001000[0m
[0;32mI (86) boot:  2 factory          factory app      00 00 00010000 00100000[0m
[0;32mI (93) boot: End of partition table[0m
[0;32mI (97) esp_image: segment 0: paddr=00010020 vaddr=3f400020 size=21154h (135508) map[0m
[0;32mI (155) esp_image: segment 1: paddr=0003117c vaddr=3ffb0000 size=0378ch ( 14220) load[0m
[0;32mI (161) esp_image: segment 2: paddr=00034910 vaddr=40080000 size=0b708h ( 46856) load[0m
[0;32mI (180) esp_image: segment 3: paddr=00040020 vaddr=400d0020 size=81848h (530504) map[0m
[0;32mI (372) esp_image: segment 4: paddr=000c1870 vaddr=4008b708 size=0a43ch ( 42044) load[0m
[0;32mI (401) boot: Loaded app from partition at offset 0x10000[0m
[0;32mI (401) boot: Disabling RNG early entropy source...[0m
[0;32mI (412) cpu_start: Multicore app[0m
[0;32mI (413) cpu_start: Pro cpu up.[0m
[0;32mI (413) cpu_start: Starting app cpu, entry point is 0x400811f4[0m
[0;32mI (400) cpu_start: App cpu up.[0m
[0;32mI (431) cpu_start: Pro cpu start user code[0m
[0;32mI (431) cpu_start: cpu freq: 160000000 Hz[0m
[0;32mI (431) cpu_start: Application information:[0m
[0;32mI (435) cpu_start: Project name:     main[0m
[0;32mI (440) cpu_start: App version:      25d4482-dirty[0m
[0;32mI (446) cpu_start: Compile time:     Oct  2 2023 16:08:35[0m
[0;32mI (452) cpu_start: ELF file SHA256:  de5fbe805c5c2a60...[0m
[0;32mI (458) cpu_start: ESP-IDF:          v5.2-dev-2383-g82cceabc6e[0m
[0;32mI (464) cpu_start: Min chip rev:     v0.0[0m
[0;32mI (469) cpu_start: Max chip rev:     v3.99 [0m
[0;32mI (474) cpu_start: Chip rev:         v1.0[0m
[0;32mI (479) heap_init: Initializing. RAM available for dynamic allocation:[0m
[0;32mI (486) heap_init: At 3FFAE6E0 len 00001920 (6 KiB): DRAM[0m
[0;32mI (492) heap_init: At 3FFB7830 len 000287D0 (161 KiB): DRAM[0m
[0;32mI (498) heap_init: At 3FFE0440 len 00003AE0 (14 KiB): D/IRAM[0m
[0;32mI (504) heap_init: At 3FFE4350 len 0001BCB0 (111 KiB): D/IRAM[0m
[0;32mI (511) heap_init: At 40095B44 len 0000A4BC (41 KiB): IRAM[0m
[0;32mI (519) spi_flash: detected chip: generic[0m
[0;32mI (522) spi_flash: flash io: dio[0m
[0;33mW (525) spi_flash: Detected size(4096k) larger than the size in the binary image header(2048k). Using the size in the binary image header.[0m
[0;32mI (540) app_start: Starting scheduler on CPU0[0m
[0;32mI (544) app_start: Starting scheduler on CPU1[0m
[0;32mI (544) main_task: Started on CPU0[0m
[0;32mI (554) main_task: Calling app_main()[0m

assert failed: tcpip_send_msg_wait_sem /IDF/components/lwip/lwip/src/api/tcpip.c:449 (Invalid mbox)


Backtrace: 0x4008185e:0x3ffb98b0 0x40088ffd:0x3ffb98d0 0x400900f1:0x3ffb98f0 0x400ddb53:0x3ffb9a10 0x400ed419:0x3ffb9a40 0x400ed4a1:0x3ffb9a60 0x400dd3bd:0x3ffb9ab0 0x400d6915:0x3ffb9ad0 0x400d68ca:0x3ffb9af0 0x4014f77b:0x3ffb9b30 0x4008ba4d:0x3ffb9b60




ELF file SHA256: de5fbe805c5c2a60

Rebooting...
ets Jun  8 2016 00:22:57

rst:0xc (SW_CPU_RESET),boot:0x13 (SPI_FAST_FLASH_BOOT)
configsip: 0, SPIWP:0xee
clk_drv:0x00,q_drv:0x00,d_drv:0x00,cs0_drv:0x00,hd_drv:0x00,wp_drv:0x00
mode:DIO, clock div:2
load:0x3fff0030,len:7136
load:0x40078000,len:15780
ho 0 tail 12 room 4
load:0x40080400,len:4
load:0x40080404,len:3884
entry 0x40080650
[0;32mI (31) boot: ESP-IDF v5.2-dev-2383-g82cceabc6e 2nd stage bootloader[0m
[0;32mI (31) boot: compile time Oct  1 2023 17:59:54[0m
[0;32mI (33) boot: Multicore bootloader[0m
[0;32mI (37) boot: chip revision: v1.0[0m
[0;32mI (41) boot.esp32: SPI Speed      : 40MHz[0m
[0;32mI (45) boot.esp32: SPI Mode       : DIO[0m
[0;32mI (50) boot.esp32: SPI Flash Size : 2MB[0m
[0;32mI (54) boot: Enabling RNG early entropy source...[0m
[0;32mI (60) boot: Partition Table:[0m
[0;32mI (63) boot: ## Label            Usage          Type ST Offset   Length[0m
[0;32mI (71) boot:  0 nvs              WiFi data        01 02 00009000 00006000[0m
[0;32mI (78) boot:  1 phy_init         RF data          01 01 0000f000 00001000[0m
[0;32mI (86) boot:  2 factory          factory app      00 00 00010000 00100000[0m
[0;32mI (93) boot: End of partition table[0m
[0;32mI (97) esp_image: segment 0: paddr=00010020 vaddr=3f400020 size=21154h (135508) map[0m
[0;32mI (155) esp_image: segment 1: paddr=0003117c vaddr=3ffb0000 size=0378ch ( 14220) load[0m
[0;32mI (161) esp_image: segment 2: paddr=00034910 vaddr=40080000 size=0b708h ( 46856) load[0m
[0;32mI (180) esp_image: segment 3: paddr=00040020 vaddr=400d0020 size=81848h (530504) map[0m
[0;32mI (372) esp_image: segment 4: paddr=000c1870 vaddr=4008b708 size=0a43ch ( 42044) load[0m
[0;32mI (401) boot: Loaded app from partition at offset 0x10000[0m
[0;32mI (401) boot: Disabling RNG early entropy source...[0m
[0;32mI (412) cpu_start: Multicore app[0m
[0;32mI (413) cpu_start: Pro cpu up.[0m
[0;32mI (413) cpu_start: Starting app cpu, entry point is 0x400811f4[0m
[0;32mI (400) cpu_start: App cpu up.[0m
[0;32mI (431) cpu_start: Pro cpu start user code[0m
[0;32mI (431) cpu_start: cpu freq: 160000000 Hz[0m
[0;32mI (431) cpu_start: Application information:[0m
[0;32mI (435) cpu_start: Project name:     main[0m
[0;32mI (440) cpu_start: App version:      25d4482-dirty[0m
[0;32mI (446) cpu_start: Compile time:     Oct  2 2023 16:08:35[0m
[0;32mI (452) cpu_start: ELF file SHA256:  de5fbe805c5c2a60...[0m
[0;32mI (458) cpu_start: ESP-IDF:          v5.2-dev-2383-g82cceabc6e[0m
[0;32mI (464) cpu_start: Min chip rev:     v0.0[0m
[0;32mI (469) cpu_start: Max chip rev:     v3.99 [0m
[0;32mI (474) cpu_start: Chip rev:         v1.0[0m
[0;32mI (479) heap_init: Initializing. RAM available for dynamic allocation:[0m
[0;32mI (486) heap_init: At 3FFAE6E0 len 00001920 (6 KiB): DRAM[0m
[0;32mI (492) heap_init: At 3FFB7830 len 000287D0 (161 KiB): DRAM[0m
[0;32mI (498) heap_init: At 3FFE0440 len 00003AE0 (14 KiB): D/IRAM[0m
[0;32mI (504) heap_init: At 3FFE4350 len 0001BCB0 (111 KiB): D/IRAM[0m
[0;32mI (511) heap_init: At 40095B44 len 0000A4BC (41 KiB): IRAM[0m
[0;32mI (519) spi_flash: detected chip: generic[0m
[0;32mI (522) spi_flash: flash io: dio[0m
[0;33mW (525) spi_flash: Detected size(4096k) larger than the size in the binary image header(2048k). Using the size in the binary image header.[0m
[0;32mI (540) app_start: Starting scheduler on CPU0[0m
[0;32mI (544) app_start: Starting scheduler on CPU1[0m
[0;32mI (544) main_task: Started on CPU0[0m
[0;32mI (554) main_task: Calling app_main()[0m

assert failed: tcpip_send_msg_wait_sem /IDF/components/lwip/lwip/src/api/tcpip.c:449 (Invalid mbox)


Backtrace: 0x4008185e:0x3ffb98b0 0x40088ffd:0x3ffb98d0 0x400900f1:0x3ffb98f0 0x400ddb53:0x3ffb9a10 0x400ed419:0x3ffb9a40 0x400ed4a1:0x3ffb9a60 0x400dd3bd:0x3ffb9ab0 0x400d6915:0x3ffb9ad0 0x400d68ca:0x3ffb9af0 0x4014f77b:0x3ffb9b30 0x4008ba4d:0x3ffb9b60




ELF file SHA256: de5fbe805c5c2a60

Rebooting...
ets Jun  8 2016 00:22:57

rst:0xc (SW_CPU_RESET),boot:0x13 (SPI_FAST_FLASH_BOOT)
configsip: 0, SPIWP:0xee
clk_drv:0x00,q_drv:0x00,d_drv:0x00,cs0_drv:0x00,hd_drv:0x00,wp_drv:0x00
mode:DIO, clock div:2
load:0x3fff0030,len:7136
load:0x40078000,len:15780
ho 0 tail 12 room 4
load:0x40080400,len:4
load:0x40080404,len:3884
entry 0x40080650
[0;32mI (31) boot: ESP-IDF v5.2-dev-2383-g82cceabc6e 2nd stage bootloader[0m
[0;32mI (31) boot: compile time Oct  1 2023 17:59:54[0m
[0;32mI (33) boot: Multicore bootloader[0m
[0;32mI (37) boot: chip revision: v1.0[0m
[0;32mI (41) boot.esp32: SPI Speed      : 40MHz[0m
[0;32mI (45) boot.esp32: SPI Mode       : DIO[0m
[0;32mI (50) boot.esp32: SPI Flash Size : 2MB[0m
[0;32mI (54) boot: Enabling RNG early entropy source...[0m
[0;32mI (60) boot: Partition Table:[0m
[0;32mI (63) boot: ## Label            Usage          Type ST Offset   Length[0m
[0;32mI (71) boot:  0 nvs              WiFi data        01 02 00009000 00006000[0m
[0;32mI (78) boot:  1 phy_init         RF data          01 01 0000f000 00001000[0m
[0;32mI (86) boot:  2 factory          factory app      00 00 00010000 00100000[0m
[0;32mI (93) boot: End of partition table[0m
[0;32mI (97) esp_image: segment 0: paddr=00010020 vaddr=3f400020 size=21154h (135508) map[0m
[0;32mI (155) esp_image: segment 1: paddr=0003117c vaddr=3ffb0000 size=0378ch ( 14220) load[0m
[0;32mI (161) esp_image: segment 2: paddr=00034910 vaddr=40080000 size=0b708h ( 46856) load[0m
[0;32mI (180) esp_image: segment 3: paddr=00040020 vaddr=400d0020 size=81848h (530504) map[0m
[0;32mI (372) esp_image: segment 4: paddr=000c1870 vaddr=4008b708 size=0a43ch ( 42044) load[0m
[0;32mI (401) boot: Loaded app from partition at offset 0x10000[0m
[0;32mI (401) boot: Disabling RNG early entropy source...[0m
[0;32mI (412) cpu_start: Multicore app[0m
[0;32mI (413) cpu_start: Pro cpu up.[0m
[0;32mI (413) cpu_start: Starting app cpu, entry point is 0x400811f4[0m
[0;32mI (400) cpu_start: App cpu up.[0m
[0;32mI (431) cpu_start: Pro cpu start user code[0m
[0;32mI (431) cpu_start: cpu freq: 160000000 Hz[0m
[0;32mI (431) cpu_start: Application information:[0m
[0;32mI (435) cpu_start: Project name:     main[0m
[0;32mI (440) cpu_start: App version:      25d4482-dirty[0m
[0;32mI (446) cpu_start: Compile time:     Oct  2 2023 16:08:35[0m
[0;32mI (452) cpu_start: ELF file SHA256:  de5fbe805c5c2a60...[0m
[0;32mI (458) cpu_start: ESP-IDF:          v5.2-dev-2383-g82cceabc6e[0m
[0;32mI (464) cpu_start: Min chip rev:     v0.0[0m
[0;32mI (469) cpu_start: Max chip rev:     v3.99 [0m
[0;32mI (474) cpu_start: Chip rev:         v1.0[0m
[0;32mI (479) heap_init: Initializing. RAM available for dynamic allocation:[0m
[0;32mI (486) heap_init: At 3FFAE6E0 len 00001920 (6 KiB): DRAM[0m
[0;32mI (492) heap_init: At 3FFB7830 len 000287D0 (161 KiB): DRAM[0m
[0;32mI (498) heap_init: At 3FFE0440 len 00003AE0 (14 KiB): D/IRAM[0m
[0;32mI (504) heap_init: At 3FFE4350 len 0001BCB0 (111 KiB): D/IRAM[0m
[0;32mI (511) heap_init: At 40095B44 len 0000A4BC (41 KiB): IRAM[0m
[0;32mI (519) spi_flash: detected chip: generic[0m
[0;32mI (522) spi_flash: flash io: dio[0m
[0;33mW (525) spi_flash: Detected size(4096k) larger than the size in the binary image header(2048k). Using the size in the binary image header.[0m
[0;32mI (540) app_start: Starting scheduler on CPU0[0m
[0;32mI (544) app_start: Starting scheduler on CPU1[0m
[0;32mI (544) main_task: Started on CPU0[0m
[0;32mI (554) main_task: Calling app_main()[0m

assert failed: tcpip_send_msg_wait_sem /IDF/components/lwip/lwip/src/api/tcpip.c:449 (Invalid mbox)


Backtrace: 0x4008185e:0x3ffb98b0 0x40088ffd:0x3ffb98d0 0x400900f1:0x3ffb98f0 0x400ddb53:0x3ffb9a10 0x400ed419:0x3ffb9a40 0x400ed4a1:0x3ffb9a60 0x400dd3bd:0x3ffb9ab0 0x400d6915:0x3ffb9ad0 0x400d68ca:0x3ffb9af0 0x4014f77b:0x3ffb9b30 0x4008ba4d:0x3ffb9b60




ELF file SHA256: de5fbe805c5c2a60

Rebooting...
ets Jun  8 2016 00:22:57

rst:0xc (SW_CPU_RESET),boot:0x13 (SPI_FAST_FLASH_BOOT)
configsip: 0, SPIWP:0xee
clk_drv:0x00,q_drv:0x00,d_drv:0x00,cs0_drv:0x00,hd_drv:0x00,wp_drv:0x00
mode:DIO, clock div:2
load:0x3fff0030,len:7136
load:0x40078000,len:15780
ho 0 tail 12 room 4
load:0x40080400,len:4
load:0x40080404,len:3884
entry 0x40080650
[0;32mI (31) boot: ESP-IDF v5.2-dev-2383-g82cceabc6e 2nd stage bootloader[0m
[0;32mI (31) boot: compile time Oct  1 2023 17:59:54[0m
[0;32mI (33) boot: Multicore bootloader[0m
[0;32mI (37) boot: chip revision: v1.0[0m
[0;32mI (41) boot.esp32: SPI Speed      : 40MHz[0m
[0;32mI (45) boot.esp32: SPI Mode       : DIO[0m
[0;32mI (50) boot.esp32: SPI Flash Size : 2MB[0m
[0;32mI (54) boot: Enabling RNG early entropy source...[0m
[0;32mI (60) boot: Partition Table:[0m
[0;32mI (63) boot: ## Label            Usage          Type ST Offset   Length[0m
[0;32mI (71) boot:  0 nvs              WiFi data        01 02 00009000 00006000[0m
[0;32mI (78) boot:  1 phy_init         RF data          01 01 0000f000 00001000[0m
[0;32mI (86) boot:  2 factory          factory app      00 00 00010000 00100000[0m
[0;32mI (93) boot: End of partition table[0m
[0;32mI (97) esp_image: segment 0: paddr=00010020 vaddr=3f400020 size=21154h (135508) map[0m
[0;32mI (155) esp_image: segment 1: paddr=0003117c vaddr=3ffb0000 size=0378ch ( 14220) load[0m
[0;32mI (161) esp_image: segment 2: paddr=00034910 vaddr=40080000 size=0b708h ( 46856) load[0m
[0;32mI (180) esp_image: segment 3: paddr=00040020 vaddr=400d0020 size=81848h (530504) map[0m
[0;32mI (372) esp_image: segment 4: paddr=000c1870 vaddr=4008b708 size=0a43ch ( 42044) load[0m
[0;32mI (401) boot: Loaded app from partition at offset 0x10000[0m
[0;32mI (401) boot: Disabling RNG early entropy source...[0m
[0;32mI (412) cpu_start: Multicore app[0m
[0;32mI (413) cpu_start: Pro cpu up.[0m
[0;32mI (413) cpu_start: Starting app cpu, entry point is 0x400811f4[0m
[0;32mI (400) cpu_start: App cpu up.[0m
[0;32mI (431) cpu_start: Pro cpu start user code[0m
[0;32mI (431) cpu_start: cpu freq: 160000000 Hz[0m
[0;32mI (431) cpu_start: Application information:[0m
[0;32mI (435) cpu_start: Project name:     main[0m
[0;32mI (440) cpu_start: App version:      25d4482-dirty[0m
[0;32mI (446) cpu_start: Compile time:     Oct  2 2023 16:08:35[0m
[0;32mI (452) cpu_start: ELF file SHA256:  de5fbe805c5c2a60...[0m
[0;32mI (458) cpu_start: ESP-IDF:          v5.2-dev-2383-g82cceabc6e[0m
[0;32mI (464) cpu_start: Min chip rev:     v0.0[0m
[0;32mI (469) cpu_start: Max chip rev:     v3.99 [0m
[0;32mI (474) cpu_start: Chip rev:         v1.0[0m
[0;32mI (479) heap_init: Initializing. RAM available for dynamic allocation:[0m
[0;32mI (486) heap_init: At 3FFAE6E0 len 00001920 (6 KiB): DRAM[0m
[0;32mI (492) heap_init: At 3FFB7830 len 000287D0 (161 KiB): DRAM[0m
[0;32mI (498) heap_init: At 3FFE0440 len 00003AE0 (14 KiB): D/IRAM[0m
[0;32mI (504) heap_init: At 3FFE4350 len 0001BCB0 (111 KiB): D/IRAM[0m
[0;32mI (511) heap_init: At 40095B44 len 0000A4BC (41 KiB): IRAM[0m
[0;32mI (519) spi_flash: detected chip: generic[0m
[0;32mI (522) spi_flash: flash io: dio[0m
[0;33mW (525) spi_flash: Detected size(4096k) larger than the size in the binary image header(2048k). Using the size in the binary image header.[0m
[0;32mI (540) app_start: Starting scheduler on CPU0[0m
[0;32mI (544) app_start: Starting scheduler on CPU1[0m
[0;32mI (544) main_task: Started on CPU0[0m
[0;32mI (554) main_task: Calling app_main()[0m

assert failed: tcpip_send_msg_wait_sem /IDF/components/lwip/lwip/src/api/tcpip.c:449 (Invalid mbox)


Backtrace: 0x4008185e:0x3ffb98b0 0x40088ffd:0x3ffb98d0 0x400900f1:0x3ffb98f0 0x400ddb53:0x3ffb9a10 0x400ed419:0x3ffb9a40 0x400ed4a1:0x3ffb9a60 0x400dd3bd:0x3ffb9ab0 0x400d6915:0x3ffb9ad0 0x400d68ca:0x3ffb9af0 0x4014f77b:0x3ffb9b30 0x4008ba4d:0x3ffb9b60




ELF file SHA256: de5fbe805c5c2a60

Rebooting...
ets Jun  8 2016 00:22:57

rst:0xc (SW_CPU_RESET),boot:0x13 (SPI_FAST_FLASH_BOOT)
configsip: 0, SPIWP:0xee
clk_drv:0x00,q_drv:0x00,d_drv:0x00,cs0_drv:0x00,hd_drv:0x00,wp_drv:0x00
mode:DIO, clock div:2
load:0x3fff0030,len:7136
load:0x40078000,len:15780
ho 0 tail 12 room 4
load:0x40080400,len:4
load:0x40080404,len:3884
entry 0x40080650
[0;32mI (31) boot: ESP-IDF v5.2-dev-2383-g82cceabc6e 2nd stage bootloader[0m
[0;32mI (31) boot: compile time Oct  1 2023 17:59:54[0m
[0;32mI (33) boot: Multicore bootloader[0m
[0;32mI (37) boot: chip revision: v1.0[0m
[0;32mI (41) boot.esp32: SPI Speed      : 40MHz[0m
[0;32mI (45) boot.esp32: SPI Mode       : DIO[0m
[0;32mI (50) boot.esp32: SPI Flash Size : 2MB[0m
[0;32mI (54) boot: Enabling RNG early entropy source...[0m
[0;32mI (60) boot: Partition Table:[0m
[0;32mI (63) boot: ## Label            Usage          Type ST Offset   Length[0m
[0;32mI (71) boot:  0 nvs              WiFi data        01 02 00009000 00006000[0m
[0;32mI (78) boot:  1 phy_init         RF data          01 01 0000f000 00001000[0m
[0;32mI (86) boot:  2 factory          factory app      00 00 00010000 00100000[0m
[0;32mI (93) boot: End of partition table[0m
[0;32mI (97) esp_image: segment 0: paddr=00010020 vaddr=3f400020 size=21154h (135508) map[0m
[0;32mI (155) esp_image: segment 1: paddr=0003117c vaddr=3ffb0000 size=0378ch ( 14220) load[0m
[0;32mI (161) esp_image: segment 2: paddr=00034910 vaddr=40080000 size=0b708h ( 46856) load[0m
[0;32mI (180) esp_image: segment 3: paddr=00040020 vaddr=400d0020 size=81848h (530504) map[0m
[0;32mI (372) esp_image: segment 4: paddr=000c1870 vaddr=4008b708 size=0a43ch ( 42044) load[0m
[0;32mI (401) boot: Loaded app from partition at offset 0x10000[0m
[0;32mI (401) boot: Disabling RNG early entropy source...[0m
[0;32mI (412) cpu_start: Multicore app[0m
[0;32mI (413) cpu_start: Pro cpu up.[0m
[0;32mI (413) cpu_start: Starting app cpu, entry point is 0x400811f4[0m
[0;32mI (400) cpu_start: App cpu up.[0m
[0;32mI (431) cpu_start: Pro cpu start user code[0m
[0;32mI (431) cpu_start: cpu freq: 160000000 Hz[0m
[0;32mI (431) cpu_start: Application information:[0m
[0;32mI (435) cpu_start: Project name:     main[0m
[0;32mI (440) cpu_start: App version:      25d4482-dirty[0m
[0;32mI (446) cpu_start: Compile time:     Oct  2 2023 16:08:35[0m
[0;32mI (452) cpu_start: ELF file SHA256:  de5fbe805c5c2a60...[0m
[0;32mI (458) cpu_start: ESP-IDF:          v5.2-dev-2383-g82cceabc6e[0m
[0;32mI (464) cpu_start: Min chip rev:     v0.0[0m
[0;32mI (469) cpu_start: Max chip rev:     v3.99 [0m
[0;32mI (474) cpu_start: Chip rev:         v1.0[0m
[0;32mI (479) heap_init: Initializing. RAM available for dynamic allocation:[0m
[0;32mI (486) heap_init: At 3FFAE6E0 len 00001920 (6 KiB): DRAM[0m
[0;32mI (492) heap_init: At 3FFB7830 len 000287D0 (161 KiB): DRAM[0m
[0;32mI (498) heap_init: At 3FFE0440 len 00003AE0 (14 KiB): D/IRAM[0m
[0;32mI (504) heap_init: At 3FFE4350 len 0001BCB0 (111 KiB): D/IRAM[0m
[0;32mI (511) heap_init: At 40095B44 len 0000A4BC (41 KiB): IRAM[0m
[0;32mI (519) spi_flash: detected chip: generic[0m
[0;32mI (522) spi_flash: flash io: dio[0m
[0;33mW (525) spi_flash: Detected size(4096k) larger than the size in the binary image header(2048k). Using the size in the binary image header.[0m
[0;32mI (540) app_start: Starting scheduler on CPU0[0m
[0;32mI (544) app_start: Starting scheduler on CPU1[0m
[0;32mI (544) main_task: Started on CPU0[0m
[0;32mI (554) main_task: Calling app_main()[0m

assert failed: tcpip_send_msg_wait_sem /IDF/components/lwip/lwip/src/api/tcpip.c:449 (Invalid mbox)


Backtrace: 0x4008185e:0x3ffb98b0 0x40088ffd:0x3ffb98d0 0x400900f1:0x3ffb98f0 0x400ddb53:0x3ffb9a10 0x400ed419:0x3ffb9a40 0x400ed4a1:0x3ffb9a60 0x400dd3bd:0x3ffb9ab0 0x400d6915:0x3ffb9ad0 0x400d68ca:0x3ffb9af0 0x4014f77b:0x3ffb9b30 0x4008ba4d:0x3ffb9b60




ELF file SHA256: de5fbe805c5c2a60

Rebooting...
ets Jun  8 2016 00:22:57

rst:0xc (SW_CPU_RESET),boot:0x13 (SPI_FAST_FLASH_BOOT)
configsip: 0, SPIWP:0xee
clk_drv:0x00,q_drv:0x00,d_drv:0x00,cs0_drv:0x00,hd_drv:0x00,wp_drv:0x00
mode:DIO, clock div:2
load:0x3fff0030,len:7136
load:0x40078000,len:15780
ho 0 tail 12 room 4
load:0x40080400,len:4
load:0x40080404,len:3884
entry 0x40080650
[0;32mI (31) boot: ESP-IDF v5.2-dev-2383-g82cceabc6e 2nd stage bootloader[0m
[0;32mI (31) boot: compile time Oct  1 2023 17:59:54[0m
[0;32mI (33) boot: Multicore bootloader[0m
[0;32mI (37) boot: chip revision: v1.0[0m
[0;32mI (41) boot.esp32: SPI Speed      : 40MHz[0m
[0;32mI (45) boot.esp32: SPI Mode       : DIO[0m
[0;32mI (50) boot.esp32: SPI Flash Size : 2MB[0m
[0;32mI (54) boot: Enabling RNG early entropy source...[0m
[0;32mI (60) boot: Partition Table:[0m
[0;32mI (63) boot: ## Label            Usage          Type ST Offset   Length[0m
[0;32mI (71) boot:  0 nvs              WiFi data        01 02 00009000 00006000[0m
[0;32mI (78) boot:  1 phy_init         RF data          01 01 0000f000 00001000[0m
[0;32mI (86) boot:  2 factory          factory app      00 00 00010000 00100000[0m
[0;32mI (93) boot: End of partition table[0m
[0;32mI (97) esp_image: segment 0: paddr=00010020 vaddr=3f400020 size=21154h (135508) map[0m
[0;32mI (155) esp_image: segment 1: paddr=0003117c vaddr=3ffb0000 size=0378ch ( 14220) load[0m
[0;32mI (161) esp_image: segment 2: paddr=00034910 vaddr=40080000 size=0b708h ( 46856) load[0m
[0;32mI (180) esp_image: segment 3: paddr=00040020 vaddr=400d0020 size=81848h (530504) map[0m
[0;32mI (372) esp_image: segment 4: paddr=000c1870 vaddr=4008b708 size=0a43ch ( 42044) load[0m
[0;32mI (401) boot: Loaded app from partition at offset 0x10000[0m
[0;32mI (401) boot: Disabling RNG early entropy source...[0m
[0;32mI (412) cpu_start: Multicore app[0m
[0;32mI (413) cpu_start: Pro cpu up.[0m
[0;32mI (413) cpu_start: Starting app cpu, entry point is 0x400811f4[0m
[0;32mI (400) cpu_start: App cpu up.[0m
[0;32mI (431) cpu_start: Pro cpu start user code[0m
[0;32mI (431) cpu_start: cpu freq: 160000000 Hz[0m
[0;32mI (431) cpu_start: Application information:[0m
[0;32mI (435) cpu_start: Project name:     main[0m
[0;32mI (440) cpu_start: App version:      25d4482-dirty[0m
[0;32mI (446) cpu_start: Compile time:     Oct  2 2023 16:08:35[0m
[0;32mI (452) cpu_start: ELF file SHA256:  de5fbe805c5c2a60...[0m
[0;32mI (458) cpu_start: ESP-IDF:          v5.2-dev-2383-g82cceabc6e[0m
[0;32mI (464) cpu_start: Min chip rev:     v0.0[0m
[0;32mI (469) cpu_start: Max chip rev:     v3.99 [0m
[0;32mI (474) cpu_start: Chip rev:         v1.0[0m
[0;32mI (479) heap_init: Initializing. RAM available for dynamic allocation:[0m
[0;32mI (486) heap_init: At 3FFAE6E0 len 00001920 (6 KiB): DRAM[0m
[0;32mI (492) heap_init: At 3FFB7830 len 000287D0 (161 KiB): DRAM[0m
[0;32mI (498) heap_init: At 3FFE0440 len 00003AE0 (14 KiB): D/IRAM[0m
[0;32mI (504) heap_init: At 3FFE4350 len 0001BCB0 (111 KiB): D/IRAM[0m
[0;32mI (511) heap_init: At 40095B44 len 0000A4BC (41 KiB): IRAM[0m
[0;32mI (519) spi_flash: detected chip: generic[0m
[0;32mI (522) spi_flash: flash io: dio[0m
[0;33mW (525) spi_flash: Detected size(4096k) larger than the size in the binary image header(2048k). Using the size in the binary image header.[0m
[0;32mI (540) app_start: Starting scheduler on CPU0[0m
[0;32mI (544) app_start: Starting scheduler on CPU1[0m
[0;32mI (544) main_task: Started on CPU0[0m
[0;32mI (554) main_task: Calling app_main()[0m

assert failed: tcpip_send_msg_wait_sem /IDF/components/lwip/lwip/src/api/tcpip.c:449 (Invalid mbox)


Backtrace: 0x4008185e:0x3ffb98b0 0x40088ffd:0x3ffb98d0 0x400900f1:0x3ffb98f0 0x400ddb53:0x3ffb9a10 0x400ed419:0x3ffb9a40 0x400ed4a1:0x3ffb9a60 0x400dd3bd:0x3ffb9ab0 0x400d6915:0x3ffb9ad0 0x400d68ca:0x3ffb9af0 0x4014f77b:0x3ffb9b30 0x4008ba4d:0x3ffb9b60




ELF file SHA256: de5fbe805c5c2a60

Rebooting...
ets Jun  8 2016 00:22:57

rst:0xc (SW_CPU_RESET),boot:0x13 (SPI_FAST_FLASH_BOOT)
configsip: 0, SPIWP:0xee
clk_drv:0x00,q_drv:0x00,d_drv:0x00,cs0_drv:0x00,hd_drv:0x00,wp_drv:0x00
mode:DIO, clock div:2
load:0x3fff0030,len:7136
load:0x40078000,len:15780
ho 0 tail 12 room 4
load:0x40080400,len:4
load:0x40080404,len:3884
entry 0x40080650
[0;32mI (31) boot: ESP-IDF v5.2-dev-2383-g82cceabc6e 2nd stage bootloader[0m
[0;32mI (31) boot: compile time Oct  1 2023 17:59:54[0m
[0;32mI (33) boot: Multicore bootloader[0m
[0;32mI (37) boot: chip revision: v1.0[0m
[0;32mI (41) boot.esp32: SPI Speed      : 40MHz[0m
[0;32mI (45) boot.esp32: SPI Mode       : DIO[0m
[0;32mI (50) boot.esp32: SPI Flash Size : 2MB[0m
[0;32mI (54) boot: Enabling RNG early entropy source...[0m
[0;32mI (60) boot: Partition Table:[0m
[0;32mI (63) boot: ## Label            Usage          Type ST Offset   Length[0m
[0;32mI (71) boot:  0 nvs              WiFi data        01 02 00009000 00006000[0m
[0;32mI (78) boot:  1 phy_init         RF data          01 01 0000f000 00001000[0m
[0;32mI (86) boot:  2 factory          factory app      00 00 00010000 00100000[0m
[0;32mI (93) boot: End of partition table[0m
[0;32mI (97) esp_image: segment 0: paddr=00010020 vaddr=3f400020 size=21154h (135508) map[0m
[0;32mI (155) esp_image: segment 1: paddr=0003117c vaddr=3ffb0000 size=0378ch ( 14220) load[0m
[0;32mI (161) esp_image: segment 2: paddr=00034910 vaddr=40080000 size=0b708h ( 46856) load[0m
[0;32mI (180) esp_image: segment 3: paddr=00040020 vaddr=400d0020 size=81848h (530504) map[0m
[0;32mI (372) esp_image: segment 4: paddr=000c1870 vaddr=4008b708 size=0a43ch ( 42044) load[0m
[0;32mI (401) boot: Loaded app from partition at offset 0x10000[0m
[0;32mI (401) boot: Disabling RNG early entropy source...[0m
[0;32mI (412) cpu_start: Multicore app[0m
[0;32mI (413) cpu_start: Pro cpu up.[0m
[0;32mI (413) cpu_start: Starting app cpu, entry point is 0x400811f4[0m
[0;32mI (400) cpu_start: App cpu up.[0m
[0;32mI (431) cpu_start: Pro cpu start user code[0m
[0;32mI (431) cpu_start: cpu freq: 160000000 Hz[0m
[0;32mI (431) cpu_start: Application information:[0m
[0;32mI (435) cpu_start: Project name:     main[0m
[0;32mI (440) cpu_start: App version:      25d4482-dirty[0m
[0;32mI (446) cpu_start: Compile time:     Oct  2 2023 16:08:35[0m
[0;32mI (452) cpu_start: ELF file SHA256:  de5fbe805c5c2a60...[0m
[0;32mI (458) cpu_start: ESP-IDF:          v5.2-dev-2383-g82cceabc6e[0m
[0;32mI (464) cpu_start: Min chip rev:     v0.0[0m
[0;32mI (469) cpu_start: Max chip rev:     v3.99 [0m
[0;32mI (474) cpu_start: Chip rev:         v1.0[0m
[0;32mI (479) heap_init: Initializing. RAM available for dynamic allocation:[0m
[0;32mI (486) heap_init: At 3FFAE6E0 len 00001920 (6 KiB): DRAM[0m
[0;32mI (492) heap_init: At 3FFB7830 len 000287D0 (161 KiB): DRAM[0m
[0;32mI (498) heap_init: At 3FFE0440 len 00003AE0 (14 KiB): D/IRAM[0m
[0;32mI (504) heap_init: At 3FFE4350 len 0001BCB0 (111 KiB): D/IRAM[0m
[0;32mI (511) heap_init: At 40095B44 len 0000A4BC (41 KiB): IRAM[0m
[0;32mI (519) spi_flash: detected chip: generic[0m
[0;32mI (522) spi_flash: flash io: dio[0m
[0;33mW (525) spi_flash: Detected size(4096k) larger than the size in the binary image header(2048k). Using the size in the binary image header.[0m
[0;32mI (540) app_start: Starting scheduler on CPU0[0m
[0;32mI (544) app_start: Starting scheduler on CPU1[0m
[0;32mI (544) main_task: Started on CPU0[0m
[0;32mI (554) main_task: Calling app_main()[0m

assert failed: tcpip_send_msg_wait_sem /IDF/components/lwip/lwip/src/api/tcpip.c:449 (Invalid mbox)


Backtrace: 0x4008185e:0x3ffb98b0 0x40088ffd:0x3ffb98d0 0x400900f1:0x3ffb98f0 0x400ddb53:0x3ffb9a10 0x400ed419:0x3ffb9a40 0x400ed4a1:0x3ffb9a60 0x400dd3bd:0x3ffb9ab0 0x400d6915:0x3ffb9ad0 0x400d68ca:0x3ffb9af0 0x4014f77b:0x3ffb9b30 0x4008ba4d:0x3ffb9b60




ELF file SHA256: de5fbe805c5c2a60

Rebooting...
ets Jun  8 2016 00:22:57

rst:0xc (SW_CPU_RESET),boot:0x13 (SPI_FAST_FLASH_BOOT)
configsip: 0, SPIWP:0xee
clk_drv:0x00,q_drv:0x00,d_drv:0x00,cs0_drv:0x00,hd_drv:0x00,wp_drv:0x00
mode:DIO, clock div:2
load:0x3fff0030,len:7136
load:0x40078000,len:15780
ho 0 tail 12 room 4
load:0x40080400,len:4
load:0x40080404,len:3884
entry 0x40080650
[0;32mI (31) boot: ESP-IDF v5.2-dev-2383-g82cceabc6e 2nd stage bootloader[0m
[0;32mI (31) boot: compile time Oct  1 2023 17:59:54[0m
[0;32mI (33) boot: Multicore bootloader[0m
[0;32mI (37) boot: chip revision: v1.0[0m
[0;32mI (41) boot.esp32: SPI Speed      : 40MHz[0m
[0;32mI (45) boot.esp32: SPI Mode       : DIO[0m
[0;32mI (50) boot.esp32: SPI Flash Size : 2MB[0m
[0;32mI (54) boot: Enabling RNG early entropy source...[0m
[0;32mI (60) boot: Partition Table:[0m
[0;32mI (63) boot: ## Label            Usage          Type ST Offset   Length[0m
[0;32mI (71) boot:  0 nvs              WiFi data        01 02 00009000 00006000[0m
[0;32mI (78) boot:  1 phy_init         RF data          01 01 0000f000 00001000[0m
[0;32mI (86) boot:  2 factory          factory app      00 00 00010000 00100000[0m
[0;32mI (93) boot: End of partition table[0m
[0;32mI (97) esp_image: segment 0: paddr=00010020 vaddr=3f400020 size=21154h (135508) map[0m
[0;32mI (155) esp_image: segment 1: paddr=0003117c vaddr=3ffb0000 size=0378ch ( 14220) load[0m
[0;32mI (161) esp_image: segment 2: paddr=00034910 vaddr=40080000 size=0b708h ( 46856) load[0m
[0;32mI (180) esp_image: segment 3: paddr=00040020 vaddr=400d0020 size=81848h (530504) map[0m
[0;32mI (372) esp_image: segment 4: paddr=000c1870 vaddr=4008b708 size=0a43ch ( 42044) load[0m
[0;32mI (401) boot: Loaded app from partition at offset 0x10000[0m
[0;32mI (401) boot: Disabling RNG early entropy source...[0m
[0;32mI (412) cpu_start: Multicore app[0m
[0;32mI (413) cpu_start: Pro cpu up.[0m
[0;32mI (413) cpu_start: Starting app cpu, entry point is 0x400811f4[0m
[0;32mI (400) cpu_start: App cpu up.[0m
[0;32mI (431) cpu_start: Pro cpu start user code[0m
[0;32mI (431) cpu_start: cpu freq: 160000000 Hz[0m
[0;32mI (431) cpu_start: Application information:[0m
[0;32mI (435) cpu_start: Project name:     main[0m
[0;32mI (440) cpu_start: App version:      25d4482-dirty[0m
[0;32mI (446) cpu_start: Compile time:     Oct  2 2023 16:08:35[0m
[0;32mI (452) cpu_start: ELF file SHA256:  de5fbe805c5c2a60...[0m
[0;32mI (458) cpu_start: ESP-IDF:          v5.2-dev-2383-g82cceabc6e[0m
[0;32mI (464) cpu_start: Min chip rev:     v0.0[0m
[0;32mI (469) cpu_start: Max chip rev:     v3.99 [0m
[0;32mI (474) cpu_start: Chip rev:         v1.0[0m
[0;32mI (479) heap_init: Initializing. RAM available for dynamic allocation:[0m
[0;32mI (486) heap_init: At 3FFAE6E0 len 00001920 (6 KiB): DRAM[0m
[0;32mI (492) heap_init: At 3FFB7830 len 000287D0 (161 KiB): DRAM[0m
[0;32mI (498) heap_init: At 3FFE0440 len 00003AE0 (14 KiB): D/IRAM[0m
[0;32mI (504) heap_init: At 3FFE4350 len 0001BCB0 (111 KiB): D/IRAM[0m
[0;32mI (511) heap_init: At 40095B44 len 0000A4BC (41 KiB): IRAM[0m
[0;32mI (519) spi_flash: detected chip: generic[0m
[0;32mI (522) spi_flash: flash io: dio[0m
[0;33mW (525) spi_flash: Detected size(4096k) larger than the size in the binary image header(2048k). Using the size in the binary image header.[0m
[0;32mI (540) app_start: Starting scheduler on CPU0[0m
[0;32mI (544) app_start: Starting scheduler on CPU1[0m
[0;32mI (544) main_task: Started on CPU0[0m
[0;32mI (554) main_task: Calling app_main()[0m

assert failed: tcpip_send_msg_wait_sem /IDF/components/lwip/lwip/src/api/tcpip.c:449 (Invalid mbox)


Backtrace: 0x4008185e:0x3ffb98b0 0x40088ffd:0x3ffb98d0 0x400900f1:0x3ffb98f0 0x400ddb53:0x3ffb9a10 0x400ed419:0x3ffb9a40 0x400ed4a1:0x3ffb9a60 0x400dd3bd:0x3ffb9ab0 0x400d6915:0x3ffb9ad0 0x400d68ca:0x3ffb9af0 0x4014f77b:0x3ffb9b30 0x4008ba4d:0x3ffb9b60




ELF file SHA256: de5fbe805c5c2a60

Rebooting...
ets Jun  8 2016 00:22:57

rst:0xc (SW_CPU_RESET),boot:0x13 (SPI_FAST_FLASH_BOOT)
configsip: 0, SPIWP:0xee
clk_drv:0x00,q_drv:0x00,d_drv:0x00,cs0_drv:0x00,hd_drv:0x00,wp_drv:0x00
mode:DIO, clock div:2
load:0x3fff0030,len:7136
load:0x40078000,len:15780
ho 0 tail 12 room 4
load:0x40080400,len:4
load:0x40080404,len:3884
entry 0x40080650
[0;32mI (31) boot: ESP-IDF v5.2-dev-2383-g82cceabc6e 2nd stage bootloader[0m
[0;32mI (31) boot: compile time Oct  1 2023 17:59:54[0m
[0;32mI (33) boot: Multicore bootloader[0m
[0;32mI (37) boot: chip revision: v1.0[0m
[0;32mI (41) boot.esp32: SPI Speed      : 40MHz[0m
[0;32mI (45) boot.esp32: SPI Mode       : DIO[0m
[0;32mI (50) boot.esp32: SPI Flash Size : 2MB[0m
[0;32mI (54) boot: Enabling RNG early entropy source...[0m
[0;32mI (60) boot: Partition Table:[0m
[0;32mI (63) boot: ## Label            Usage          Type ST Offset   Length[0m
[0;32mI (71) boot:  0 nvs              WiFi data        01 02 00009000 00006000[0m
[0;32mI (78) boot:  1 phy_init         RF data          01 01 0000f000 00001000[0m
[0;32mI (86) boot:  2 factory          factory app      00 00 00010000 00100000[0m
[0;32mI (93) boot: End of partition table[0m
[0;32mI (97) esp_image: segment 0: paddr=00010020 vaddr=3f400020 size=21154h (135508) map[0m
[0;32mI (155) esp_image: segment 1: paddr=0003117c vaddr=3ffb0000 size=0378ch ( 14220) load[0m
[0;32mI (161) esp_image: segment 2: paddr=00034910 vaddr=40080000 size=0b708h ( 46856) load[0m
[0;32mI (180) esp_image: segment 3: paddr=00040020 vaddr=400d0020 size=81848h (530504) map[0m
[0;32mI (372) esp_image: segment 4: paddr=000c1870 vaddr=4008b708 size=0a43ch ( 42044) load[0m
[0;32mI (401) boot: Loaded app from partition at offset 0x10000[0m
[0;32mI (401) boot: Disabling RNG early entropy source...[0m
[0;32mI (412) cpu_start: Multicore app[0m
[0;32mI (413) cpu_start: Pro cpu up.[0m
[0;32mI (413) cpu_start: Starting app cpu, entry point is 0x400811f4[0m
[0;32mI (400) cpu_start: App cpu up.[0m
[0;32mI (431) cpu_start: Pro cpu start user code[0m
[0;32mI (431) cpu_start: cpu freq: 160000000 Hz[0m
[0;32mI (431) cpu_start: Application information:[0m
[0;32mI (435) cpu_start: Project name:     main[0m
[0;32mI (440) cpu_start: App version:      25d4482-dirty[0m
[0;32mI (446) cpu_start: Compile time:     Oct  2 2023 16:08:35[0m
[0;32mI (452) cpu_start: ELF file SHA256:  de5fbe805c5c2a60...[0m
[0;32mI (458) cpu_start: ESP-IDF:          v5.2-dev-2383-g82cceabc6e[0m
[0;32mI (464) cpu_start: Min chip rev:     v0.0[0m
[0;32mI (469) cpu_start: Max chip rev:     v3.99 [0m
[0;32mI (474) cpu_start: Chip rev:         v1.0[0m
[0;32mI (479) heap_init: Initializing. RAM available for dynamic allocation:[0m
[0;32mI (486) heap_init: At 3FFAE6E0 len 00001920 (6 KiB): DRAM[0m
[0;32mI (492) heap_init: At 3FFB7830 len 000287D0 (161 KiB): DRAM[0m
[0;32mI (498) heap_init: At 3FFE0440 len 00003AE0 (14 KiB): D/IRAM[0m
[0;32mI (504) heap_init: At 3FFE4350 len 0001BCB0 (111 KiB): D/IRAM[0m
[0;32mI (511) heap_init: At 40095B44 len 0000A4BC (41 KiB): IRAM[0m
[0;32mI (519) spi_flash: detected chip: generic[0m
[0;32mI (522) spi_flash: flash io: dio[0m
[0;33mW (525) spi_flash: Detected size(4096k) larger than the size in the binary image header(2048k). Using the size in the binary image header.[0m
[0;32mI (540) app_start: Starting scheduler on CPU0[0m
[0;32mI (544) app_start: Starting scheduler on CPU1[0m
[0;32mI (544) main_task: Started on CPU0[0m
[0;32mI (554) main_task: Calling app_main()[0m

assert failed: tcpip_send_msg_wait_sem /IDF/components/lwip/lwip/src/api/tcpip.c:449 (Invalid mbox)


Backtrace: 0x4008185e:0x3ffb98b0 0x40088ffd:0x3ffb98d0 0x400900f1:0x3ffb98f0 0x400ddb53:0x3ffb9a10 0x400ed419:0x3ffb9a40 0x400ed4a1:0x3ffb9a60 0x400dd3bd:0x3ffb9ab0 0x400d6915:0x3ffb9ad0 0x400d68ca:0x3ffb9af0 0x4014f77b:0x3ffb9b30 0x4008ba4d:0x3ffb9b60




ELF file SHA256: de5fbe805c5c2a60

Rebooting...
ets Jun  8 2016 00:22:57

rst:0xc (SW_CPU_RESET),boot:0x13 (SPI_FAST_FLASH_BOOT)
configsip: 0, SPIWP:0xee
clk_drv:0x00,q_drv:0x00,d_drv:0x00,cs0_drv:0x00,hd_drv:0x00,wp_drv:0x00
mode:DIO, clock div:2
load:0x3fff0030,len:7136
load:0x40078000,len:15780
ho 0 tail 12 room 4
load:0x40080400,len:4
load:0x40080404,len:3884
entry 0x40080650
[0;32mI (31) boot: ESP-IDF v5.2-dev-2383-g82cceabc6e 2nd stage bootloader[0m
[0;32mI (31) boot: compile time Oct  1 2023 17:59:54[0m
[0;32mI (33) boot: Multicore bootloader[0m
[0;32mI (37) boot: chip revision: v1.0[0m
[0;32mI (41) boot.esp32: SPI Speed      : 40MHz[0m
[0;32mI (45) boot.esp32: SPI Mode       : DIO[0m
[0;32mI (50) boot.esp32: SPI Flash Size : 2MB[0m
[0;32mI (54) boot: Enabling RNG early entropy source...[0m
[0;32mI (60) boot: Partition Table:[0m
[0;32mI (63) boot: ## Label            Usage          Type ST Offset   Length[0m
[0;32mI (71) boot:  0 nvs              WiFi data        01 02 00009000 00006000[0m
[0;32mI (78) boot:  1 phy_init         RF data          01 01 0000f000 00001000[0m
[0;32mI (86) boot:  2 factory          factory app      00 00 00010000 00100000[0m
[0;32mI (93) boot: End of partition table[0m
[0;32mI (97) esp_image: segment 0: paddr=00010020 vaddr=3f400020 size=21154h (135508) map[0m
[0;32mI (155) esp_image: segment 1: paddr=0003117c vaddr=3ffb0000 size=0378ch ( 14220) load[0m
[0;32mI (161) esp_image: segment 2: paddr=00034910 vaddr=40080000 size=0b708h ( 46856) load[0m
[0;32mI (180) esp_image: segment 3: paddr=00040020 vaddr=400d0020 size=81848h (530504) map[0m
[0;32mI (372) esp_image: segment 4: paddr=000c1870 vaddr=4008b708 size=0a43ch ( 42044) load[0m
[0;32mI (401) boot: Loaded app from partition at offset 0x10000[0m
[0;32mI (401) boot: Disabling RNG early entropy source...[0m
[0;32mI (412) cpu_start: Multicore app[0m
[0;32mI (413) cpu_start: Pro cpu up.[0m
[0;32mI (413) cpu_start: Starting app cpu, entry point is 0x400811f4[0m
[0;32mI (400) cpu_start: App cpu up.[0m
[0;32mI (431) cpu_start: Pro cpu start user code[0m
[0;32mI (431) cpu_start: cpu freq: 160000000 Hz[0m
[0;32mI (431) cpu_start: Application information:[0m
[0;32mI (435) cpu_start: Project name:     main[0m
[0;32mI (440) cpu_start: App version:      25d4482-dirty[0m
[0;32mI (446) cpu_start: Compile time:     Oct  2 2023 16:08:35[0m
[0;32mI (452) cpu_start: ELF file SHA256:  de5fbe805c5c2a60...[0m
[0;32mI (458) cpu_start: ESP-IDF:          v5.2-dev-2383-g82cceabc6e[0m
[0;32mI (464) cpu_start: Min chip rev:     v0.0[0m
[0;32mI (469) cpu_start: Max chip rev:     v3.99 [0m
[0;32mI (474) cpu_start: Chip rev:         v1.0[0m
[0;32mI (479) heap_init: Initializing. RAM available for dynamic allocation:[0m
[0;32mI (486) heap_init: At 3FFAE6E0 len 00001920 (6 KiB): DRAM[0m
[0;32mI (492) heap_init: At 3FFB7830 len 000287D0 (161 KiB): DRAM[0m
[0;32mI (498) heap_init: At 3FFE0440 len 00003AE0 (14 KiB): D/IRAM[0m
[0;32mI (504) heap_init: At 3FFE4350 len 0001BCB0 (111 KiB): D/IRAM[0m
[0;32mI (511) heap_init: At 40095B44 len 0000A4BC (41 KiB): IRAM[0m
[0;32mI (519) spi_flash: detected chip: generic[0m
[0;32mI (522) spi_flash: flash io: dio[0m
[0;33mW (525) spi_flash: Detected size(4096k) larger than the size in the binary image header(2048k). Using the size in the binary image header.[0m
[0;32mI (540) app_start: Starting scheduler on CPU0[0m
[0;32mI (544) app_start: Starting scheduler on CPU1[0m
[0;32mI (544) main_task: Started on CPU0[0m
[0;32mI (554) main_task: Calling app_main()[0m

assert failed: tcpip_send_msg_wait_sem /IDF/components/lwip/lwip/src/api/tcpip.c:449 (Invalid mbox)


Backtrace: 0x4008185e:0x3ffb98b0 0x40088ffd:0x3ffb98d0 0x400900f1:0x3ffb98f0 0x400ddb53:0x3ffb9a10 0x400ed419:0x3ffb9a40 0x400ed4a1:0x3ffb9a60 0x400dd3bd:0x3ffb9ab0 0x400d6915:0x3ffb9ad0 0x400d68ca:0x3ffb9af0 0x4014f77b:0x3ffb9b30 0x4008ba4d:0x3ffb9b60




ELF file SHA256: de5fbe805c5c2a60

Rebooting...
ets Jun  8 2016 00:22:57

rst:0xc (SW_CPU_RESET),boot:0x13 (SPI_FAST_FLASH_BOOT)
configsip: 0, SPIWP:0xee
clk_drv:0x00,q_drv:0x00,d_drv:0x00,cs0_drv:0x00,hd_drv:0x00,wp_drv:0x00
mode:DIO, clock div:2
load:0x3fff0030,len:7136
load:0x40078000,len:15780
ho 0 tail 12 room 4
load:0x40080400,len:4
load:0x40080404,len:3884
entry 0x40080650
[0;32mI (31) boot: ESP-IDF v5.2-dev-2383-g82cceabc6e 2nd stage bootloader[0m
[0;32mI (31) boot: compile time Oct  1 2023 17:59:54[0m
[0;32mI (33) boot: Multicore bootloader[0m
[0;32mI (37) boot: chip revision: v1.0[0m
[0;32mI (41) boot.esp32: SPI Speed      : 40MHz[0m
[0;32mI (45) boot.esp32: SPI Mode       : DIO[0m
[0;32mI (50) boot.esp32: SPI Flash Size : 2MB[0m
[0;32mI (54) boot: Enabling RNG early entropy source...[0m
[0;32mI (60) boot: Partition Table:[0m
[0;32mI (63) boot: ## Label            Usage          Type ST Offset   Length[0m
[0;32mI (71) boot:  0 nvs              WiFi data        01 02 00009000 00006000[0m
[0;32mI (78) boot:  1 phy_init         RF data          01 01 0000f000 00001000[0m
[0;32mI (86) boot:  2 factory          factory app      00 00 00010000 00100000[0m
[0;32mI (93) boot: End of partition table[0m
[0;32mI (97) esp_image: segment 0: paddr=00010020 vaddr=3f400020 size=21154h (135508) map[0m
[0;32mI (155) esp_image: segment 1: paddr=0003117c vaddr=3ffb0000 size=0378ch ( 14220) load[0m
[0;32mI (161) esp_image: segment 2: paddr=00034910 vaddr=40080000 size=0b708h ( 46856) load[0m
[0;32mI (180) esp_image: segment 3: paddr=00040020 vaddr=400d0020 size=81848h (530504) map[0m
[0;32mI (372) esp_image: segment 4: paddr=000c1870 vaddr=4008b708 size=0a43ch ( 42044) load[0m
[0;32mI (401) boot: Loaded app from partition at offset 0x10000[0m
[0;32mI (401) boot: Disabling RNG early entropy source...[0m
[0;32mI (412) cpu_start: Multicore app[0m
[0;32mI (413) cpu_start: Pro cpu up.[0m
[0;32mI (413) cpu_start: Starting app cpu, entry point is 0x400811f4[0m
[0;32mI (400) cpu_start: App cpu up.[0m
[0;32mI (431) cpu_start: Pro cpu start user code[0m
[0;32mI (431) cpu_start: cpu freq: 160000000 Hz[0m
[0;32mI (431) cpu_start: Application information:[0m
[0;32mI (435) cpu_start: Project name:     main[0m
[0;32mI (440) cpu_start: App version:      25d4482-dirty[0m
[0;32mI (446) cpu_start: Compile time:     Oct  2 2023 16:08:35[0m
[0;32mI (452) cpu_start: ELF file SHA256:  de5fbe805c5c2a60...[0m
[0;32mI (458) cpu_start: ESP-IDF:          v5.2-dev-2383-g82cceabc6e[0m
[0;32mI (464) cpu_start: Min chip rev:     v0.0[0m
[0;32mI (469) cpu_start: Max chip rev:     v3.99 [0m
[0;32mI (474) cpu_start: Chip rev:         v1.0[0m
[0;32mI (479) heap_init: Initializing. RAM available for dynamic allocation:[0m
[0;32mI (486) heap_init: At 3FFAE6E0 len 00001920 (6 KiB): DRAM[0m
[0;32mI (492) heap_init: At 3FFB7830 len 000287D0 (161 KiB): DRAM[0m
[0;32mI (498) heap_init: At 3FFE0440 len 00003AE0 (14 KiB): D/IRAM[0m
[0;32mI (504) heap_init: At 3FFE4350 len 0001BCB0 (111 KiB): D/IRAM[0m
[0;32mI (511) heap_init: At 40095B44 len 0000A4BC (41 KiB): IRAM[0m
[0;32mI (519) spi_flash: detected chip: generic[0m
[0;32mI (522) spi_flash: flash io: dio[0m
[0;33mW (525) spi_flash: Detected size(4096k) larger than the size in the binary image header(2048k). Using the size in the binary image header.[0m
[0;32mI (540) app_start: Starting scheduler on CPU0[0m
[0;32mI (544) app_start: Starting scheduler on CPU1[0m
[0;32mI (544) main_task: Started on CPU0[0m
[0;32mI (554) main_task: Calling app_main()[0m

assert failed: tcpip_send_msg_wait_sem /IDF/components/lwip/lwip/src/api/tcpip.c:449 (Invalid mbox)


Backtrace: 0x4008185e:0x3ffb98b0 0x40088ffd:0x3ffb98d0 0x400900f1:0x3ffb98f0 0x400ddb53:0x3ffb9a10 0x400ed419:0x3ffb9a40 0x400ed4a1:0x3ffb9a60 0x400dd3bd:0x3ffb9ab0 0x400d6915:0x3ffb9ad0 0x400d68ca:0x3ffb9af0 0x4014f77b:0x3ffb9b30 0x4008ba4d:0x3ffb9b60




ELF file SHA256: de5fbe805c5c2a60

Rebooting...
ets Jun  8 2016 00:22:57

rst:0xc (SW_CPU_RESET),boot:0x13 (SPI_FAST_FLASH_BOOT)
configsip: 0, SPIWP:0xee
clk_drv:0x00,q_drv:0x00,d_drv:0x00,cs0_drv:0x00,hd_drv:0x00,wp_drv:0x00
mode:DIO, clock div:2
load:0x3fff0030,len:7136
load:0x40078000,len:15780
ho 0 tail 12 room 4
load:0x40080400,len:4
load:0x40080404,len:3884
entry 0x40080650
[0;32mI (31) boot: ESP-IDF v5.2-dev-2383-g82cceabc6e 2nd stage bootloader[0m
[0;32mI (31) boot: compile time Oct  1 2023 17:59:54[0m
[0;32mI (33) boot: Multicore bootloader[0m
[0;32mI (37) boot: chip revision: v1.0[0m
[0;32mI (41) boot.esp32: SPI Speed      : 40MHz[0m
[0;32mI (45) boot.esp32: SPI Mode       : DIO[0m
[0;32mI (50) boot.esp32: SPI Flash Size : 2MB[0m
[0;32mI (54) boot: Enabling RNG early entropy source...[0m
[0;32mI (60) boot: Partition Table:[0m
[0;32mI (63) boot: ## Label            Usage          Type ST Offset   Length[0m
[0;32mI (71) boot:  0 nvs              WiFi data        01 02 00009000 00006000[0m
[0;32mI (78) boot:  1 phy_init         RF data          01 01 0000f000 00001000[0m
[0;32mI (86) boot:  2 factory          factory app      00 00 00010000 00100000[0m
[0;32mI (93) boot: End of partition table[0m
[0;32mI (97) esp_image: segment 0: paddr=00010020 vaddr=3f400020 size=21154h (135508) map[0m
[0;32mI (155) esp_image: segment 1: paddr=0003117c vaddr=3ffb0000 size=0378ch ( 14220) load[0m
[0;32mI (161) esp_image: segment 2: paddr=00034910 vaddr=40080000 size=0b708h ( 46856) load[0m
[0;32mI (180) esp_image: segment 3: paddr=00040020 vaddr=400d0020 size=81848h (530504) map[0m
[0;32mI (372) esp_image: segment 4: paddr=000c1870 vaddr=4008b708 size=0a43ch ( 42044) load[0m
[0;32mI (401) boot: Loaded app from partition at offset 0x10000[0m
[0;32mI (401) boot: Disabling RNG early entropy source...[0m
[0;32mI (412) cpu_start: Multicore app[0m
[0;32mI (413) cpu_start: Pro cpu up.[0m
[0;32mI (413) cpu_start: Starting app cpu, entry point is 0x400811f4[0m
[0;32mI (400) cpu_start: App cpu up.[0m
[0;32mI (431) cpu_start: Pro cpu start user code[0m
[0;32mI (431) cpu_start: cpu freq: 160000000 Hz[0m
[0;32mI (431) cpu_start: Application information:[0m
[0;32mI (435) cpu_start: Project name:     main[0m
[0;32mI (440) cpu_start: App version:      25d4482-dirty[0m
[0;32mI (446) cpu_start: Compile time:     Oct  2 2023 16:08:35[0m
[0;32mI (452) cpu_start: ELF file SHA256:  de5fbe805c5c2a60...[0m
[0;32mI (458) cpu_start: ESP-IDF:          v5.2-dev-2383-g82cceabc6e[0m
[0;32mI (464) cpu_start: Min chip rev:     v0.0[0m
[0;32mI (469) cpu_start: Max chip rev:     v3.99 [0m
[0;32mI (474) cpu_start: Chip rev:         v1.0[0m
[0;32mI (479) heap_init: Initializing. RAM available for dynamic allocation:[0m
[0;32mI (486) heap_init: At 3FFAE6E0 len 00001920 (6 KiB): DRAM[0m
[0;32mI (492) heap_init: At 3FFB7830 len 000287D0 (161 KiB): DRAM[0m
[0;32mI (498) heap_init: At 3FFE0440 len 00003AE0 (14 KiB): D/IRAM[0m
[0;32mI (504) heap_init: At 3FFE4350 len 0001BCB0 (111 KiB): D/IRAM[0m
[0;32mI (511) heap_init: At 40095B44 len 0000A4BC (41 KiB): IRAM[0m
[0;32mI (519) spi_flash: detected chip: generic[0m
[0;32mI (522) spi_flash: flash io: dio[0m
[0;33mW (525) spi_flash: Detected size(4096k) larger than the size in the binary image header(2048k). Using the size in the binary image header.[0m
[0;32mI (540) app_start: Starting scheduler on CPU0[0m
[0;32mI (544) app_start: Starting scheduler on CPU1[0m
[0;32mI (544) main_task: Started on CPU0[0m
[0;32mI (554) main_task: Calling app_main()[0m

assert failed: tcpip_send_msg_wait_sem /IDF/components/lwip/lwip/src/api/tcpip.c:449 (Invalid mbox)


Backtrace: 0x4008185e:0x3ffb98b0 0x40088ffd:0x3ffb98d0 0x400900f1:0x3ffb98f0 0x400ddb53:0x3ffb9a10 0x400ed419:0x3ffb9a40 0x400ed4a1:0x3ffb9a60 0x400dd3bd:0x3ffb9ab0 0x400d6915:0x3ffb9ad0 0x400d68ca:0x3ffb9af0 0x4014f77b:0x3ffb9b30 0x4008ba4d:0x3ffb9b60




ELF file SHA256: de5fbe805c5c2a60

Rebooting...
ets Jun  8 2016 00:22:57

rst:0xc (SW_CPU_RESET),boot:0x13 (SPI_FAST_FLASH_BOOT)
configsip: 0, SPIWP:0xee
clk_drv:0x00,q_drv:0x00,d_drv:0x00,cs0_drv:0x00,hd_drv:0x00,wp_drv:0x00
mode:DIO, clock div:2
load:0x3fff0030,len:7136
load:0x40078000,len:15780
ho 0 tail 12 room 4
load:0x40080400,len:4
load:0x40080404,len:3884
entry 0x40080650
[0;32mI (31) boot: ESP-IDF v5.2-dev-2383-g82cceabc6e 2nd stage bootloader[0m
[0;32mI (31) boot: compile time Oct  1 2023 17:59:54[0m
[0;32mI (33) boot: Multicore bootloader[0m
[0;32mI (37) boot: chip revision: v1.0[0m
[0;32mI (41) boot.esp32: SPI Speed      : 40MHz[0m
[0;32mI (45) boot.esp32: SPI Mode       : DIO[0m
[0;32mI (50) boot.esp32: SPI Flash Size : 2MB[0m
[0;32mI (54) boot: Enabling RNG early entropy source...[0m
[0;32mI (60) boot: Partition Table:[0m
[0;32mI (63) boot: ## Label            Usage          Type ST Offset   Length[0m
[0;32mI (71) boot:  0 nvs              WiFi data        01 02 00009000 00006000[0m
[0;32mI (78) boot:  1 phy_init         RF data          01 01 0000f000 00001000[0m
[0;32mI (86) boot:  2 factory          factory app      00 00 00010000 00100000[0m
[0;32mI (93) boot: End of partition table[0m
[0;32mI (97) esp_image: segment 0: paddr=00010020 vaddr=3f400020 size=21154h (135508) map[0m
[0;32mI (155) esp_image: segment 1: paddr=0003117c vaddr=3ffb0000 size=0378ch ( 14220) load[0m
[0;32mI (161) esp_image: segment 2: paddr=00034910 vaddr=40080000 size=0b708h ( 46856) load[0m
[0;32mI (180) esp_image: segment 3: paddr=00040020 vaddr=400d0020 size=81848h (530504) map[0m
[0;32mI (372) esp_image: segment 4: paddr=000c1870 vaddr=4008b708 size=0a43ch ( 42044) load[0m
[0;32mI (401) boot: Loaded app from partition at offset 0x10000[0m
[0;32mI (401) boot: Disabling RNG early entropy source...[0m
[0;32mI (412) cpu_start: Multicore app[0m
[0;32mI (413) cpu_start: Pro cpu up.[0m
[0;32mI (413) cpu_start: Starting app cpu, entry point is 0x400811f4[0m
[0;32mI (400) cpu_start: App cpu up.[0m
[0;32mI (431) cpu_start: Pro cpu start user code[0m
[0;32mI (431) cpu_start: cpu freq: 160000000 Hz[0m
[0;32mI (431) cpu_start: Application information:[0m
[0;32mI (435) cpu_start: Project name:     main[0m
[0;32mI (440) cpu_start: App version:      25d4482-dirty[0m
[0;32mI (446) cpu_start: Compile time:     Oct  2 2023 16:08:35[0m
[0;32mI (452) cpu_start: ELF file SHA256:  de5fbe805c5c2a60...[0m
[0;32mI (458) cpu_start: ESP-IDF:          v5.2-dev-2383-g82cceabc6e[0m
[0;32mI (464) cpu_start: Min chip rev:     v0.0[0m
[0;32mI (469) cpu_start: Max chip rev:     v3.99 [0m
[0;32mI (474) cpu_start: Chip rev:         v1.0[0m
[0;32mI (479) heap_init: Initializing. RAM available for dynamic allocation:[0m
[0;32mI (486) heap_init: At 3FFAE6E0 len 00001920 (6 KiB): DRAM[0m
[0;32mI (492) heap_init: At 3FFB7830 len 000287D0 (161 KiB): DRAM[0m
[0;32mI (498) heap_init: At 3FFE0440 len 00003AE0 (14 KiB): D/IRAM[0m
[0;32mI (504) heap_init: At 3FFE4350 len 0001BCB0 (111 KiB): D/IRAM[0m
[0;32mI (511) heap_init: At 40095B44 len 0000A4BC (41 KiB): IRAM[0m
[0;32mI (519) spi_flash: detected chip: generic[0m
[0;32mI (522) spi_flash: flash io: dio[0m
[0;33mW (525) spi_flash: Detected size(4096k) larger than the size in the binary image header(2048k). Using the size in the binary image header.[0m
[0;32mI (540) app_start: Starting scheduler on CPU0[0m
[0;32mI (544) app_start: Starting scheduler on CPU1[0m
[0;32mI (544) main_task: Started on CPU0[0m
[0;32mI (554) main_task: Calling app_main()[0m

assert failed: tcpip_send_msg_wait_sem /IDF/components/lwip/lwip/src/api/tcpip.c:449 (Invalid mbox)


Backtrace: 0x4008185e:0x3ffb98b0 0x40088ffd:0x3ffb98d0 0x400900f1:0x3ffb98f0 0x400ddb53:0x3ffb9a10 0x400ed419:0x3ffb9a40 0x400ed4a1:0x3ffb9a60 0x400dd3bd:0x3ffb9ab0 0x400d6915:0x3ffb9ad0 0x400d68ca:0x3ffb9af0 0x4014f77b:0x3ffb9b30 0x4008ba4d:0x3ffb9b60




ELF file SHA256: de5fbe805c5c2a60

Rebooting...
ets Jun  8 2016 00:22:57

rst:0xc (SW_CPU_RESET),boot:0x13 (SPI_FAST_FLASH_BOOT)
configsip: 0, SPIWP:0xee
clk_drv:0x00,q_drv:0x00,d_drv:0x00,cs0_drv:0x00,hd_drv:0x00,wp_drv:0x00
mode:DIO, clock div:2
load:0x3fff0030,len:7136
load:0x40078000,len:15780
ho 0 tail 12 room 4
load:0x40080400,len:4
load:0x40080404,len:3884
entry 0x40080650
[0;32mI (31) boot: ESP-IDF v5.2-dev-2383-g82cceabc6e 2nd stage bootloader[0m
[0;32mI (31) boot: compile time Oct  1 2023 17:59:54[0m
[0;32mI (33) boot: Multicore bootloader[0m
[0;32mI (37) boot: chip revision: v1.0[0m
[0;32mI (41) boot.esp32: SPI Speed      : 40MHz[0m
[0;32mI (45) boot.esp32: SPI Mode       : DIO[0m
[0;32mI (50) boot.esp32: SPI Flash Size : 2MB[0m
[0;32mI (54) boot: Enabling RNG early entropy source...[0m
[0;32mI (60) boot: Partition Table:[0m
[0;32mI (63) boot: ## Label            Usage          Type ST Offset   Length[0m
[0;32mI (71) boot:  0 nvs              WiFi data        01 02 00009000 00006000[0m
[0;32mI (78) boot:  1 phy_init         RF data          01 01 0000f000 00001000[0m
[0;32mI (86) boot:  2 factory          factory app      00 00 00010000 00100000[0m
[0;32mI (93) boot: End of partition table[0m
[0;32mI (97) esp_image: segment 0: paddr=00010020 vaddr=3f400020 size=21154h (135508) map[0m
[0;32mI (155) esp_image: segment 1: paddr=0003117c vaddr=3ffb0000 size=0378ch ( 14220) load[0m
[0;32mI (161) esp_image: segment 2: paddr=00034910 vaddr=40080000 size=0b708h ( 46856) load[0m
[0;32mI (180) esp_image: segment 3: paddr=00040020 vaddr=400d0020 size=81848h (530504) map[0m
[0;32mI (372) esp_image: segment 4: paddr=000c1870 vaddr=4008b708 size=0a43ch ( 42044) load[0m
[0;32mI (401) boot: Loaded app from partition at offset 0x10000[0m
[0;32mI (401) boot: Disabling RNG early entropy source...[0m
[0;32mI (412) cpu_start: Multicore app[0m
[0;32mI (413) cpu_start: Pro cpu up.[0m
[0;32mI (413) cpu_start: Starting app cpu, entry point is 0x400811f4[0m
[0;32mI (400) cpu_start: App cpu up.[0m
[0;32mI (431) cpu_start: Pro cpu start user code[0m
[0;32mI (431) cpu_start: cpu freq: 160000000 Hz[0m
[0;32mI (431) cpu_start: Application information:[0m
[0;32mI (435) cpu_start: Project name:     main[0m
[0;32mI (440) cpu_start: App version:      25d4482-dirty[0m
[0;32mI (446) cpu_start: Compile time:     Oct  2 2023 16:08:35[0m
[0;32mI (452) cpu_start: ELF file SHA256:  de5fbe805c5c2a60...[0m
[0;32mI (458) cpu_start: ESP-IDF:          v5.2-dev-2383-g82cceabc6e[0m
[0;32mI (464) cpu_start: Min chip rev:     v0.0[0m
[0;32mI (469) cpu_start: Max chip rev:     v3.99 [0m
[0;32mI (474) cpu_start: Chip rev:         v1.0[0m
[0;32mI (479) heap_init: Initializing. RAM available for dynamic allocation:[0m
[0;32mI (486) heap_init: At 3FFAE6E0 len 00001920 (6 KiB): DRAM[0m
[0;32mI (492) heap_init: At 3FFB7830 len 000287D0 (161 KiB): DRAM[0m
[0;32mI (498) heap_init: At 3FFE0440 len 00003AE0 (14 KiB): D/IRAM[0m
[0;32mI (504) heap_init: At 3FFE4350 len 0001BCB0 (111 KiB): D/IRAM[0m
[0;32mI (511) heap_init: At 40095B44 len 0000A4BC (41 KiB): IRAM[0m
[0;32mI (519) spi_flash: detected chip: generic[0m
[0;32mI (522) spi_flash: flash io: dio[0m
[0;33mW (525) spi_flash: Detected size(4096k) larger than the size in the binary image header(2048k). Using the size in the binary image header.[0m
[0;32mI (540) app_start: Starting scheduler on CPU0[0m
[0;32mI (544) app_start: Starting scheduler on CPU1[0m
[0;32mI (544) main_task: Started on CPU0[0m
[0;32mI (554) main_task: Calling app_main()[0m

assert failed: tcpip_send_msg_wait_sem /IDF/components/lwip/lwip/src/api/tcpip.c:449 (Invalid mbox)


Backtrace: 0x4008185e:0x3ffb98b0 0x40088ffd:0x3ffb98d0 0x400900f1:0x3ffb98f0 0x400ddb53:0x3ffb9a10 0x400ed419:0x3ffb9a40 0x400ed4a1:0x3ffb9a60 0x400dd3bd:0x3ffb9ab0 0x400d6915:0x3ffb9ad0 0x400d68ca:0x3ffb9af0 0x4014f77b:0x3ffb9b30 0x4008ba4d:0x3ffb9b60




ELF file SHA256: de5fbe805c5c2a60

Rebooting...
ets Jun  8 2016 00:22:57

rst:0xc (SW_CPU_RESET),boot:0x13 (SPI_FAST_FLASH_BOOT)
configsip: 0, SPIWP:0xee
clk_drv:0x00,q_drv:0x00,d_drv:0x00,cs0_drv:0x00,hd_drv:0x00,wp_drv:0x00
mode:DIO, clock div:2
load:0x3fff0030,len:7136
load:0x40078000,len:15780
ho 0 tail 12 room 4
load:0x40080400,len:4
load:0x40080404,len:3884
entry 0x40080650
[0;32mI (31) boot: ESP-IDF v5.2-dev-2383-g82cceabc6e 2nd stage bootloader[0m
[0;32mI (31) boot: compile time Oct  1 2023 17:59:54[0m
[0;32mI (33) boot: Multicore bootloader[0m
[0;32mI (37) boot: chip revision: v1.0[0m
[0;32mI (41) boot.esp32: SPI Speed      : 40MHz[0m
[0;32mI (45) boot.esp32: SPI Mode       : DIO[0m
[0;32mI (50) boot.esp32: SPI Flash Size : 2MB[0m
[0;32mI (54) boot: Enabling RNG early entropy source...[0m
[0;32mI (60) boot: Partition Table:[0m
[0;32mI (63) boot: ## Label            Usage          Type ST Offset   Length[0m
[0;32mI (71) boot:  0 nvs              WiFi data        01 02 00009000 00006000[0m
[0;32mI (78) boot:  1 phy_init         RF data          01 01 0000f000 00001000[0m
[0;32mI (86) boot:  2 factory          factory app      00 00 00010000 00100000[0m
[0;32mI (93) boot: End of partition table[0m
[0;32mI (97) esp_image: segment 0: paddr=00010020 vaddr=3f400020 size=21154h (135508) map[0m
[0;32mI (155) esp_image: segment 1: paddr=0003117c vaddr=3ffb0000 size=0378ch ( 14220) load[0m
[0;32mI (161) esp_image: segment 2: paddr=00034910 vaddr=40080000 size=0b708h ( 46856) load[0m
[0;32mI (180) esp_image: segment 3: paddr=00040020 vaddr=400d0020 size=81848h (530504) map[0m
[0;32mI (372) esp_image: segment 4: paddr=000c1870 vaddr=4008b708 size=0a43ch ( 42044) load[0m
[0;32mI (401) boot: Loaded app from partition at offset 0x10000[0m
[0;32mI (401) boot: Disabling RNG early entropy source...[0m
[0;32mI (412) cpu_start: Multicore app[0m
[0;32mI (413) cpu_start: Pro cpu up.[0m
[0;32mI (413) cpu_start: Starting app cpu, entry point is 0x400811f4[0m
[0;32mI (400) cpu_start: App cpu up.[0m
[0;32mI (431) cpu_start: Pro cpu start user code[0m
[0;32mI (431) cpu_start: cpu freq: 160000000 Hz[0m
[0;32mI (431) cpu_start: Application information:[0m
[0;32mI (435) cpu_start: Project name:     main[0m
[0;32mI (440) cpu_start: App version:      25d4482-dirty[0m
[0;32mI (446) cpu_start: Compile time:     Oct  2 2023 16:08:35[0m
[0;32mI (452) cpu_start: ELF file SHA256:  de5fbe805c5c2a60...[0m
[0;32mI (458) cpu_start: ESP-IDF:          v5.2-dev-2383-g82cceabc6e[0m
[0;32mI (464) cpu_start: Min chip rev:     v0.0[0m
[0;32mI (469) cpu_start: Max chip rev:     v3.99 [0m
[0;32mI (474) cpu_start: Chip rev:         v1.0[0m
[0;32mI (479) heap_init: Initializing. RAM available for dynamic allocation:[0m
[0;32mI (486) heap_init: At 3FFAE6E0 len 00001920 (6 KiB): DRAM[0m
[0;32mI (492) heap_init: At 3FFB7830 len 000287D0 (161 KiB): DRAM[0m
