:0x3fff0030,len:7136
lets Jun  8 2016 00:22:57

rst:0x1 (POWERON_RESET),boot:0x13 (SPI_FAST_FLASH_BOOT)
configsip: 0, SPIWP:0xee
clk_drv:0x00,q_drv:0x00,d_drv:0x00,cs0_drv:0x00,hd_drv:0x00,wp_drv:0x00
mode:DIO, clock div:2
load:0x3fff0030,len:7136
load:0x40078000,len:15780
ho 0 tail 12 room 4
load:0x40080400,len:4
load:0x40080404,len:3884
entry 0x40080650
[0;32mI (31) boot: ESP-IDF v5.2-dev-2383-g82cceabc6e 2nd stage bootloader[0m
[0;32mI (31) boot: compile time Oct  1 2023 17:59:54[0m
[0;32mI (33) boot: Multicore bootloader[0m
[0;32mI (37) boot: chip revision: v1.0[0m
[0;32mI (40) boot.esp32: SPI Speed      : 40MHz[0m
[0;32mI (45) boot.esp32: SPI Mode       : DIO[0m
[0;32mI (50) boot.esp32: SPI Flash Size : 2MB[0m
[0;32mI (54) boot: Enabling RNG early entropy source...[0m
[0;32mI (60) boot: Partition Table:[0m
[0;32mI (63) boot: ## Label            Usage          Type ST Offset   Length[0m
[0;32mI (70) boot:  0 nvs              WiFi data        01 02 00009000 00006000[0m
[0;32mI (78) boot:  1 phy_init         RF data          01 01 0000f000 00001000[0m
[0;32mI (85) boot:  2 factory          factory app      00 00 00010000 00100000[0m
[0;32mI (93) boot: End of partition table[0m
[0;32mI (97) esp_image: segment 0: paddr=00010020 vaddr=3f400020 size=21bach (138156) map[0m
[0;32mI (155) esp_image: segment 1: paddr=00031bd4 vaddr=3ff80063 size=00008h (     8) load[0m
[0;32mI (156) esp_image: segment 2: paddr=00031be4 vaddr=3ffb0000 size=037c8h ( 14280) load[0m
[0;32mI (167) esp_image: segment 3: paddr=000353b4 vaddr=40080000 size=0ac64h ( 44132) load[0m
[0;32mI (188) esp_image: segment 4: paddr=00040020 vaddr=400d0020 size=827b4h (534452) map[0m
[0;32mI (381) esp_image: segment 5: paddr=000c27dc vaddr=4008ac64 size=0bef4h ( 48884) load[0m
[0;32mI (402) esp_image: segment 6: paddr=000ce6d8 vaddr=400c0000 size=00064h (   100) load[0m
[0;32mI (414) boot: Loaded app from partition at offset 0x10000[0m
[0;32mI (414) boot: Disabling RNG early entropy source...[0m
[0;32mI (425) cpu_start: Multicore app[0m
[0;32mI (426) cpu_start: Pro cpu up.[0m
[0;32mI (426) cpu_start: Starting app cpu, entry point is 0x40081370[0m
[0;32mI (0) cpu_start: App cpu up.[0m
[0;32mI (443) cpu_start: Pro cpu start user code[0m
[0;32mI (443) cpu_start: cpu freq: 160000000 Hz[0m
[0;32mI (444) cpu_start: Application information:[0m
[0;32mI (448) cpu_start: Project name:     main[0m
[0;32mI (453) cpu_start: App version:      25d4482-dirty[0m
[0;32mI (458) cpu_start: Compile time:     Oct  2 2023 16:08:35[0m
[0;32mI (464) cpu_start: ELF file SHA256:  b19da2434b1cb888...[0m
[0;32mI (470) cpu_start: ESP-IDF:          v5.2-dev-2383-g82cceabc6e[0m
[0;32mI (477) cpu_start: Min chip rev:     v0.0[0m
[0;32mI (482) cpu_start: Max chip rev:     v3.99 [0m
[0;32mI (487) cpu_start: Chip rev:         v1.0[0m
[0;32mI (491) heap_init: Initializing. RAM available for dynamic allocation:[0m
[0;32mI (499) heap_init: At 3FFAE6E0 len 00001920 (6 KiB): DRAM[0m
[0;32mI (505) heap_init: At 3FFB7878 len 00028788 (161 KiB): DRAM[0m
[0;32mI (511) heap_init: At 3FFE0440 len 00003AE0 (14 KiB): D/IRAM[0m
[0;32mI (517) heap_init: At 3FFE4350 len 0001BCB0 (111 KiB): D/IRAM[0m
[0;32mI (524) heap_init: At 40096B58 len 000094A8 (37 KiB): IRAM[0m
[0;32mI (531) spi_flash: detected chip: generic[0m
[0;32mI (534) spi_flash: flash io: dio[0m
[0;33mW (538) spi_flash: Detected size(4096k) larger than the size in the binary image header(2048k). Using the size in the binary image header.[0m
[0;32mI (552) app_start: Starting scheduler on CPU0[0m
[0;32mI (557) app_start: Starting scheduler on CPU1[0m
[0;32mI (557) main_task: Started on CPU0[0m
[0;32mI (567) main_task: Calling app_main()[0m

assert failed: tcpip_send_msg_wait_sem /IDF/components/lwip/lwip/src/api/tcpip.c:449 (Invalid mbox)


Backtrace: 0x400819da:0x3ffb98f0 0x4008a015:0x3ffb9910 0x40091109:0x3ffb9930 0x400de7fb:0x3ffb9a50 0x400ee0c1:0x3ffb9a80 0x400ee149:0x3ffb9aa0 0x400de065:0x3ffb9af0 0x400d6a39:0x3ffb9b10 0x400d69ee:0x3ffb9b30 0x401506e7:0x3ffb9b70 0x4008ca65:0x3ffb9ba0




ELF file SHA256: b19da2434b1cb888

Rebooting...
ets Jun  8 2016 00:22:57

rst:0xc (SW_CPU_RESET),boot:0x13 (SPI_FAST_FLASH_BOOT)
configsip: 0, SPIWP:0xee
clk_drv:0x00,q_drv:0x00,d_drv:0x00,cs0_drv:0x00,hd_drv:0x00,wp_drv:0x00
mode:DIO, clock div:2
load:0x3fff0030,len:7136
load:0x40078000,len:15780
ho 0 tail 12 room 4
load:0x40080400,len:4
load:0x40080404,len:3884
entry 0x40080650
[0;32mI (31) boot: ESP-IDF v5.2-dev-2383-g82cceabc6e 2nd stage bootloader[0m
[0;32mI (31) boot: compile time Oct  1 2023 17:59:54[0m
[0;32mI (33) boot: Multicore bootloader[0m
[0;32mI (37) boot: chip revision: v1.0[0m
[0;32mI (41) boot.esp32: SPI Speed      : 40MHz[0m
[0;32mI (45) boot.esp32: SPI Mode       : DIO[0m
[0;32mI (50) boot.esp32: SPI Flash Size : 2MB[0m
[0;32mI (54) boot: Enabling RNG early entropy source...[0m
[0;32mI (60) boot: Partition Table:[0m
[0;32mI (63) boot: ## Label            Usage          Type ST Offset   Length[0m
[0;32mI (71) boot:  0 nvs              WiFi data        01 02 00009000 00006000[0m
[0;32mI (78) boot:  1 phy_init         RF data          01 01 0000f000 00001000[0m
[0;32mI (86) boot:  2 factory          factory app      00 00 00010000 00100000[0m
[0;32mI (93) boot: End of partition table[0m
[0;32mI (97) esp_image: segment 0: paddr=00010020 vaddr=3f400020 size=21bach (138156) map[0m
[0;32mI (156) esp_image: segment 1: paddr=00031bd4 vaddr=3ff80063 size=00008h (     8) load[0m
[0;32mI (156) esp_image: segment 2: paddr=00031be4 vaddr=3ffb0000 size=037c8h ( 14280) load[0m
[0;32mI (167) esp_image: segment 3: paddr=000353b4 vaddr=40080000 size=0ac64h ( 44132) load[0m
[0;32mI (188) esp_image: segment 4: paddr=00040020 vaddr=400d0020 size=827b4h (534452) map[0m
[0;32mI (381) esp_image: segment 5: paddr=000c27dc vaddr=4008ac64 size=0bef4h ( 48884) load[0m
[0;32mI (402) esp_image: segment 6: paddr=000ce6d8 vaddr=400c0000 size=00064h (   100) load[0m
[0;32mI (414) boot: Loaded app from partition at offset 0x10000[0m
[0;32mI (414) boot: Disabling RNG early entropy source...[0m
[0;32mI (425) cpu_start: Multicore app[0m
[0;32mI (426) cpu_start: Pro cpu up.[0m
[0;32mI (426) cpu_start: Starting app cpu, entry point is 0x40081370[0m
[0;32mI (413) cpu_start: App cpu up.[0m
[0;32mI (444) cpu_start: Pro cpu start user code[0m
[0;32mI (444) cpu_start: cpu freq: 160000000 Hz[0m
[0;32mI (444) cpu_start: Application information:[0m
[0;32mI (449) cpu_start: Project name:     main[0m
[0;32mI (453) cpu_start: App version:      25d4482-dirty[0m
[0;32mI (459) cpu_start: Compile time:     Oct  2 2023 16:08:35[0m
[0;32mI (465) cpu_start: ELF file SHA256:  b19da2434b1cb888...[0m
[0;32mI (471) cpu_start: ESP-IDF:          v5.2-dev-2383-g82cceabc6e[0m
[0;32mI (477) cpu_start: Min chip rev:     v0.0[0m
[0;32mI (482) cpu_start: Max chip rev:     v3.99 [0m
[0;32mI (487) cpu_start: Chip rev:         v1.0[0m
[0;32mI (492) heap_init: Initializing. RAM available for dynamic allocation:[0m
[0;32mI (499) heap_init: At 3FFAE6E0 len 00001920 (6 KiB): DRAM[0m
[0;32mI (505) heap_init: At 3FFB7878 len 00028788 (161 KiB): DRAM[0m
[0;32mI (511) heap_init: At 3FFE0440 len 00003AE0 (14 KiB): D/IRAM[0m
[0;32mI (517) heap_init: At 3FFE4350 len 0001BCB0 (111 KiB): D/IRAM[0m
[0;32mI (524) heap_init: At 40096B58 len 000094A8 (37 KiB): IRAM[0m
[0;32mI (532) spi_flash: detected chip: generic[0m
[0;32mI (535) spi_flash: flash io: dio[0m
[0;33mW (539) spi_flash: Detected size(4096k) larger than the size in the binary image header(2048k). Using the size in the binary image header.[0m
[0;32mI (553) app_start: Starting scheduler on CPU0[0m
[0;32mI (557) app_start: Starting scheduler on CPU1[0m
[0;32mI (557) main_task: Started on CPU0[0m
[0;32mI (567) main_task: Calling app_main()[0m

assert failed: tcpip_send_msg_wait_sem /IDF/components/lwip/lwip/src/api/tcpip.c:449 (Invalid mbox)


Backtrace: 0x400819da:0x3ffb98f0 0x4008a015:0x3ffb9910 0x40091109:0x3ffb9930 0x400de7fb:0x3ffb9a50 0x400ee0c1:0x3ffb9a80 0x400ee149:0x3ffb9aa0 0x400de065:0x3ffb9af0 0x400d6a39:0x3ffb9b10 0x400d69ee:0x3ffb9b30 0x401506e7:0x3ffb9b70 0x4008ca65:0x3ffb9ba0




ELF file SHA256: b19da2434b1cb888

Rebooting...
ets Jun  8 2016 00:22:57

rst:0xc (SW_CPU_RESET),boot:0x13 (SPI_FAST_FLASH_BOOT)
configsip: 0, SPIWP:0xee
clk_drv:0x00,q_drv:0x00,d_drv:0x00,cs0_drv:0x00,hd_drv:0x00,wp_drv:0x00
mode:DIO, clock div:2
load:0x3fff0030,len:7136
load:0x40078000,len:15780
ho 0 tail 12 room 4
load:0x40080400,len:4
load:0x40080404,len:3884
entry 0x40080650
[0;32mI (31) boot: ESP-IDF v5.2-dev-2383-g82cceabc6e 2nd stage bootloader[0m
[0;32mI (31) boot: compile time Oct  1 2023 17:59:54[0m
[0;32mI (33) boot: Multicore bootloader[0m
[0;32mI (37) boot: chip revision: v1.0[0m
[0;32mI (41) boot.esp32: SPI Speed      : 40MHz[0m
[0;32mI (45) boot.esp32: SPI Mode       : DIO[0m
[0;32mI (50) boot.esp32: SPI Flash Size : 2MB[0m
[0;32mI (54) boot: Enabling RNG early entropy source...[0m
[0;32mI (60) boot: Partition Table:[0m
[0;32mI (63) boot: ## Label            Usage          Type ST Offset   Length[0m
[0;32mI (71) boot:  0 nvs              WiFi data        01 02 00009000 00006000[0m
[0;32mI (78) boot:  1 phy_init         RF data          01 01 0000f000 00001000[0m
[0;32mI (86) boot:  2 factory          factory app      00 00 00010000 00100000[0m
[0;32mI (93) boot: End of partition table[0m
[0;32mI (97) esp_image: segment 0: paddr=00010020 vaddr=3f400020 size=21bach (138156) map[0m
[0;32mI (156) esp_image: segment 1: paddr=00031bd4 vaddr=3ff80063 size=00008h (     8) load[0m
[0;32mI (156) esp_image: segment 2: paddr=00031be4 vaddr=3ffb0000 size=037c8h ( 14280) load[0m
[0;32mI (167) esp_image: segment 3: paddr=000353b4 vaddr=40080000 size=0ac64h ( 44132) load[0m
[0;32mI (188) esp_image: segment 4: paddr=00040020 vaddr=400d0020 size=827b4h (534452) map[0m
[0;32mI (381) esp_image: segment 5: paddr=000c27dc vaddr=4008ac64 size=0bef4h ( 48884) load[0m
[0;32mI (402) esp_image: segment 6: paddr=000ce6d8 vaddr=400c0000 size=00064h (   100) load[0m
[0;32mI (414) boot: Loaded app from partition at offset 0x10000[0m
[0;32mI (414) boot: Disabling RNG early entropy source...[0m
[0;32mI (425) cpu_start: Multicore app[0m
[0;32mI (426) cpu_start: Pro cpu up.[0m
[0;32mI (426) cpu_start: Starting app cpu, entry point is 0x40081370[0m
[0;32mI (413) cpu_start: App cpu up.[0m
[0;32mI (444) cpu_start: Pro cpu start user code[0m
[0;32mI (444) cpu_start: cpu freq: 160000000 Hz[0m
[0;32mI (444) cpu_start: Application information:[0m
[0;32mI (449) cpu_start: Project name:     main[0m
[0;32mI (453) cpu_start: App version:      25d4482-dirty[0m
[0;32mI (459) cpu_start: Compile time:     Oct  2 2023 16:08:35[0m
[0;32mI (465) cpu_start: ELF file SHA256:  b19da2434b1cb888...[0m
[0;32mI (471) cpu_start: ESP-IDF:          v5.2-dev-2383-g82cceabc6e[0m
[0;32mI (477) cpu_start: Min chip rev:     v0.0[0m
[0;32mI (482) cpu_start: Max chip rev:     v3.99 [0m
[0;32mI (487) cpu_start: Chip rev:         v1.0[0m
[0;32mI (492) heap_init: Initializing. RAM available for dynamic allocation:[0m
[0;32mI (499) heap_init: At 3FFAE6E0 len 00001920 (6 KiB): DRAM[0m
[0;32mI (505) heap_init: At 3FFB7878 len 00028788 (161 KiB): DRAM[0m
[0;32mI (511) heap_init: At 3FFE0440 len 00003AE0 (14 KiB): D/IRAM[0m
[0;32mI (517) heap_init: At 3FFE4350 len 0001BCB0 (111 KiB): D/IRAM[0m
[0;32mI (524) heap_init: At 40096B58 len 000094A8 (37 KiB): IRAM[0m
[0;32mI (532) spi_flash: detected chip: generic[0m
[0;32mI (535) spi_flash: flash io: dio[0m
[0;33mW (539) spi_flash: Detected size(4096k) larger than the size in the binary image header(2048k). Using the size in the binary image header.[0m
[0;32mI (553) app_start: Starting scheduler on CPU0[0m
[0;32mI (557) app_start: Starting scheduler on CPU1[0m
[0;32mI (557) main_task: Started on CPU0[0m
[0;32mI (567) main_task: Calling app_main()[0m

assert failed: tcpip_send_msg_wait_sem /IDF/components/lwip/lwip/src/api/tcpip.c:449 (Invalid mbox)


Backtrace: 0x400819da:0x3ffb98f0 0x4008a015:0x3ffb9910 0x40091109:0x3ffb9930 0x400de7fb:0x3ffb9a50 0x400ee0c1:0x3ffb9a80 0x400ee149:0x3ffb9aa0 0x400de065:0x3ffb9af0 0x400d6a39:0x3ffb9b10 0x400d69ee:0x3ffb9b30 0x401506e7:0x3ffb9b70 0x4008ca65:0x3ffb9ba0




ELF file SHA256: b19da2434b1cb888

Rebooting...
ets Jun  8 2016 00:22:57

rst:0xc (SW_CPU_RESET),boot:0x13 (SPI_FAST_FLASH_BOOT)
configsip: 0, SPIWP:0xee
clk_drv:0x00,q_drv:0x00,d_drv:0x00,cs0_drv:0x00,hd_drv:0x00,wp_drv:0x00
mode:DIO, clock div:2
load:0x3fff0030,len:7136
load:0x40078000,len:15780
ho 0 tail 12 room 4
load:0x40080400,len:4
load:0x40080404,len:3884
entry 0x40080650
[0;32mI (31) boot: ESP-IDF v5.2-dev-2383-g82cceabc6e 2nd stage bootloader[0m
[0;32mI (31) boot: compile time Oct  1 2023 17:59:54[0m
[0;32mI (33) boot: Multicore bootloader[0m
[0;32mI (37) boot: chip revision: v1.0[0m
[0;32mI (41) boot.esp32: SPI Speed      : 40MHz[0m
[0;32mI (45) boot.esp32: SPI Mode       : DIO[0m
[0;32mI (50) boot.esp32: SPI Flash Size : 2MB[0m
[0;32mI (54) boot: Enabling RNG early entropy source...[0m
[0;32mI (60) boot: Partition Table:[0m
[0;32mI (63) boot: ## Label            Usage          Type ST Offset   Length[0m
[0;32mI (71) boot:  0 nvs              WiFi data        01 02 00009000 00006000[0m
[0;32mI (78) boot:  1 phy_init         RF data          01 01 0000f000 00001000[0m
[0;32mI (86) boot:  2 factory          factory app      00 00 00010000 00100000[0m
[0;32mI (93) boot: End of partition table[0m
[0;32mI (97) esp_image: segment 0: paddr=00010020 vaddr=3f400020 size=21bach (138156) map[0m
[0;32mI (156) esp_image: segment 1: paddr=00031bd4 vaddr=3ff80063 size=00008h (     8) load[0m
[0;32mI (156) esp_image: segment 2: paddr=00031be4 vaddr=3ffb0000 size=037c8h ( 14280) load[0m
[0;32mI (167) esp_image: segment 3: paddr=000353b4 vaddr=40080000 size=0ac64h ( 44132) load[0m
[0;32mI (188) esp_image: segment 4: paddr=00040020 vaddr=400d0020 size=827b4h (534452) map[0m
[0;32mI (381) esp_image: segment 5: paddr=000c27dc vaddr=4008ac64 size=0bef4h ( 48884) load[0m
[0;32mI (402) esp_image: segment 6: paddr=000ce6d8 vaddr=400c0000 size=00064h (   100) load[0m
[0;32mI (414) boot: Loaded app from partition at offset 0x10000[0m
[0;32mI (414) boot: Disabling RNG early entropy source...[0m
[0;32mI (425) cpu_start: Multicore app[0m
[0;32mI (426) cpu_start: Pro cpu up.[0m
[0;32mI (426) cpu_start: Starting app cpu, entry point is 0x40081370[0m
[0;32mI (413) cpu_start: App cpu up.[0m
[0;32mI (444) cpu_start: Pro cpu start user code[0m
[0;32mI (444) cpu_start: cpu freq: 160000000 Hz[0m
[0;32mI (444) cpu_start: Application information:[0m
[0;32mI (449) cpu_start: Project name:     main[0m
[0;32mI (453) cpu_start: App version:      25d4482-dirty[0m
[0;32mI (459) cpu_start: Compile time:     Oct  2 2023 16:08:35[0m
[0;32mI (465) cpu_start: ELF file SHA256:  b19da2434b1cb888...[0m
[0;32mI (471) cpu_start: ESP-IDF:          v5.2-dev-2383-g82cceabc6e[0m
[0;32mI (477) cpu_start: Min chip rev:     v0.0[0m
[0;32mI (482) cpu_start: Max chip rev:     v3.99 [0m
[0;32mI (487) cpu_start: Chip rev:         v1.0[0m
[0;32mI (492) heap_init: Initializing. RAM available for dynamic allocation:[0m
[0;32mI (499) heap_init: At 3FFAE6E0 len 00001920 (6 KiB): DRAM[0m
[0;32mI (505) heap_init: At 3FFB7878 len 00028788 (161 KiB): DRAM[0m
[0;32mI (511) heap_init: At 3FFE0440 len 00003AE0 (14 KiB): D/IRAM[0m
[0;32mI (517) heap_init: At 3FFE4350 len 0001BCB0 (111 KiB): D/IRAM[0m
[0;32mI (524) heap_init: At 40096B58 len 000094A8 (37 KiB): IRAM[0m
[0;32mI (532) spi_flash: detected chip: generic[0m
[0;32mI (535) spi_flash: flash io: dio[0m
[0;33mW (539) spi_flash: Detected size(4096k) larger than the size in the binary image header(2048k). Using the size in the binary image header.[0m
[0;32mI (553) app_start: Starting scheduler on CPU0[0m
[0;32mI (557) app_start: Starting scheduler on CPU1[0m
[0;32mI (557) main_task: Started on CPU0[0m
[0;32mI (567) main_task: Calling app_main()[0m

assert failed: tcpip_send_msg_wait_sem /IDF/components/lwip/lwip/src/api/tcpip.c:449 (Invalid mbox)


Backtrace: 0x400819da:0x3ffb98f0 0x4008a015:0x3ffb9910 0x40091109:0x3ffb9930 0x400de7fb:0x3ffb9a50 0x400ee0c1:0x3ffb9a80 0x400ee149:0x3ffb9aa0 0x400de065:0x3ffb9af0 0x400d6a39:0x3ffb9b10 0x400d69ee:0x3ffb9b30 0x401506e7:0x3ffb9b70 0x4008ca65:0x3ffb9ba0




ELF file SHA256: b19da2434b1cb888

Rebooting...
ets Jun  8 2016 00:22:57

rst:0xc (SW_CPU_RESET),boot:0x13 (SPI_FAST_FLASH_BOOT)
configsip: 0, SPIWP:0xee
clk_drv:0x00,q_drv:0x00,d_drv:0x00,cs0_drv:0x00,hd_drv:0x00,wp_drv:0x00
mode:DIO, clock div:2
load:0x3fff0030,len:7136
load:0x40078000,len:15780
ho 0 tail 12 room 4
load:0x40080400,len:4
load:0x40080404,len:3884
entry 0x40080650
[0;32mI (31) boot: ESP-IDF v5.2-dev-2383-g82cceabc6e 2nd stage bootloader[0m
[0;32mI (31) boot: compile time Oct  1 2023 17:59:54[0m
[0;32mI (33) boot: Multicore bootloader[0m
[0;32mI (37) boot: chip revision: v1.0[0m
[0;32mI (41) boot.esp32: SPI Speed      : 40MHz[0m
[0;32mI (45) boot.esp32: SPI Mode       : DIO[0m
[0;32mI (50) boot.esp32: SPI Flash Size : 2MB[0m
[0;32mI (54) boot: Enabling RNG early entropy source...[0m
[0;32mI (60) boot: Partition Table:[0m
[0;32mI (63) boot: ## Label            Usage          Type ST Offset   Length[0m
[0;32mI (71) boot:  0 nvs              WiFi data        01 02 00009000 00006000[0m
[0;32mI (78) boot:  1 phy_init         RF data          01 01 0000f000 00001000[0m
[0;32mI (86) boot:  2 factory          factory app      00 00 00010000 00100000[0m
[0;32mI (93) boot: End of partition table[0m
[0;32mI (97) esp_image: segment 0: paddr=00010020 vaddr=3f400020 size=21bach (138156) map[0m
[0;32mI (156) esp_image: segment 1: paddr=00031bd4 vaddr=3ff80063 size=00008h (     8) load[0m
[0;32mI (156) esp_image: segment 2: paddr=00031be4 vaddr=3ffb0000 size=037c8h ( 14280) load[0m
[0;32mI (167) esp_image: segment 3: paddr=000353b4 vaddr=40080000 size=0ac64h ( 44132) load[0m
[0;32mI (188) esp_image: segment 4: paddr=00040020 vaddr=400d0020 size=827b4h (534452) map[0m
[0;32mI (381) esp_image: segment 5: paddr=000c27dc vaddr=4008ac64 size=0bef4h ( 48884) load[0m
[0;32mI (402) esp_image: segment 6: paddr=000ce6d8 vaddr=400c0000 size=00064h (   100) load[0m
[0;32mI (414) boot: Loaded app from partition at offset 0x10000[0m
[0;32mI (414) boot: Disabling RNG early entropy source...[0m
[0;32mI (425) cpu_start: Multicore app[0m
[0;32mI (426) cpu_start: Pro cpu up.[0m
[0;32mI (426) cpu_start: Starting app cpu, entry point is 0x40081370[0m
[0;32mI (413) cpu_start: App cpu up.[0m
[0;32mI (444) cpu_start: Pro cpu start user code[0m
[0;32mI (444) cpu_start: cpu freq: 160000000 Hz[0m
[0;32mI (444) cpu_start: Application information:[0m
[0;32mI (449) cpu_start: Project name:     main[0m
[0;32mI (453) cpu_start: App version:      25d4482-dirty[0m
[0;32mI (459) cpu_start: Compile time:     Oct  2 2023 16:08:35[0m
[0;32mI (465) cpu_start: ELF file SHA256:  b19da2434b1cb888...[0m
[0;32mI (471) cpu_start: ESP-IDF:          v5.2-dev-2383-g82cceabc6e[0m
[0;32mI (477) cpu_start: Min chip rev:     v0.0[0m
[0;32mI (482) cpu_start: Max chip rev:     v3.99 [0m
[0;32mI (487) cpu_start: Chip rev:         v1.0[0m
[0;32mI (492) heap_init: Initializing. RAM available for dynamic allocation:[0m
[0;32mI (499) heap_init: At 3FFAE6E0 len 00001920 (6 KiB): DRAM[0m
[0;32mI (505) heap_init: At 3FFB7878 len 00028788 (161 KiB): DRAM[0m
[0;32mI (511) heap_init: At 3FFE0440 len 00003AE0 (14 KiB): D/IRAM[0m
[0;32mI (517) heap_init: At 3FFE4350 len 0001BCB0 (111 KiB): D/IRAM[0m
[0;32mI (524) heap_init: At 40096B58 len 000094A8 (37 KiB): IRAM[0m
[0;32mI (532) spi_flash: detected chip: generic[0m
[0;32mI (535) spi_flash: flash io: dio[0m
[0;33mW (539) spi_flash: Detected size(4096k) larger than the size in the binary image header(2048k). Using the size in the binary image header.[0m
[0;32mI (553) app_start: Starting scheduler on CPU0[0m
[0;32mI (557) app_start: Starting scheduler on CPU1[0m
[0;32mI (557) main_task: Started on CPU0[0m
[0;32mI (567) main_task: Calling app_main()[0m

assert failed: tcpip_send_msg_wait_sem /IDF/components/lwip/lwip/src/api/tcpip.c:449 (Invalid mbox)


Backtrace: 0x400819da:0x3ffb98f0 0x4008a015:0x3ffb9910 0x40091109:0x3ffb9930 0x400de7fb:0x3ffb9a50 0x400ee0c1:0x3ffb9a80 0x400ee149:0x3ffb9aa0 0x400de065:0x3ffb9af0 0x400d6a39:0x3ffb9b10 0x400d69ee:0x3ffb9b30 0x401506e7:0x3ffb9b70 0x4008ca65:0x3ffb9ba0




ELF file SHA256: b19da2434b1cb888

Rebooting...
ets Jun  8 2016 00:22:57

rst:0xc (SW_CPU_RESET),boot:0x13 (SPI_FAST_FLASH_BOOT)
configsip: 0, SPIWP:0xee
clk_drv:0x00,q_drv:0x00,d_drv:0x00,cs0_drv:0x00,hd_drv:0x00,wp_drv:0x00
mode:DIO, clock div:2
load:0x3fff0030,len:7136
load:0x40078000,len:15780
ho 0 tail 12 room 4
load:0x40080400,len:4
load:0x40080404,len:3884
entry 0x40080650
[0;32mI (31) boot: ESP-IDF v5.2-dev-2383-g82cceabc6e 2nd stage bootloader[0m
[0;32mI (31) boot: compile time Oct  1 2023 17:59:54[0m
[0;32mI (33) boot: Multicore bootloader[0m
[0;32mI (37) boot: chip revision: v1.0[0m
[0;32mI (41) boot.esp32: SPI Speed      : 40MHz[0m
[0;32mI (45) boot.esp32: SPI Mode       : DIO[0m
[0;32mI (50) boot.esp32: SPI Flash Size : 2MB[0m
[0;32mI (54) boot: Enabling RNG early entropy source...[0m
[0;32mI (60) boot: Partition Table:[0m
[0;32mI (63) boot: ## Label            Usage          Type ST Offset   Length[0m
[0;32mI (71) boot:  0 nvs              WiFi data        01 02 00009000 00006000[0m
[0;32mI (78) boot:  1 phy_init         RF data          01 01 0000f000 00001000[0m
[0;32mI (86) boot:  2 factory          factory app      00 00 00010000 00100000[0m
[0;32mI (93) boot: End of partition table[0m
[0;32mI (97) esp_image: segment 0: paddr=00010020 vaddr=3f400020 size=21bach (138156) map[0m
[0;32mI (156) esp_image: segment 1: paddr=00031bd4 vaddr=3ff80063 size=00008h (     8) load[0m
[0;32mI (156) esp_image: segment 2: paddr=00031be4 vaddr=3ffb0000 size=037c8h ( 14280) load[0m
[0;32mI (167) esp_image: segment 3: paddr=000353b4 vaddr=40080000 size=0ac64h ( 44132) load[0m
[0;32mI (188) esp_image: segment 4: paddr=00040020 vaddr=400d0020 size=827b4h (534452) map[0m
[0;32mI (381) esp_image: segment 5: paddr=000c27dc vaddr=4008ac64 size=0bef4h ( 48884) load[0m
[0;32mI (402) esp_image: segment 6: paddr=000ce6d8 vaddr=400c0000 size=00064h (   100) load[0m
[0;32mI (414) boot: Loaded app from partition at offset 0x10000[0m
[0;32mI (414) boot: Disabling RNG early entropy source...[0m
[0;32mI (425) cpu_start: Multicore app[0m
[0;32mI (426) cpu_start: Pro cpu up.[0m
[0;32mI (426) cpu_start: Starting app cpu, entry point is 0x40081370[0m
[0;32mI (413) cpu_start: App cpu up.[0m
[0;32mI (444) cpu_start: Pro cpu start user code[0m
[0;32mI (444) cpu_start: cpu freq: 160000000 Hz[0m
[0;32mI (444) cpu_start: Application information:[0m
[0;32mI (449) cpu_start: Project name:     main[0m
[0;32mI (453) cpu_start: App version:      25d4482-dirty[0m
[0;32mI (459) cpu_start: Compile time:     Oct  2 2023 16:08:35[0m
[0;32mI (465) cpu_start: ELF file SHA256:  b19da2434b1cb888...[0m
[0;32mI (471) cpu_start: ESP-IDF:          v5.2-dev-2383-g82cceabc6e[0m
[0;32mI (477) cpu_start: Min chip rev:     v0.0[0m
[0;32mI (482) cpu_start: Max chip rev:     v3.99 [0m
[0;32mI (487) cpu_start: Chip rev:         v1.0[0m
[0;32mI (492) heap_init: Initializing. RAM available for dynamic allocation:[0m
[0;32mI (499) heap_init: At 3FFAE6E0 len 00001920 (6 KiB): DRAM[0m
[0;32mI (505) heap_init: At 3FFB7878 len 00028788 (161 KiB): DRAM[0m
[0;32mI (511) heap_init: At 3FFE0440 len 00003AE0 (14 KiB): D/IRAM[0m
[0;32mI (517) heap_init: At 3FFE4350 len 0001BCB0 (111 KiB): D/IRAM[0m
[0;32mI (524) heap_init: At 40096B58 len 000094A8 (37 KiB): IRAM[0m
[0;32mI (532) spi_flash: detected chip: generic[0m
[0;32mI (535) spi_flash: flash io: dio[0m
[0;33mW (539) spi_flash: Detected size(4096k) larger than the size in the binary image header(2048k). Using the size in the binary image header.[0m
[0;32mI (553) app_start: Starting scheduler on CPU0[0m
[0;32mI (557) app_start: Starting scheduler on CPU1[0m
[0;32mI (557) main_task: Started on CPU0[0m
[0;32mI (567) main_task: Calling app_main()[0m

assert failed: tcpip_send_msg_wait_sem /IDF/components/lwip/lwip/src/api/tcpip.c:449 (Invalid mbox)


Backtrace: 0x400819da:0x3ffb98f0 0x4008a015:0x3ffb9910 0x40091109:0x3ffb9930 0x400de7fb:0x3ffb9a50 0x400ee0c1:0x3ffb9a80 0x400ee149:0x3ffb9aa0 0x400de065:0x3ffb9af0 0x400d6a39:0x3ffb9b10 0x400d69ee:0x3ffb9b30 0x401506e7:0x3ffb9b70 0x4008ca65:0x3ffb9ba0




ELF file SHA256: b19da2434b1cb888

Rebooting...
ets Jun  8 2016 00:22:57

rst:0xc (SW_CPU_RESET),boot:0x13 (SPI_FAST_FLASH_BOOT)
configsip: 0, SPIWP:0xee
clk_drv:0x00,q_drv:0x00,d_drv:0x00,cs0_drv:0x00,hd_drv:0x00,wp_drv:0x00
mode:DIO, clock div:2
load:0x3fff0030,len:7136
load:0x40078000,len:15780
ho 0 tail 12 room 4
load:0x40080400,len:4
load:0x40080404,len:3884
entry 0x40080650
[0;32mI (31) boot: ESP-IDF v5.2-dev-2383-g82cceabc6e 2nd stage bootloader[0m
[0;32mI (31) boot: compile time Oct  1 2023 17:59:54[0m
[0;32mI (33) boot: Multicore bootloader[0m
[0;32mI (37) boot: chip revision: v1.0[0m
[0;32mI (41) boot.esp32: SPI Speed      : 40MHz[0m
[0;32mI (45) boot.esp32: SPI Mode       : DIO[0m
[0;32mI (50) boot.esp32: SPI Flash Size : 2MB[0m
[0;32mI (54) boot: Enabling RNG early entropy source...[0m
[0;32mI (60) boot: Partition Table:[0m
[0;32mI (63) boot: ## Label            Usage          Type ST Offset   Length[0m
[0;32mI (71) boot:  0 nvs              WiFi data        01 02 00009000 00006000[0m
[0;32mI (78) boot:  1 phy_init         RF data          01 01 0000f000 00001000[0m
[0;32mI (86) boot:  2 factory          factory app      00 00 00010000 00100000[0m
[0;32mI (93) boot: End of partition table[0m
[0;32mI (97) esp_image: segment 0: paddr=00010020 vaddr=3f400020 size=21bach (138156) map[0m
[0;32mI (156) esp_image: segment 1: paddr=00031bd4 vaddr=3ff80063 size=00008h (     8) load[0m
[0;32mI (156) esp_image: segment 2: paddr=00031be4 vaddr=3ffb0000 size=037c8h ( 14280) load[0m
[0;32mI (167) esp_image: segment 3: paddr=000353b4 vaddr=40080000 size=0ac64h ( 44132) load[0m
[0;32mI (188) esp_image: segment 4: paddr=00040020 vaddr=400d0020 size=827b4h (534452) map[0m
[0;32mI (381) esp_image: segment 5: paddr=000c27dc vaddr=4008ac64 size=0bef4h ( 48884) load[0m
[0;32mI (402) esp_image: segment 6: paddr=000ce6d8 vaddr=400c0000 size=00064h (   100) load[0m
[0;32mI (414) boot: Loaded app from partition at offset 0x10000[0m
[0;32mI (414) boot: Disabling RNG early entropy source...[0m
[0;32mI (425) cpu_start: Multicore app[0m
[0;32mI (426) cpu_start: Pro cpu up.[0m
[0;32mI (426) cpu_start: Starting app cpu, entry point is 0x40081370[0m
[0;32mI (413) cpu_start: App cpu up.[0m
[0;32mI (444) cpu_start: Pro cpu start user code[0m
[0;32mI (444) cpu_start: cpu freq: 160000000 Hz[0m
[0;32mI (444) cpu_start: Application information:[0m
[0;32mI (449) cpu_start: Project name:     main[0m
[0;32mI (453) cpu_start: App version:      25d4482-dirty[0m
[0;32mI (459) cpu_start: Compile time:     Oct  2 2023 16:08:35[0m
[0;32mI (465) cpu_start: ELF file SHA256:  b19da2434b1cb888...[0m
[0;32mI (471) cpu_start: ESP-IDF:          v5.2-dev-2383-g82cceabc6e[0m
[0;32mI (477) cpu_start: Min chip rev:     v0.0[0m
[0;32mI (482) cpu_start: Max chip rev:     v3.99 [0m
[0;32mI (487) cpu_start: Chip rev:         v1.0[0m
[0;32mI (492) heap_init: Initializing. RAM available for dynamic allocation:[0m
[0;32mI (499) heap_init: At 3FFAE6E0 len 00001920 (6 KiB): DRAM[0m
[0;32mI (505) heap_init: At 3FFB7878 len 00028788 (161 KiB): DRAM[0m
[0;32mI (511) heap_init: At 3FFE0440 len 00003AE0 (14 KiB): D/IRAM[0m
[0;32mI (517) heap_init: At 3FFE4350 len 0001BCB0 (111 KiB): D/IRAM[0m
[0;32mI (524) heap_init: At 40096B58 len 000094A8 (37 KiB): IRAM[0m
[0;32mI (532) spi_flash: detected chip: generic[0m
[0;32mI (535) spi_flash: flash io: dio[0m
[0;33mW (539) spi_flash: Detected size(4096k) larger than the size in the binary image header(2048k). Using the size in the binary image header.[0m
[0;32mI (553) app_start: Starting scheduler on CPU0[0m
[0;32mI (557) app_start: Starting scheduler on CPU1[0m
[0;32mI (557) main_task: Started on CPU0[0m
[0;32mI (567) main_task: Calling app_main()[0m

assert failed: tcpip_send_msg_wait_sem /IDF/components/lwip/lwip/src/api/tcpip.c:449 (Invalid mbox)


Backtrace: 0x400819da:0x3ffb98f0 0x4008a015:0x3ffb9910 0x40091109:0x3ffb9930 0x400de7fb:0x3ffb9a50 0x400ee0c1:0x3ffb9a80 0x400ee149:0x3ffb9aa0 0x400de065:0x3ffb9af0 0x400d6a39:0x3ffb9b10 0x400d69ee:0x3ffb9b30 0x401506e7:0x3ffb9b70 0x4008ca65:0x3ffb9ba0




ELF file SHA256: b19da2434b1cb888

Rebooting...
ets Jun  8 2016 00:22:57

rst:0xc (SW_CPU_RESET),boot:0x13 (SPI_FAST_FLASH_BOOT)
configsip: 0, SPIWP:0xee
clk_drv:0x00,q_drv:0x00,d_drv:0x00,cs0_drv:0x00,hd_drv:0x00,wp_drv:0x00
mode:DIO, clock div:2
load:0x3fff0030,len:7136
load:0x40078000,len:15780
ho 0 tail 12 room 4
load:0x40080400,len:4
load:0x40080404,len:3884
entry 0x40080650
[0;32mI (31) boot: ESP-IDF v5.2-dev-2383-g82cceabc6e 2nd stage bootloader[0m
[0;32mI (31) boot: compile time Oct  1 2023 17:59:54[0m
[0;32mI (33) boot: Multicore bootloader[0m
[0;32mI (37) boot: chip revision: v1.0[0m
[0;32mI (41) boot.esp32: SPI Speed      : 40MHz[0m
[0;32mI (45) boot.esp32: SPI Mode       : DIO[0m
[0;32mI (50) boot.esp32: SPI Flash Size : 2MB[0m
[0;32mI (54) boot: Enabling RNG early entropy source...[0m
[0;32mI (60) boot: Partition Table:[0m
[0;32mI (63) boot: ## Label            Usage          Type ST Offset   Length[0m
[0;32mI (71) boot:  0 nvs              WiFi data        01 02 00009000 00006000[0m
[0;32mI (78) boot:  1 phy_init         RF data          01 01 0000f000 00001000[0m
[0;32mI (86) boot:  2 factory          factory app      00 00 00010000 00100000[0m
[0;32mI (93) boot: End of partition table[0m
[0;32mI (97) esp_image: segment 0: paddr=00010020 vaddr=3f400020 size=21bach (138156) map[0m
[0;32mI (156) esp_image: segment 1: paddr=00031bd4 vaddr=3ff80063 size=00008h (     8) load[0m
[0;32mI (156) esp_image: segment 2: paddr=00031be4 vaddr=3ffb0000 size=037c8h ( 14280) load[0m
[0;32mI (167) esp_image: segment 3: paddr=000353b4 vaddr=40080000 size=0ac64h ( 44132) load[0m
[0;32mI (188) esp_image: segment 4: paddr=00040020 vaddr=400d0020 size=827b4h (534452) map[0m
[0;32mI (381) esp_image: segment 5: paddr=000c27dc vaddr=4008ac64 size=0bef4h ( 48884) load[0m
[0;32mI (402) esp_image: segment 6: paddr=000ce6d8 vaddr=400c0000 size=00064h (   100) load[0m
[0;32mI (414) boot: Loaded app from partition at offset 0x10000[0m
[0;32mI (414) boot: Disabling RNG early entropy source...[0m
[0;32mI (425) cpu_start: Multicore app[0m
[0;32mI (426) cpu_start: Pro cpu up.[0m
[0;32mI (426) cpu_start: Starting app cpu, entry point is 0x40081370[0m
[0;32mI (413) cpu_start: App cpu up.[0m
[0;32mI (444) cpu_start: Pro cpu start user code[0m
[0;32mI (444) cpu_start: cpu freq: 160000000 Hz[0m
[0;32mI (444) cpu_start: Application information:[0m
[0;32mI (449) cpu_start: Project name:     main[0m
[0;32mI (453) cpu_start: App version:      25d4482-dirty[0m
[0;32mI (459) cpu_start: Compile time:     Oct  2 2023 16:08:35[0m
[0;32mI (465) cpu_start: ELF file SHA256:  b19da2434b1cb888...[0m
[0;32mI (471) cpu_start: ESP-IDF:          v5.2-dev-2383-g82cceabc6e[0m
[0;32mI (477) cpu_start: Min chip rev:     v0.0[0m
[0;32mI (482) cpu_start: Max chip rev:     v3.99 [0m
[0;32mI (487) cpu_start: Chip rev:         v1.0[0m
[0;32mI (492) heap_init: Initializing. RAM available for dynamic allocation:[0m
[0;32mI (499) heap_init: At 3FFAE6E0 len 00001920 (6 KiB): DRAM[0m
[0;32mI (505) heap_init: At 3FFB7878 len 00028788 (161 KiB): DRAM[0m
[0;32mI (511) heap_init: At 3FFE0440 len 00003AE0 (14 KiB): D/IRAM[0m
[0;32mI (517) heap_init: At 3FFE4350 len 0001BCB0 (111 KiB): D/IRAM[0m
[0;32mI (524) heap_init: At 40096B58 len 000094A8 (37 KiB): IRAM[0m
[0;32mI (532) spi_flash: detected chip: generic[0m
[0;32mI (535) spi_flash: flash io: dio[0m
[0;33mW (539) spi_flash: Detected size(4096k) larger than the size in the binary image header(2048k). Using the size in the binary image header.[0m
[0;32mI (553) app_start: Starting scheduler on CPU0[0m
[0;32mI (557) app_start: Starting scheduler on CPU1[0m
[0;32mI (557) main_task: Started on CPU0[0m
[0;32mI (567) main_task: Calling app_main()[0m

assert failed: tcpip_send_msg_wait_sem /IDF/components/lwip/lwip/src/api/tcpip.c:449 (Invalid mbox)


Backtrace: 0x400819da:0x3ffb98f0 0x4008a015:0x3ffb9910 0x40091109:0x3ffb9930 0x400de7fb:0x3ffb9a50 0x400ee0c1:0x3ffb9a80 0x400ee149:0x3ffb9aa0 0x400de065:0x3ffb9af0 0x400d6a39:0x3ffb9b10 0x400d69ee:0x3ffb9b30 0x401506e7:0x3ffb9b70 0x4008ca65:0x3ffb9ba0




ELF file SHA256: b19da2434b1cb888

Rebooting...
ets Jun  8 2016 00:22:57

rst:0xc (SW_CPU_RESET),boot:0x13 (SPI_FAST_FLASH_BOOT)
configsip: 0, SPIWP:0xee
clk_drv:0x00,q_drv:0x00,d_drv:0x00,cs0_drv:0x00,hd_drv:0x00,wp_drv:0x00
mode:DIO, clock div:2
load:0x3fff0030,len:7136
load:0x40078000,len:15780
ho 0 tail 12 room 4
load:0x40080400,len:4
load:0x40080404,len:3884
entry 0x40080650
[0;32mI (31) boot: ESP-IDF v5.2-dev-2383-g82cceabc6e 2nd stage bootloader[0m
[0;32mI (31) boot: compile time Oct  1 2023 17:59:54[0m
[0;32mI (33) boot: Multicore bootloader[0m
[0;32mI (37) boot: chip revision: v1.0[0m
[0;32mI (41) boot.esp32: SPI Speed      : 40MHz[0m
[0;32mI (45) boot.esp32: SPI Mode       : DIO[0m
[0;32mI (50) boot.esp32: SPI Flash Size : 2MB[0m
[0;32mI (54) boot: Enabling RNG early entropy source...[0m
[0;32mI (60) boot: Partition Table:[0m
[0;32mI (63) boot: ## Label            Usage          Type ST Offset   Length[0m
[0;32mI (71) boot:  0 nvs              WiFi data        01 02 00009000 00006000[0m
[0;32mI (78) boot:  1 phy_init         RF data          01 01 0000f000 00001000[0m
[0;32mI (86) boot:  2 factory          factory app      00 00 00010000 00100000[0m
[0;32mI (93) boot: End of partition table[0m
[0;32mI (97) esp_image: segment 0: paddr=00010020 vaddr=3f400020 size=21bach (138156) map[0m
[0;32mI (156) esp_image: segment 1: paddr=00031bd4 vaddr=3ff80063 size=00008h (     8) load[0m
[0;32mI (156) esp_image: segment 2: paddr=00031be4 vaddr=3ffb0000 size=037c8h ( 14280) load[0m
[0;32mI (167) esp_image: segment 3: paddr=000353b4 vaddr=40080000 size=0ac64h ( 44132) load[0m
[0;32mI (188) esp_image: segment 4: paddr=00040020 vaddr=400d0020 size=827b4h (534452) map[0m
[0;32mI (381) esp_image: segment 5: paddr=000c27dc vaddr=4008ac64 size=0bef4h ( 48884) load[0m
[0;32mI (402) esp_image: segment 6: paddr=000ce6d8 vaddr=400c0000 size=00064h (   100) load[0m
[0;32mI (414) boot: Loaded app from partition at offset 0x10000[0m
[0;32mI (414) boot: Disabling RNG early entropy source...[0m
[0;32mI (425) cpu_start: Multicore app[0m
[0;32mI (426) cpu_start: Pro cpu up.[0m
[0;32mI (426) cpu_start: Starting app cpu, entry point is 0x40081370[0m
[0;32mI (413) cpu_start: App cpu up.[0m
[0;32mI (444) cpu_start: Pro cpu start user code[0m
[0;32mI (444) cpu_start: cpu freq: 160000000 Hz[0m
[0;32mI (444) cpu_start: Application information:[0m
[0;32mI (449) cpu_start: Project name:     main[0m
[0;32mI (453) cpu_start: App version:      25d4482-dirty[0m
[0;32mI (459) cpu_start: Compile time:     Oct  2 2023 16:08:35[0m
[0;32mI (465) cpu_start: ELF file SHA256:  b19da2434b1cb888...[0m
[0;32mI (471) cpu_start: ESP-IDF:          v5.2-dev-2383-g82cceabc6e[0m
[0;32mI (477) cpu_start: Min chip rev:     v0.0[0m
[0;32mI (482) cpu_start: Max chip rev:     v3.99 [0m
[0;32mI (487) cpu_start: Chip rev:         v1.0[0m
[0;32mI (492) heap_init: Initializing. RAM available for dynamic allocation:[0m
[0;32mI (499) heap_init: At 3FFAE6E0 len 00001920 (6 KiB): DRAM[0m
[0;32mI (505) heap_init: At 3FFB7878 len 00028788 (161 KiB): DRAM[0m
[0;32mI (511) heap_init: At 3FFE0440 len 00003AE0 (14 KiB): D/IRAM[0m
[0;32mI (517) heap_init: At 3FFE4350 len 0001BCB0 (111 KiB): D/IRAM[0m
[0;32mI (524) heap_init: At 40096B58 len 000094A8 (37 KiB): IRAM[0m
[0;32mI (532) spi_flash: detected chip: generic[0m
[0;32mI (535) spi_flash: flash io: dio[0m
[0;33mW (539) spi_flash: Detected size(4096k) larger than the size in the binary image header(2048k). Using the size in the binary image header.[0m
[0;32mI (553) app_start: Starting scheduler on CPU0[0m
[0;32mI (557) app_start: Starting scheduler on CPU1[0m
[0;32mI (557) main_task: Started on CPU0[0m
[0;32mI (567) main_task: Calling app_main()[0m

assert failed: tcpip_send_msg_wait_sem /IDF/components/lwip/lwip/src/api/tcpip.c:449 (Invalid mbox)


Backtrace: 0x400819da:0x3ffb98f0 0x4008a015:0x3ffb9910 0x40091109:0x3ffb9930 0x400de7fb:0x3ffb9a50 0x400ee0c1:0x3ffb9a80 0x400ee149:0x3ffb9aa0 0x400de065:0x3ffb9af0 0x400d6a39:0x3ffb9b10 0x400d69ee:0x3ffb9b30 0x401506e7:0x3ffb9b70 0x4008ca65:0x3ffb9ba0




ELF file SHA256: b19da2434b1cb888

Rebooting...
ets Jun  8 2016 00:22:57

rst:0xc (SW_CPU_RESET),boot:0x13 (SPI_FAST_FLASH_BOOT)
configsip: 0, SPIWP:0xee
clk_drv:0x00,q_drv:0x00,d_drv:0x00,cs0_drv:0x00,hd_drv:0x00,wp_drv:0x00
mode:DIO, clock div:2
load:0x3fff0030,len:7136
load:0x40078000,len:15780
ho 0 tail 12 room 4
load:0x40080400,len:4
load:0x40080404,len:3884
entry 0x40080650
[0;32mI (31) boot: ESP-IDF v5.2-dev-2383-g82cceabc6e 2nd stage bootloader[0m
[0;32mI (31) boot: compile time Oct  1 2023 17:59:54[0m
[0;32mI (33) boot: Multicore bootloader[0m
[0;32mI (37) boot: chip revision: v1.0[0m
[0;32mI (41) boot.esp32: SPI Speed      : 40MHz[0m
[0;32mI (45) boot.esp32: SPI Mode       : DIO[0m
[0;32mI (50) boot.esp32: SPI Flash Size : 2MB[0m
[0;32mI (54) boot: Enabling RNG early entropy source...[0m
[0;32mI (60) boot: Partition Table:[0m
[0;32mI (63) boot: ## Label            Usage          Type ST Offset   Length[0m
[0;32mI (71) boot:  0 nvs              WiFi data        01 02 00009000 00006000[0m
[0;32mI (78) boot:  1 phy_init         RF data          01 01 0000f000 00001000[0m
[0;32mI (86) boot:  2 factory          factory app      00 00 00010000 00100000[0m
[0;32mI (93) boot: End of partition table[0m
[0;32mI (97) esp_image: segment 0: paddr=00010020 vaddr=3f400020 size=21bach (138156) map[0m
[0;32mI (156) esp_image: segment 1: paddr=00031bd4 vaddr=3ff80063 size=00008h (     8) load[0m
[0;32mI (156) esp_image: segment 2: paddr=00031be4 vaddr=3ffb0000 size=037c8h ( 14280) load[0m
[0;32mI (167) esp_image: segment 3: paddr=000353b4 vaddr=40080000 size=0ac64h ( 44132) load[0m
[0;32mI (188) esp_image: segment 4: paddr=00040020 vaddr=400d0020 size=827b4h (534452) map[0m
[0;32mI (381) esp_image: segment 5: paddr=000c27dc vaddr=4008ac64 size=0bef4h ( 48884) load[0m
[0;32mI (402) esp_image: segment 6: paddr=000ce6d8 vaddr=400c0000 size=00064h (   100) load[0m
[0;32mI (414) boot: Loaded app from partition at offset 0x10000[0m
[0;32mI (414) boot: Disabling RNG early entropy source...[0m
[0;32mI (425) cpu_start: Multicore app[0m
[0;32mI (426) cpu_start: Pro cpu up.[0m
[0;32mI (426) cpu_start: Starting app cpu, entry point is 0x40081370[0m
[0;32mI (413) cpu_start: App cpu up.[0m
[0;32mI (444) cpu_start: Pro cpu start user code[0m
[0;32mI (444) cpu_start: cpu freq: 160000000 Hz[0m
[0;32mI (444) cpu_start: Application information:[0m
[0;32mI (449) cpu_start: Project name:     main[0m
[0;32mI (453) cpu_start: App version:      25d4482-dirty[0m
[0;32mI (459) cpu_start: Compile time:     Oct  2 2023 16:08:35[0m
[0;32mI (465) cpu_start: ELF file SHA256:  b19da2434b1cb888...[0m
[0;32mI (471) cpu_start: ESP-IDF:          v5.2-dev-2383-g82cceabc6e[0m
[0;32mI (477) cpu_start: Min chip rev:     v0.0[0m
[0;32mI (482) cpu_start: Max chip rev:     v3.99 [0m
[0;32mI (487) cpu_start: Chip rev:         v1.0[0m
[0;32mI (492) heap_init: Initializing. RAM available for dynamic allocation:[0m
[0;32mI (499) heap_init: At 3FFAE6E0 len 00001920 (6 KiB): DRAM[0m
[0;32mI (505) heap_init: At 3FFB7878 len 00028788 (161 KiB): DRAM[0m
[0;32mI (511) heap_init: At 3FFE0440 len 00003AE0 (14 KiB): D/IRAM[0m
[0;32mI (517) heap_init: At 3FFE4350 len 0001BCB0 (111 KiB): D/IRAM[0m
[0;32mI (524) heap_init: At 40096B58 len 000094A8 (37 KiB): IRAM[0m
[0;32mI (532) spi_flash: detected chip: generic[0m
[0;32mI (535) spi_flash: flash io: dio[0m
[0;33mW (539) spi_flash: Detected size(4096k) larger than the size in the binary image header(2048k). Using the size in the binary image header.[0m
[0;32mI (553) app_start: Starting scheduler on CPU0[0m
[0;32mI (557) app_start: Starting scheduler on CPU1[0m
[0;32mI (557) main_task: Started on CPU0[0m
[0;32mI (567) main_task: Calling app_main()[0m

assert failed: tcpip_send_msg_wait_sem /IDF/components/lwip/lwip/src/api/tcpip.c:449 (Invalid mbox)


Backtrace: 0x400819da:0x3ffb98f0 0x4008a015:0x3ffb9910 0x40091109:0x3ffb9930 0x400de7fb:0x3ffb9a50 0x400ee0c1:0x3ffb9a80 0x400ee149:0x3ffb9aa0 0x400de065:0x3ffb9af0 0x400d6a39:0x3ffb9b10 0x400d69ee:0x3ffb9b30 0x401506e7:0x3ffb9b70 0x4008ca65:0x3ffb9ba0




ELF file SHA256: b19da2434b1cb888

Rebooting...
ets Jun  8 2016 00:22:57

rst:0xc (SW_CPU_RESET),boot:0x13 (SPI_FAST_FLASH_BOOT)
configsip: 0, SPIWP:0xee
clk_drv:0x00,q_drv:0x00,d_drv:0x00,cs0_drv:0x00,hd_drv:0x00,wp_drv:0x00
mode:DIO, clock div:2
load:0x3fff0030,len:7136
load:0x40078000,len:15780
ho 0 tail 12 room 4
load:0x40080400,len:4
load:0x40080404,len:3884
entry 0x40080650
[0;32mI (31) boot: ESP-IDF v5.2-dev-2383-g82cceabc6e 2nd stage bootloader[0m
[0;32mI (31) boot: compile time Oct  1 2023 17:59:54[0m
[0;32mI (33) boot: Multicore bootloader[0m
[0;32mI (37) boot: chip revision: v1.0[0m
[0;32mI (41) boot.esp32: SPI Speed      : 40MHz[0m
[0;32mI (45) boot.esp32: SPI Mode       : DIO[0m
[0;32mI (50) boot.esp32: SPI Flash Size : 2MB[0m
[0;32mI (54) boot: Enabling RNG early entropy source...[0m
[0;32mI (60) boot: Partition Table:[0m
[0;32mI (63) boot: ## Label            Usage          Type ST Offset   Length[0m
[0;32mI (71) boot:  0 nvs              WiFi data        01 02 00009000 00006000[0m
[0;32mI (78) boot:  1 phy_init         RF data          01 01 0000f000 00001000[0m
[0;32mI (86) boot:  2 factory          factory app      00 00 00010000 00100000[0m
[0;32mI (93) boot: End of partition table[0m
[0;32mI (97) esp_image: segment 0: paddr=00010020 vaddr=3f400020 size=21bach (138156) map[0m
[0;32mI (156) esp_image: segment 1: paddr=00031bd4 vaddr=3ff80063 size=00008h (     8) load[0m
[0;32mI (156) esp_image: segment 2: paddr=00031be4 vaddr=3ffb0000 size=037c8h ( 14280) load[0m
[0;32mI (167) esp_image: segment 3: paddr=000353b4 vaddr=40080000 size=0ac64h ( 44132) load[0m
[0;32mI (188) esp_image: segment 4: paddr=00040020 vaddr=400d0020 size=827b4h (534452) map[0m
[0;32mI (381) esp_image: segment 5: paddr=000c27dc vaddr=4008ac64 size=0bef4h ( 48884) load[0m
[0;32mI (402) esp_image: segment 6: paddr=000ce6d8 vaddr=400c0000 size=00064h (   100) load[0m
[0;32mI (414) boot: Loaded app from partition at offset 0x10000[0m
[0;32mI (414) boot: Disabling RNG early entropy source...[0m
[0;32mI (425) cpu_start: Multicore app[0m
[0;32mI (426) cpu_start: Pro cpu up.[0m
[0;32mI (426) cpu_start: Starting app cpu, entry point is 0x40081370[0m
[0;32mI (413) cpu_start: App cpu up.[0m
[0;32mI (444) cpu_start: Pro cpu start user code[0m
[0;32mI (444) cpu_start: cpu freq: 160000000 Hz[0m
[0;32mI (444) cpu_start: Application information:[0m
[0;32mI (449) cpu_start: Project name:     main[0m
[0;32mI (453) cpu_start: App version:      25d4482-dirty[0m
[0;32mI (459) cpu_start: Compile time:     Oct  2 2023 16:08:35[0m
[0;32mI (465) cpu_start: ELF file SHA256:  b19da2434b1cb888...[0m
[0;32mI (471) cpu_start: ESP-IDF:          v5.2-dev-2383-g82cceabc6e[0m
[0;32mI (477) cpu_start: Min chip rev:     v0.0[0m
[0;32mI (482) cpu_start: Max chip rev:     v3.99 [0m
[0;32mI (487) cpu_start: Chip rev:         v1.0[0m
[0;32mI (492) heap_init: Initializing. RAM available for dynamic allocation:[0m
[0;32mI (499) heap_init: At 3FFAE6E0 len 00001920 (6 KiB): DRAM[0m
[0;32mI (505) heap_init: At 3FFB7878 len 00028788 (161 KiB): DRAM[0m
[0;32mI (511) heap_init: At 3FFE0440 len 00003AE0 (14 KiB): D/IRAM[0m
[0;32mI (517) heap_init: At 3FFE4350 len 0001BCB0 (111 KiB): D/IRAM[0m
[0;32mI (524) heap_init: At 40096B58 len 000094A8 (37 KiB): IRAM[0m
[0;32mI (532) spi_flash: detected chip: generic[0m
[0;32mI (535) spi_flash: flash io: dio[0m
[0;33mW (539) spi_flash: Detected size(4096k) larger than the size in the binary image header(2048k). Using the size in the binary image header.[0m
[0;32mI (553) app_start: Starting scheduler on CPU0[0m
[0;32mI (557) app_start: Starting scheduler on CPU1[0m
[0;32mI (557) main_task: Started on CPU0[0m
[0;32mI (567) main_task: Calling app_main()[0m

assert failed: tcpip_send_msg_wait_sem /IDF/components/lwip/lwip/src/api/tcpip.c:449 (Invalid mbox)


Backtrace: 0x400819da:0x3ffb98f0 0x4008a015:0x3ffb9910 0x40091109:0x3ffb9930 0x400de7fb:0x3ffb9a50 0x400ee0c1:0x3ffb9a80 0x400ee149:0x3ffb9aa0 0x400de065:0x3ffb9af0 0x400d6a39:0x3ffb9b10 0x400d69ee:0x3ffb9b30 0x401506e7:0x3ffb9b70 0x4008ca65:0x3ffb9ba0




ELF file SHA256: b19da2434b1cb888

Rebooting...
ets Jun  8 2016 00:22:57

rst:0xc (SW_CPU_RESET),boot:0x13 (SPI_FAST_FLASH_BOOT)
configsip: 0, SPIWP:0xee
clk_drv:0x00,q_drv:0x00,d_drv:0x00,cs0_drv:0x00,hd_drv:0x00,wp_drv:0x00
mode:DIO, clock div:2
load:0x3fff0030,len:7136
load:0x40078000,len:15780
ho 0 tail 12 room 4
load:0x40080400,len:4
load:0x40080404,len:3884
entry 0x40080650
[0;32mI (31) boot: ESP-IDF v5.2-dev-2383-g82cceabc6e 2nd stage bootloader[0m
[0;32mI (31) boot: compile time Oct  1 2023 17:59:54[0m
[0;32mI (33) boot: Multicore bootloader[0m
[0;32mI (37) boot: chip revision: v1.0[0m
[0;32mI (41) boot.esp32: SPI Speed      : 40MHz[0m
[0;32mI (45) boot.esp32: SPI Mode       : DIO[0m
[0;32mI (50) boot.esp32: SPI Flash Size : 2MB[0m
[0;32mI (54) boot: Enabling RNG early entropy source...[0m
[0;32mI (60) boot: Partition Table:[0m
[0;32mI (63) boot: ## Label            Usage          Type ST Offset   Length[0m
[0;32mI (71) boot:  0 nvs              WiFi data        01 02 00009000 00006000[0m
[0;32mI (78) boot:  1 phy_init         RF data          01 01 0000f000 00001000[0m
[0;32mI (86) boot:  2 factory          factory app      00 00 00010000 00100000[0m
[0;32mI (93) boot: End of partition table[0m
[0;32mI (97) esp_image: segment 0: paddr=00010020 vaddr=3f400020 size=21bach (138156) map[0m
[0;32mI (156) esp_image: segment 1: paddr=00031bd4 vaddr=3ff80063 size=00008h (     8) load[0m
[0;32mI (156) esp_image: segment 2: paddr=00031be4 vaddr=3ffb0000 size=037c8h ( 14280) load[0m
[0;32mI (167) esp_image: segment 3: paddr=000353b4 vaddr=40080000 size=0ac64h ( 44132) load[0m
[0;32mI (188) esp_image: segment 4: paddr=00040020 vaddr=400d0020 size=827b4h (534452) map[0m
[0;32mI (381) esp_image: segment 5: paddr=000c27dc vaddr=4008ac64 size=0bef4h ( 48884) load[0m
[0;32mI (402) esp_image: segment 6: paddr=000ce6d8 vaddr=400c0000 size=00064h (   100) load[0m
[0;32mI (414) boot: Loaded app from partition at offset 0x10000[0m
[0;32mI (414) boot: Disabling RNG early entropy source...[0m
[0;32mI (425) cpu_start: Multicore app[0m
[0;32mI (426) cpu_start: Pro cpu up.[0m
[0;32mI (426) cpu_start: Starting app cpu, entry point is 0x40081370[0m
[0;32mI (413) cpu_start: App cpu up.[0m
[0;32mI (444) cpu_start: Pro cpu start user code[0m
[0;32mI (444) cpu_start: cpu freq: 160000000 Hz[0m
[0;32mI (444) cpu_start: Application information:[0m
[0;32mI (449) cpu_start: Project name:     main[0m
[0;32mI (453) cpu_start: App version:      25d4482-dirty[0m
[0;32mI (459) cpu_start: Compile time:     Oct  2 2023 16:08:35[0m
[0;32mI (465) cpu_start: ELF file SHA256:  b19da2434b1cb888...[0m
[0;32mI (471) cpu_start: ESP-IDF:          v5.2-dev-2383-g82cceabc6e[0m
[0;32mI (477) cpu_start: Min chip rev:     v0.0[0m
[0;32mI (482) cpu_start: Max chip rev:     v3.99 [0m
[0;32mI (487) cpu_start: Chip rev:         v1.0[0m
[0;32mI (492) heap_init: Initializing. RAM available for dynamic allocation:[0m
[0;32mI (499) heap_init: At 3FFAE6E0 len 00001920 (6 KiB): DRAM[0m
[0;32mI (505) heap_init: At 3FFB7878 len 00028788 (161 KiB): DRAM[0m
[0;32mI (511) heap_init: At 3FFE0440 len 00003AE0 (14 KiB): D/IRAM[0m
[0;32mI (517) heap_init: At 3FFE4350 len 0001BCB0 (111 KiB): D/IRAM[0m
[0;32mI (524) heap_init: At 40096B58 len 000094A8 (37 KiB): IRAM[0m
[0;32mI (532) spi_flash: detected chip: generic[0m
[0;32mI (535) spi_flash: flash io: dio[0m
[0;33mW (539) spi_flash: Detected size(4096k) larger than the size in the binary image header(2048k). Using the size in the binary image header.[0m
[0;32mI (553) app_start: Starting scheduler on CPU0[0m
[0;32mI (557) app_start: Starting scheduler on CPU1[0m
[0;32mI (557) main_task: Started on CPU0[0m
[0;32mI (567) main_task: Calling app_main()[0m

assert failed: tcpip_send_msg_wait_sem /IDF/components/lwip/lwip/src/api/tcpip.c:449 (Invalid mbox)


Backtrace: 0x400819da:0x3ffb98f0 0x4008a015:0x3ffb9910 0x40091109:0x3ffb9930 0x400de7fb:0x3ffb9a50 0x400ee0c1:0x3ffb9a80 0x400ee149:0x3ffb9aa0 0x400de065:0x3ffb9af0 0x400d6a39:0x3ffb9b10 0x400d69ee:0x3ffb9b30 0x401506e7:0x3ffb9b70 0x4008ca65:0x3ffb9ba0




ELF file SHA256: b19da2434b1cb888

Rebooting...
ets Jun  8 2016 00:22:57

rst:0xc (SW_CPU_RESET),boot:0x13 (SPI_FAST_FLASH_BOOT)
configsip: 0, SPIWP:0xee
clk_drv:0x00,q_drv:0x00,d_drv:0x00,cs0_drv:0x00,hd_drv:0x00,wp_drv:0x00
mode:DIO, clock div:2
load:0x3fff0030,len:7136
load:0x40078000,len:15780
ho 0 tail 12 room 4
load:0x40080400,len:4
load:0x40080404,len:3884
entry 0x40080650
[0;32mI (31) boot: ESP-IDF v5.2-dev-2383-g82cceabc6e 2nd stage bootloader[0m
[0;32mI (31) boot: compile time Oct  1 2023 17:59:54[0m
[0;32mI (33) boot: Multicore bootloader[0m
[0;32mI (37) boot: chip revision: v1.0[0m
[0;32mI (41) boot.esp32: SPI Speed      : 40MHz[0m
[0;32mI (45) boot.esp32: SPI Mode       : DIO[0m
[0;32mI (50) boot.esp32: SPI Flash Size : 2MB[0m
[0;32mI (54) boot: Enabling RNG early entropy source...[0m
[0;32mI (60) boot: Partition Table:[0m
[0;32mI (63) boot: ## Label            Usage          Type ST Offset   Length[0m
[0;32mI (71) boot:  0 nvs              WiFi data        01 02 00009000 00006000[0m
[0;32mI (78) boot:  1 phy_init         RF data          01 01 0000f000 00001000[0m
[0;32mI (86) boot:  2 factory          factory app      00 00 00010000 00100000[0m
[0;32mI (93) boot: End of partition table[0m
[0;32mI (97) esp_image: segment 0: paddr=00010020 vaddr=3f400020 size=21bach (138156) map[0m
[0;32mI (156) esp_image: segment 1: paddr=00031bd4 vaddr=3ff80063 size=00008h (     8) load[0m
[0;32mI (156) esp_image: segment 2: paddr=00031be4 vaddr=3ffb0000 size=037c8h ( 14280) load[0m
[0;32mI (167) esp_image: segment 3: paddr=000353b4 vaddr=40080000 size=0ac64h ( 44132) load[0m
[0;32mI (188) esp_image: segment 4: paddr=00040020 vaddr=400d0020 size=827b4h (534452) map[0m
[0;32mI (381) esp_image: segment 5: paddr=000c27dc vaddr=4008ac64 size=0bef4h ( 48884) load[0m
[0;32mI (402) esp_image: segment 6: paddr=000ce6d8 vaddr=400c0000 size=00064h (   100) load[0m
[0;32mI (414) boot: Loaded app from partition at offset 0x10000[0m
[0;32mI (414) boot: Disabling RNG early entropy source...[0m
[0;32mI (425) cpu_start: Multicore app[0m
[0;32mI (426) cpu_start: Pro cpu up.[0m
[0;32mI (426) cpu_start: Starting app cpu, entry point is 0x40081370[0m
[0;32mI (413) cpu_start: App cpu up.[0m
[0;32mI (444) cpu_start: Pro cpu start user code[0m
[0;32mI (444) cpu_start: cpu freq: 160000000 Hz[0m
[0;32mI (444) cpu_start: Application information:[0m
[0;32mI (449) cpu_start: Project name:     main[0m
[0;32mI (453) cpu_start: App version:      25d4482-dirty[0m
[0;32mI (459) cpu_start: Compile time:     Oct  2 2023 16:08:35[0m
[0;32mI (465) cpu_start: ELF file SHA256:  b19da2434b1cb888...[0m
[0;32mI (471) cpu_start: ESP-IDF:          v5.2-dev-2383-g82cceabc6e[0m
[0;32mI (477) cpu_start: Min chip rev:     v0.0[0m
[0;32mI (482) cpu_start: Max chip rev:     v3.99 [0m
[0;32mI (487) cpu_start: Chip rev:         v1.0[0m
[0;32mI (492) heap_init: Initializing. RAM available for dynamic allocation:[0m
[0;32mI (499) heap_init: At 3FFAE6E0 len 00001920 (6 KiB): DRAM[0m
[0;32mI (505) heap_init: At 3FFB7878 len 00028788 (161 KiB): DRAM[0m
[0;32mI (511) heap_init: At 3FFE0440 len 00003AE0 (14 KiB): D/IRAM[0m
[0;32mI (517) heap_init: At 3FFE4350 len 0001BCB0 (111 KiB): D/IRAM[0m
[0;32mI (524) heap_init: At 40096B58 len 000094A8 (37 KiB): IRAM[0m
[0;32mI (532) spi_flash: detected chip: generic[0m
[0;32mI (535) spi_flash: flash io: dio[0m
[0;33mW (539) spi_flash: Detected size(4096k) larger than the size in the binary image header(2048k). Using the size in the binary image header.[0m
[0;32mI (553) app_start: Starting scheduler on CPU0[0m
[0;32mI (557) app_start: Starting scheduler on CPU1[0m
[0;32mI (557) main_task: Started on CPU0[0m
[0;32mI (567) main_task: Calling app_main()[0m

assert failed: tcpip_send_msg_wait_sem /IDF/components/lwip/lwip/src/api/tcpip.c:449 (Invalid mbox)


Backtrace: 0x400819da:0x3ffb98f0 0x4008a015:0x3ffb9910 0x40091109:0x3ffb9930 0x400de7fb:0x3ffb9a50 0x400ee0c1:0x3ffb9a80 0x400ee149:0x3ffb9aa0 0x400de065:0x3ffb9af0 0x400d6a39:0x3ffb9b10 0x400d69ee:0x3ffb9b30 0x401506e7:0x3ffb9b70 0x4008ca65:0x3ffb9ba0




ELF file SHA256: b19da2434b1cb888

Rebooting...
ets Jun  8 2016 00:22:57

rst:0xc (SW_CPU_RESET),boot:0x13 (SPI_FAST_FLASH_BOOT)
configsip: 0, SPIWP:0xee
clk_drv:0x00,q_drv:0x00,d_drv:0x00,cs0_drv:0x00,hd_drv:0x00,wp_drv:0x00
mode:DIO, clock div:2
load:0x3fff0030,len:7136
load:0x40078000,len:15780
ho 0 tail 12 room 4
load:0x40080400,len:4
load:0x40080404,len:3884
entry 0x40080650
[0;32mI (31) boot: ESP-IDF v5.2-dev-2383-g82cceabc6e 2nd stage bootloader[0m
[0;32mI (31) boot: compile time Oct  1 2023 17:59:54[0m
[0;32mI (33) boot: Multicore bootloader[0m
[0;32mI (37) boot: chip revision: v1.0[0m
[0;32mI (41) boot.esp32: SPI Speed      : 40MHz[0m
[0;32mI (45) boot.esp32: SPI Mode       : DIO[0m
[0;32mI (50) boot.esp32: SPI Flash Size : 2MB[0m
[0;32mI (54) boot: Enabling RNG early entropy source...[0m
[0;32mI (60) boot: Partition Table:[0m
[0;32mI (63) boot: ## Label            Usage          Type ST Offset   Length[0m
[0;32mI (71) boot:  0 nvs              WiFi data        01 02 00009000 00006000[0m
[0;32mI (78) boot:  1 phy_init         RF data          01 01 0000f000 00001000[0m
[0;32mI (86) boot:  2 factory          factory app      00 00 00010000 00100000[0m
[0;32mI (93) boot: End of partition table[0m
[0;32mI (97) esp_image: segment 0: paddr=00010020 vaddr=3f400020 size=21bach (138156) map[0m
[0;32mI (156) esp_image: segment 1: paddr=00031bd4 vaddr=3ff80063 size=00008h (     8) load[0m
[0;32mI (156) esp_image: segment 2: paddr=00031be4 vaddr=3ffb0000 size=037c8h ( 14280) load[0m
[0;32mI (167) esp_image: segment 3: paddr=000353b4 vaddr=40080000 size=0ac64h ( 44132) load[0m
[0;32mI (188) esp_image: segment 4: paddr=00040020 vaddr=400d0020 size=827b4h (534452) map[0m
[0;32mI (381) esp_image: segment 5: paddr=000c27dc vaddr=4008ac64 size=0bef4h ( 48884) load[0m
[0;32mI (402) esp_image: segment 6: paddr=000ce6d8 vaddr=400c0000 size=00064h (   100) load[0m
[0;32mI (414) boot: Loaded app from partition at offset 0x10000[0m
[0;32mI (414) boot: Disabling RNG early entropy source...[0m
[0;32mI (425) cpu_start: Multicore app[0m
[0;32mI (426) cpu_start: Pro cpu up.[0m
[0;32mI (426) cpu_start: Starting app cpu, entry point is 0x40081370[0m
[0;32mI (413) cpu_start: App cpu up.[0m
[0;32mI (444) cpu_start: Pro cpu start user code[0m
[0;32mI (444) cpu_start: cpu freq: 160000000 Hz[0m
[0;32mI (444) cpu_start: Application information:[0m
[0;32mI (449) cpu_start: Project name:     main[0m
[0;32mI (453) cpu_start: App version:      25d4482-dirty[0m
[0;32mI (459) cpu_start: Compile time:     Oct  2 2023 16:08:35[0m
[0;32mI (465) cpu_start: ELF file SHA256:  b19da2434b1cb888...[0m
[0;32mI (471) cpu_start: ESP-IDF:          v5.2-dev-2383-g82cceabc6e[0m
[0;32mI (477) cpu_start: Min chip rev:     v0.0[0m
[0;32mI (482) cpu_start: Max chip rev:     v3.99 [0m
[0;32mI (487) cpu_start: Chip rev:         v1.0[0m
[0;32mI (492) heap_init: Initializing. RAM available for dynamic allocation:[0m
[0;32mI (499) heap_init: At 3FFAE6E0 len 00001920 (6 KiB): DRAM[0m
[0;32mI (505) heap_init: At 3FFB7878 len 00028788 (161 KiB): DRAM[0m
[0;32mI (511) heap_init: At 3FFE0440 len 00003AE0 (14 KiB): D/IRAM[0m
[0;32mI (517) heap_init: At 3FFE4350 len 0001BCB0 (111 KiB): D/IRAM[0m
[0;32mI (524) heap_init: At 40096B58 len 000094A8 (37 KiB): IRAM[0m
[0;32mI (532) spi_flash: detected chip: generic[0m
[0;32mI (535) spi_flash: flash io: dio[0m
[0;33mW (539) spi_flash: Detected size(4096k) larger than the size in the binary image header(2048k). Using the size in the binary image header.[0m
[0;32mI (553) app_start: Starting scheduler on CPU0[0m
[0;32mI (557) app_start: Starting scheduler on CPU1[0m
[0;32mI (557) main_task: Started on CPU0[0m
[0;32mI (567) main_task: Calling app_main()[0m

assert failed: tcpip_send_msg_wait_sem /IDF/components/lwip/lwip/src/api/tcpip.c:449 (Invalid mbox)


Backtrace: 0x400819da:0x3ffb98f0 0x4008a015:0x3ffb9910 0x40091109:0x3ffb9930 0x400de7fb:0x3ffb9a50 0x400ee0c1:0x3ffb9a80 0x400ee149:0x3ffb9aa0 0x400de065:0x3ffb9af0 0x400d6a39:0x3ffb9b10 0x400d69ee:0x3ffb9b30 0x401506e7:0x3ffb9b70 0x4008ca65:0x3ffb9ba0




ELF file SHA256: b19da2434b1cb888

Rebooting...
ets Jun  8 2016 00:22:57

rst:0xc (SW_CPU_RESET),boot:0x13 (SPI_FAST_FLASH_BOOT)
configsip: 0, SPIWP:0xee
clk_drv:0x00,q_drv:0x00,d_drv:0x00,cs0_drv:0x00,hd_drv:0x00,wp_drv:0x00
mode:DIO, clock div:2
load:0x3fff0030,len:7136
load:0x40078000,len:15780
ho 0 tail 12 room 4
load:0x40080400,len:4
load:0x40080404,len:3884
entry 0x40080650
[0;32mI (31) boot: ESP-IDF v5.2-dev-2383-g82cceabc6e 2nd stage bootloader[0m
[0;32mI (31) boot: compile time Oct  1 2023 17:59:54[0m
[0;32mI (33) boot: Multicore bootloader[0m
[0;32mI (37) boot: chip revision: v1.0[0m
[0;32mI (41) boot.esp32: SPI Speed      : 40MHz[0m
[0;32mI (45) boot.esp32: SPI Mode       : DIO[0m
[0;32mI (50) boot.esp32: SPI Flash Size : 2MB[0m
[0;32mI (54) boot: Enabling RNG early entropy source...[0m
[0;32mI (60) boot: Partition Table:[0m
[0;32mI (63) boot: ## Label            Usage          Type ST Offset   Length[0m
[0;32mI (71) boot:  0 nvs              WiFi data        01 02 00009000 00006000[0m
[0;32mI (78) boot:  1 phy_init         RF data          01 01 0000f000 00001000[0m
[0;32mI (86) boot:  2 factory          factory app      00 00 00010000 00100000[0m
[0;32mI (93) boot: End of partition table[0m
[0;32mI (97) esp_image: segment 0: paddr=00010020 vaddr=3f400020 size=21bach (138156) map[0m
[0;32mI (156) esp_image: segment 1: paddr=00031bd4 vaddr=3ff80063 size=00008h (     8) load[0m
[0;32mI (156) esp_image: segment 2: paddr=00031be4 vaddr=3ffb0000 size=037c8h ( 14280) load[0m
[0;32mI (167) esp_image: segment 3: paddr=000353b4 vaddr=40080000 size=0ac64h ( 44132) load[0m
[0;32mI (188) esp_image: segment 4: paddr=00040020 vaddr=400d0020 size=827b4h (534452) map[0m
[0;32mI (381) esp_image: segment 5: paddr=000c27dc vaddr=4008ac64 size=0bef4h ( 48884) load[0m
[0;32mI (402) esp_image: segment 6: paddr=000ce6d8 vaddr=400c0000 size=00064h (   100) load[0m
[0;32mI (414) boot: Loaded app from partition at offset 0x10000[0m
[0;32mI (414) boot: Disabling RNG early entropy source...[0m
[0;32mI (425) cpu_start: Multicore app[0m
[0;32mI (426) cpu_start: Pro cpu up.[0m
[0;32mI (426) cpu_start: Starting app cpu, entry point is 0x40081370[0m
[0;32mI (413) cpu_start: App cpu up.[0m
[0;32mI (444) cpu_start: Pro cpu start user code[0m
[0;32mI (444) cpu_start: cpu freq: 160000000 Hz[0m
[0;32mI (444) cpu_start: Application information:[0m
[0;32mI (449) cpu_start: Project name:     main[0m
[0;32mI (453) cpu_start: App version:      25d4482-dirty[0m
[0;32mI (459) cpu_start: Compile time:     Oct  2 2023 16:08:35[0m
[0;32mI (465) cpu_start: ELF file SHA256:  b19da2434b1cb888...[0m
[0;32mI (471) cpu_start: ESP-IDF:          v5.2-dev-2383-g82cceabc6e[0m
[0;32mI (477) cpu_start: Min chip rev:     v0.0[0m
[0;32mI (482) cpu_start: Max chip rev:     v3.99 [0m
[0;32mI (487) cpu_start: Chip rev:         v1.0[0m
[0;32mI (492) heap_init: Initializing. RAM available for dynamic allocation:[0m
[0;32mI (499) heap_init: At 3FFAE6E0 len 00001920 (6 KiB): DRAM[0m
[0;32mI (505) heap_init: At 3FFB7878 len 00028788 (161 KiB): DRAM[0m
[0;32mI (511) heap_init: At 3FFE0440 len 00003AE0 (14 KiB): D/IRAM[0m
[0;32mI (517) heap_init: At 3FFE4350 len 0001BCB0 (111 KiB): D/IRAM[0m
[0;32mI (524) heap_init: At 40096B58 len 000094A8 (37 KiB): IRAM[0m
[0;32mI (532) spi_flash: detected chip: generic[0m
[0;32mI (535) spi_flash: flash io: dio[0m
[0;33mW (539) spi_flash: Detected size(4096k) larger than the size in the binary image header(2048k). Using the size in the binary image header.[0m
[0;32mI (553) app_start: Starting scheduler on CPU0[0m
[0;32mI (557) app_start: Starting scheduler on CPU1[0m
[0;32mI (557) main_task: Started on CPU0[0m
[0;32mI (567) main_task: Calling app_main()[0m

assert failed: tcpip_send_msg_wait_sem /IDF/components/lwip/lwip/src/api/tcpip.c:449 (Invalid mbox)


Backtrace: 0x400819da:0x3ffb98f0 0x4008a015:0x3ffb9910 0x40091109:0x3ffb9930 0x400de7fb:0x3ffb9a50 0x400ee0c1:0x3ffb9a80 0x400ee149:0x3ffb9aa0 0x400de065:0x3ffb9af0 0x400d6a39:0x3ffb9b10 0x400d69ee:0x3ffb9b30 0x401506e7:0x3ffb9b70 0x4008ca65:0x3ffb9ba0




ELF file SHA256: b19da2434b1cb888

Rebooting...
ets Jun  8 2016 00:22:57

rst:0xc (SW_CPU_RESET),boot:0x13 (SPI_FAST_FLASH_BOOT)
configsip: 0, SPIWP:0xee
clk_drv:0x00,q_drv:0x00,d_drv:0x00,cs0_drv:0x00,hd_drv:0x00,wp_drv:0x00
mode:DIO, clock div:2
load:0x3fff0030,len:7136
load:0x40078000,len:15780
ho 0 tail 12 room 4
load:0x40080400,len:4
load:0x40080404,len:3884
entry 0x40080650
[0;32mI (31) boot: ESP-IDF v5.2-dev-2383-g82cceabc6e 2nd stage bootloader[0m
[0;32mI (31) boot: compile time Oct  1 2023 17:59:54[0m
[0;32mI (33) boot: Multicore bootloader[0m
[0;32mI (37) boot: chip revision: v1.0[0m
[0;32mI (41) boot.esp32: SPI Speed      : 40MHz[0m
[0;32mI (45) boot.esp32: SPI Mode       : DIO[0m
[0;32mI (50) boot.esp32: SPI Flash Size : 2MB[0m
[0;32mI (54) boot: Enabling RNG early entropy source...[0m
[0;32mI (60) boot: Partition Table:[0m
[0;32mI (63) boot: ## Label            Usage          Type ST Offset   Length[0m
[0;32mI (71) boot:  0 nvs              WiFi data        01 02 00009000 00006000[0m
[0;32mI (78) boot:  1 phy_init         RF data          01 01 0000f000 00001000[0m
[0;32mI (86) boot:  2 factory          factory app      00 00 00010000 00100000[0m
[0;32mI (93) boot: End of partition table[0m
[0;32mI (97) esp_image: segment 0: paddr=00010020 vaddr=3f400020 size=21bach (138156) map[0m
[0;32mI (156) esp_image: segment 1: paddr=00031bd4 vaddr=3ff80063 size=00008h (     8) load[0m
[0;32mI (156) esp_image: segment 2: paddr=00031be4 vaddr=3ffb0000 size=037c8h ( 14280) load[0m
[0;32mI (167) esp_image: segment 3: paddr=000353b4 vaddr=40080000 size=0ac64h ( 44132) load[0m
[0;32mI (188) esp_image: segment 4: paddr=00040020 vaddr=400d0020 size=827b4h (534452) map[0m
[0;32mI (381) esp_image: segment 5: paddr=000c27dc vaddr=4008ac64 size=0bef4h ( 48884) load[0m
[0;32mI (402) esp_image: segment 6: paddr=000ce6d8 vaddr=400c0000 size=00064h (   100) load[0m
[0;32mI (414) boot: Loaded app from partition at offset 0x10000[0m
[0;32mI (414) boot: Disabling RNG early entropy source...[0m
[0;32mI (425) cpu_start: Multicore app[0m
[0;32mI (426) cpu_start: Pro cpu up.[0m
[0;32mI (426) cpu_start: Starting app cpu, entry point is 0x40081370[0m
[0;32mI (413) cpu_start: App cpu up.[0m
[0;32mI (444) cpu_start: Pro cpu start user code[0m
[0;32mI (444) cpu_start: cpu freq: 160000000 Hz[0m
[0;32mI (444) cpu_start: Application information:[0m
[0;32mI (449) cpu_start: Project name:     main[0m
[0;32mI (453) cpu_start: App version:      25d4482-dirty[0m
[0;32mI (459) cpu_start: Compile time:     Oct  2 2023 16:08:35[0m
[0;32mI (465) cpu_start: ELF file SHA256:  b19da2434b1cb888...[0m
[0;32mI (471) cpu_start: ESP-IDF:          v5.2-dev-2383-g82cceabc6e[0m
[0;32mI (477) cpu_start: Min chip rev:     v0.0[0m
[0;32mI (482) cpu_start: Max chip rev:     v3.99 [0m
[0;32mI (487) cpu_start: Chip rev:         v1.0[0m
[0;32mI (492) heap_init: Initializing. RAM available for dynamic allocation:[0m
[0;32mI (499) heap_init: At 3FFAE6E0 len 00001920 (6 KiB): DRAM[0m
[0;32mI (505) heap_init: At 3FFB7878 len 00028788 (161 KiB): DRAM[0m
[0;32mI (511) heap_init: At 3FFE0440 len 00003AE0 (14 KiB): D/IRAM[0m
[0;32mI (517) heap_init: At 3FFE4350 len 0001BCB0 (111 KiB): D/IRAM[0m
[0;32mI (524) heap_init: At 40096B58 len 000094A8 (37 KiB): IRAM[0m
[0;32mI (532) spi_flash: detected chip: generic[0m
[0;32mI (535) spi_flash: flash io: dio[0m
[0;33mW (539) spi_flash: Detected size(4096k) larger than the size in the binary image header(2048k). Using the size in the binary image header.[0m
[0;32mI (553) app_start: Starting scheduler on CPU0[0m
[0;32mI (557) app_start: Starting scheduler on CPU1[0m
[0;32mI (557) main_task: Started on CPU0[0m
[0;32mI (567) main_task: Calling app_main()[0m

assert failed: tcpip_send_msg_wait_sem /IDF/components/lwip/lwip/src/api/tcpip.c:449 (Invalid mbox)


Backtrace: 0x400819da:0x3ffb98f0 0x4008a015:0x3ffb9910 0x40091109:0x3ffb9930 0x400de7fb:0x3ffb9a50 0x400ee0c1:0x3ffb9a80 0x400ee149:0x3ffb9aa0 0x400de065:0x3ffb9af0 0x400d6a39:0x3ffb9b10 0x400d69ee:0x3ffb9b30 0x401506e7:0x3ffb9b70 0x4008ca65:0x3ffb9ba0




ELF file SHA256: b19da2434b1cb888

Rebooting...
ets Jun  8 2016 00:22:57

rst:0xc (SW_CPU_RESET),boot:0x13 (SPI_FAST_FLASH_BOOT)
configsip: 0, SPIWP:0xee
clk_drv:0x00,q_drv:0x00,d_drv:0x00,cs0_drv:0x00,hd_drv:0x00,wp_drv:0x00
mode:DIO, clock div:2
load:0x3fff0030,len:7136
load:0x40078000,len:15780
ho 0 tail 12 room 4
load:0x40080400,len:4
load:0x40080404,len:3884
entry 0x40080650
[0;32mI (31) boot: ESP-IDF v5.2-dev-2383-g82cceabc6e 2nd stage bootloader[0m
[0;32mI (31) boot: compile time Oct  1 2023 17:59:54[0m
[0;32mI (33) boot: Multicore bootloader[0m
[0;32mI (37) boot: chip revision: v1.0[0m
[0;32mI (41) boot.esp32: SPI Speed      : 40MHz[0m
[0;32mI (45) boot.esp32: SPI Mode       : DIO[0m
[0;32mI (50) boot.esp32: SPI Flash Size : 2MB[0m
[0;32mI (54) boot: Enabling RNG early entropy source...[0m
[0;32mI (60) boot: Partition Table:[0m
[0;32mI (63) boot: ## Label            Usage          Type ST Offset   Length[0m
[0;32mI (71) boot:  0 nvs              WiFi data        01 02 00009000 00006000[0m
[0;32mI (78) boot:  1 phy_init         RF data          01 01 0000f000 00001000[0m
[0;32mI (86) boot:  2 factory          factory app      00 00 00010000 00100000[0m
[0;32mI (93) boot: End of partition table[0m
[0;32mI (97) esp_image: segment 0: paddr=00010020 vaddr=3f400020 size=21bach (138156) map[0m
[0;32mI (156) esp_image: segment 1: paddr=00031bd4 vaddr=3ff80063 size=00008h (     8) load[0m
[0;32mI (156) esp_image: segment 2: paddr=00031be4 vaddr=3ffb0000 size=037c8h ( 14280) load[0m
[0;32mI (167) esp_image: segment 3: paddr=000353b4 vaddr=40080000 size=0ac64h ( 44132) load[0m
[0;32mI (188) esp_image: segment 4: paddr=00040020 vaddr=400d0020 size=827b4h (534452) map[0m
[0;32mI (381) esp_image: segment 5: paddr=000c27dc vaddr=4008ac64 size=0bef4h ( 48884) load[0m
[0;32mI (402) esp_image: segment 6: paddr=000ce6d8 vaddr=400c0000 size=00064h (   100) load[0m
[0;32mI (414) boot: Loaded app from partition at offset 0x10000[0m
[0;32mI (414) boot: Disabling RNG early entropy source...[0m
[0;32mI (425) cpu_start: Multicore app[0m
[0;32mI (426) cpu_start: Pro cpu up.[0m
[0;32mI (426) cpu_start: Starting app cpu, entry point is 0x40081370[0m
[0;32mI (413) cpu_start: App cpu up.[0m
[0;32mI (444) cpu_start: Pro cpu start user code[0m
[0;32mI (444) cpu_start: cpu freq: 160000000 Hz[0m
[0;32mI (444) cpu_start: Application information:[0m
[0;32mI (449) cpu_start: Project name:     main[0m
[0;32mI (453) cpu_start: App version:      25d4482-dirty[0m
[0;32mI (459) cpu_start: Compile time:     Oct  2 2023 16:08:35[0m
[0;32mI (465) cpu_start: ELF file SHA256:  b19da2434b1cb888...[0m
[0;32mI (471) cpu_start: ESP-IDF:          v5.2-dev-2383-g82cceabc6e[0m
[0;32mI (477) cpu_start: Min chip rev:     v0.0[0m
[0;32mI (482) cpu_start: Max chip rev:     v3.99 [0m
[0;32mI (487) cpu_start: Chip rev:         v1.0[0m
[0;32mI (492) heap_init: Initializing. RAM available for dynamic allocation:[0m
[0;32mI (499) heap_init: At 3FFAE6E0 len 00001920 (6 KiB): DRAM[0m
[0;32mI (505) heap_init: At 3FFB7878 len 00028788 (161 KiB): DRAM[0m
[0;32mI (511) heap_init: At 3FFE0440 len 00003AE0 (14 KiB): D/IRAM[0m
[0;32mI (517) heap_init: At 3FFE4350 len 0001BCB0 (111 KiB): D/IRAM[0m
[0;32mI (524) heap_init: At 40096B58 len 000094A8 (37 KiB): IRAM[0m
[0;32mI (532) spi_flash: detected chip: generic[0m
[0;32mI (535) spi_flash: flash io: dio[0m
[0;33mW (539) spi_flash: Detected size(4096k) larger than the size in the binary image header(2048k). Using the size in the binary image header.[0m
[0;32mI (553) app_start: Starting scheduler on CPU0[0m
[0;32mI (557) app_start: Starting scheduler on CPU1[0m
[0;32mI (557) main_task: Started on CPU0[0m
[0;32mI (567) main_task: Calling app_main()[0m

assert failed: tcpip_send_msg_wait_sem /IDF/components/lwip/lwip/src/api/tcpip.c:449 (Invalid mbox)


Backtrace: 0x400819da:0x3ffb98f0 0x4008a015:0x3ffb9910 0x40091109:0x3ffb9930 0x400de7fb:0x3ffb9a50 0x400ee0c1:0x3ffb9a80 0x400ee149:0x3ffb9aa0 0x400de065:0x3ffb9af0 0x400d6a39:0x3ffb9b10 0x400d69ee:0x3ffb9b30 0x401506e7:0x3ffb9b70 0x4008ca65:0x3ffb9ba0




ELF file SHA256: b19da2434b1cb888

Rebooting...
ets Jun  8 2016 00:22:57

rst:0xc (SW_CPU_RESET),boot:0x13 (SPI_FAST_FLASH_BOOT)
configsip: 0, SPIWP:0xee
clk_drv:0x00,q_drv:0x00,d_drv:0x00,cs0_drv:0x00,hd_drv:0x00,wp_drv:0x00
mode:DIO, clock div:2
load:0x3fff0030,len:7136
load:0x40078000,len:15780
ho 0 tail 12 room 4
load:0x40080400,len:4
load:0x40080404,len:3884
entry 0x40080650
[0;32mI (31) boot: ESP-IDF v5.2-dev-2383-g82cceabc6e 2nd stage bootloader[0m
[0;32mI (31) boot: compile time Oct  1 2023 17:59:54[0m
[0;32mI (33) boot: Multicore bootloader[0m
[0;32mI (37) boot: chip revision: v1.0[0m
[0;32mI (41) boot.esp32: SPI Speed      : 40MHz[0m
[0;32mI (45) boot.esp32: SPI Mode       : DIO[0m
[0;32mI (50) boot.esp32: SPI Flash Size : 2MB[0m
[0;32mI (54) boot: Enabling RNG early entropy source...[0m
[0;32mI (60) boot: Partition Table:[0m
[0;32mI (63) boot: ## Label            Usage          Type ST Offset   Length[0m
[0;32mI (71) boot:  0 nvs              WiFi data        01 02 00009000 00006000[0m
[0;32mI (78) boot:  1 phy_init         RF data          01 01 0000f000 00001000[0m
[0;32mI (86) boot:  2 factory          factory app      00 00 00010000 00100000[0m
[0;32mI (93) boot: End of partition table[0m
[0;32mI (97) esp_image: segment 0: paddr=00010020 vaddr=3f400020 size=21bach (138156) map[0m
[0;32mI (156) esp_image: segment 1: paddr=00031bd4 vaddr=3ff80063 size=00008h (     8) load[0m
[0;32mI (156) esp_image: segment 2: paddr=00031be4 vaddr=3ffb0000 size=037c8h ( 14280) load[0m
[0;32mI (167) esp_image: segment 3: paddr=000353b4 vaddr=40080000 size=0ac64h ( 44132) load[0m
[0;32mI (188) esp_image: segment 4: paddr=00040020 vaddr=400d0020 size=827b4h (534452) map[0m
[0;32mI (381) esp_image: segment 5: paddr=000c27dc vaddr=4008ac64 size=0bef4h ( 48884) load[0m
[0;32mI (402) esp_image: segment 6: paddr=000ce6d8 vaddr=400c0000 size=00064h (   100) load[0m
[0;32mI (414) boot: Loaded app from partition at offset 0x10000[0m
[0;32mI (414) boot: Disabling RNG early entropy source...[0m
[0;32mI (425) cpu_start: Multicore app[0m
[0;32mI (426) cpu_start: Pro cpu up.[0m
[0;32mI (426) cpu_start: Starting app cpu, entry point is 0x40081370[0m
[0;32mI (413) cpu_start: App cpu up.[0m
[0;32mI (444) cpu_start: Pro cpu start user code[0m
[0;32mI (444) cpu_start: cpu freq: 160000000 Hz[0m
[0;32mI (444) cpu_start: Application information:[0m
[0;32mI (449) cpu_start: Project name:     main[0m
[0;32mI (453) cpu_start: App version:      25d4482-dirty[0m
[0;32mI (459) cpu_start: Compile time:     Oct  2 2023 16:08:35[0m
[0;32mI (465) cpu_start: ELF file SHA256:  b19da2434b1cb888...[0m
[0;32mI (471) cpu_start: ESP-IDF:          v5.2-dev-2383-g82cceabc6e[0m
[0;32mI (477) cpu_start: Min chip rev:     v0.0[0m
[0;32mI (482) cpu_start: Max chip rev:     v3.99 [0m
[0;32mI (487) cpu_start: Chip rev:         v1.0[0m
[0;32mI (492) heap_init: Initializing. RAM available for dynamic allocation:[0m
[0;32mI (499) heap_init: At 3FFAE6E0 len 00001920 (6 KiB): DRAM[0m
[0;32mI (505) heap_init: At 3FFB7878 len 00028788 (161 KiB): DRAM[0m
[0;32mI (511) heap_init: At 3FFE0440 len 00003AE0 (14 KiB): D/IRAM[0m
[0;32mI (517) heap_init: At 3FFE4350 len 0001BCB0 (111 KiB): D/IRAM[0m
[0;32mI (524) heap_init: At 40096B58 len 000094A8 (37 KiB): IRAM[0m
[0;32mI (532) spi_flash: detected chip: generic[0m
[0;32mI (535) spi_flash: flash io: dio[0m
[0;33mW (539) spi_flash: Detected size(4096k) larger than the size in the binary image header(2048k). Using the size in the binary image header.[0m
[0;32mI (553) app_start: Starting scheduler on CPU0[0m
[0;32mI (557) app_start: Starting scheduler on CPU1[0m
[0;32mI (557) main_task: Started on CPU0[0m
[0;32mI (567) main_task: Calling app_main()[0m

assert failed: tcpip_send_msg_wait_sem /IDF/components/lwip/lwip/src/api/tcpip.c:449 (Invalid mbox)


Backtrace: 0x400819da:0x3ffb98f0 0x4008a015:0x3ffb9910 0x40091109:0x3ffb9930 0x400de7fb:0x3ffb9a50 0x400ee0c1:0x3ffb9a80 0x400ee149:0x3ffb9aa0 0x400de065:0x3ffb9af0 0x400d6a39:0x3ffb9b10 0x400d69ee:0x3ffb9b30 0x401506e7:0x3ffb9b70 0x4008ca65:0x3ffb9ba0




ELF file SHA256: b19da2434b1cb888

Rebooting...
ets Jun  8 2016 00:22:57

rst:0xc (SW_CPU_RESET),boot:0x13 (SPI_FAST_FLASH_BOOT)
configsip: 0, SPIWP:0xee
clk_drv:0x00,q_drv:0x00,d_drv:0x00,cs0_drv:0x00,hd_drv:0x00,wp_drv:0x00
mode:DIO, clock div:2
load:0x3fff0030,len:7136
load:0x40078000,len:15780
ho 0 tail 12 room 4
load:0x40080400,len:4
load:0x40080404,len:3884
entry 0x40080650
[0;32mI (31) boot: ESP-IDF v5.2-dev-2383-g82cceabc6e 2nd stage bootloader[0m
[0;32mI (31) boot: compile time Oct  1 2023 17:59:54[0m
[0;32mI (33) boot: Multicore bootloader[0m
[0;32mI (37) boot: chip revision: v1.0[0m
[0;32mI (41) boot.esp32: SPI Speed      : 40MHz[0m
[0;32mI (45) boot.esp32: SPI Mode       : DIO[0m
[0;32mI (50) boot.esp32: SPI Flash Size : 2MB[0m
[0;32mI (54) boot: Enabling RNG early entropy source...[0m
[0;32mI (60) boot: Partition Table:[0m
[0;32mI (63) boot: ## Label            Usage          Type ST Offset   Length[0m
[0;32mI (71) boot:  0 nvs              WiFi data        01 02 00009000 00006000[0m
[0;32mI (78) boot:  1 phy_init         RF data          01 01 0000f000 00001000[0m
[0;32mI (86) boot:  2 factory          factory app      00 00 00010000 00100000[0m
[0;32mI (93) boot: End of partition table[0m
[0;32mI (97) esp_image: segment 0: paddr=00010020 vaddr=3f400020 size=21bach (138156) map[0m
[0;32mI (156) esp_image: segment 1: paddr=00031bd4 vaddr=3ff80063 size=00008h (     8) load[0m
[0;32mI (156) esp_image: segment 2: paddr=00031be4 vaddr=3ffb0000 size=037c8h ( 14280) load[0m
[0;32mI (167) esp_image: segment 3: paddr=000353b4 vaddr=40080000 size=0ac64h ( 44132) load[0m
[0;32mI (188) esp_image: segment 4: paddr=00040020 vaddr=400d0020 size=827b4h (534452) map[0m
[0;32mI (381) esp_image: segment 5: paddr=000c27dc vaddr=4008ac64 size=0bef4h ( 48884) load[0m
[0;32mI (402) esp_image: segment 6: paddr=000ce6d8 vaddr=400c0000 size=00064h (   100) load[0m
[0;32mI (414) boot: Loaded app from partition at offset 0x10000[0m
[0;32mI (414) boot: Disabling RNG early entropy source...[0m
[0;32mI (425) cpu_start: Multicore app[0m
[0;32mI (426) cpu_start: Pro cpu up.[0m
[0;32mI (426) cpu_start: Starting app cpu, entry point is 0x40081370[0m
[0;32mI (413) cpu_start: App cpu up.[0m
[0;32mI (444) cpu_start: Pro cpu start user code[0m
[0;32mI (444) cpu_start: cpu freq: 160000000 Hz[0m
[0;32mI (444) cpu_start: Application information:[0m
[0;32mI (449) cpu_start: Project name:     main[0m
[0;32mI (453) cpu_start: App version:      25d4482-dirty[0m
[0;32mI (459) cpu_start: Compile time:     Oct  2 2023 16:08:35[0m
[0;32mI (465) cpu_start: ELF file SHA256:  b19da2434b1cb888...[0m
[0;32mI (471) cpu_start: ESP-IDF:          v5.2-dev-2383-g82cceabc6e[0m
[0;32mI (477) cpu_start: Min chip rev:     v0.0[0m
[0;32mI (482) cpu_start: Max chip rev:     v3.99 [0m
[0;32mI (487) cpu_start: Chip rev:         v1.0[0m
[0;32mI (492) heap_init: Initializing. RAM available for dynamic allocation:[0m
[0;32mI (499) heap_init: At 3FFAE6E0 len 00001920 (6 KiB): DRAM[0m
[0;32mI (505) heap_init: At 3FFB7878 len 00028788 (161 KiB): DRAM[0m
[0;32mI (511) heap_init: At 3FFE0440 len 00003AE0 (14 KiB): D/IRAM[0m
[0;32mI (517) heap_init: At 3FFE4350 len 0001BCB0 (111 KiB): D/IRAM[0m
[0;32mI (524) heap_init: At 40096B58 len 000094A8 (37 KiB): IRAM[0m
[0;32mI (532) spi_flash: detected chip: generic[0m
[0;32mI (535) spi_flash: flash io: dio[0m
[0;33mW (539) spi_flash: Detected size(4096k) larger than the size in the binary image header(2048k). Using the size in the binary image header.[0m
[0;32mI (553) app_start: Starting scheduler on CPU0[0m
[0;32mI (557) app_start: Starting scheduler on CPU1[0m
[0;32mI (557) main_task: Started on CPU0[0m
[0;32mI (567) main_task: Calling app_main()[0m

assert failed: tcpip_send_msg_wait_sem /IDF/components/lwip/lwip/src/api/tcpip.c:449 (Invalid mbox)


Backtrace: 0x400819da:0x3ffb98f0 0x4008a015:0x3ffb9910 0x40091109:0x3ffb9930 0x400de7fb:0x3ffb9a50 0x400ee0c1:0x3ffb9a80 0x400ee149:0x3ffb9aa0 0x400de065:0x3ffb9af0 0x400d6a39:0x3ffb9b10 0x400d69ee:0x3ffb9b30 0x401506e7:0x3ffb9b70 0x4008ca65:0x3ffb9ba0




ELF file SHA256: b19da2434b1cb888

Rebooting...
ets Jun  8 2016 00:22:57

rst:0xc (SW_CPU_RESET),boot:0x13 (SPI_FAST_FLASH_BOOT)
configsip: 0, SPIWP:0xee
clk_drv:0x00,q_drv:0x00,d_drv:0x00,cs0_drv:0x00,hd_drv:0x00,wp_drv:0x00
mode:DIO, clock div:2
load:0x3fff0030,len:7136
load:0x40078000,len:15780
ho 0 tail 12 room 4
load:0x40080400,len:4
load:0x40080404,len:3884
entry 0x40080650
[0;32mI (31) boot: ESP-IDF v5.2-dev-2383-g82cceabc6e 2nd stage bootloader[0m
[0;32mI (31) boot: compile time Oct  1 2023 17:59:54[0m
[0;32mI (33) boot: Multicore bootloader[0m
[0;32mI (37) boot: chip revision: v1.0[0m
[0;32mI (41) boot.esp32: SPI Speed      : 40MHz[0m
[0;32mI (45) boot.esp32: SPI Mode       : DIO[0m
[0;32mI (50) boot.esp32: SPI Flash Size : 2MB[0m
[0;32mI (54) boot: Enabling RNG early entropy source...[0m
[0;32mI (60) boot: Partition Table:[0m
[0;32mI (63) boot: ## Label            Usage          Type ST Offset   Length[0m
[0;32mI (71) boot:  0 nvs              WiFi data        01 02 00009000 00006000[0m
[0;32mI (78) boot:  1 phy_init         RF data          01 01 0000f000 00001000[0m
[0;32mI (86) boot:  2 factory          factory app      00 00 00010000 00100000[0m
[0;32mI (93) boot: End of partition table[0m
[0;32mI (97) esp_image: segment 0: paddr=00010020 vaddr=3f400020 size=21bach (138156) map[0m
[0;32mI (156) esp_image: segment 1: paddr=00031bd4 vaddr=3ff80063 size=00008h (     8) load[0m
[0;32mI (156) esp_image: segment 2: paddr=00031be4 vaddr=3ffb0000 size=037c8h ( 14280) load[0m
[0;32mI (167) esp_image: segment 3: paddr=000353b4 vaddr=40080000 size=0ac64h ( 44132) load[0m
[0;32mI (188) esp_image: segment 4: paddr=00040020 vaddr=400d0020 size=827b4h (534452) map[0m
[0;32mI (381) esp_image: segment 5: paddr=000c27dc vaddr=4008ac64 size=0bef4h ( 48884) load[0m
[0;32mI (402) esp_image: segment 6: paddr=000ce6d8 vaddr=400c0000 size=00064h (   100) load[0m
[0;32mI (414) boot: Loaded app from partition at offset 0x10000[0m
[0;32mI (414) boot: Disabling RNG early entropy source...[0m
[0;32mI (425) cpu_start: Multicore app[0m
[0;32mI (426) cpu_start: Pro cpu up.[0m
[0;32mI (426) cpu_start: Starting app cpu, entry point is 0x40081370[0m
[0;32mI (413) cpu_start: App cpu up.[0m
[0;32mI (444) cpu_start: Pro cpu start user code[0m
[0;32mI (444) cpu_start: cpu freq: 160000000 Hz[0m
[0;32mI (444) cpu_start: Application information:[0m
[0;32mI (449) cpu_start: Project name:     main[0m
[0;32mI (453) cpu_start: App version:      25d4482-dirty[0m
[0;32mI (459) cpu_start: Compile time:     Oct  2 2023 16:08:35[0m
[0;32mI (465) cpu_start: ELF file SHA256:  b19da2434b1cb888...[0m
[0;32mI (471) cpu_start: ESP-IDF:          v5.2-dev-2383-g82cceabc6e[0m
[0;32mI (477) cpu_start: Min chip rev:     v0.0[0m
[0;32mI (482) cpu_start: Max chip rev:     v3.99 [0m
[0;32mI (487) cpu_start: Chip rev:         v1.0[0m
[0;32mI (492) heap_init: Initializing. RAM available for dynamic allocation:[0m
[0;32mI (499) heap_init: At 3FFAE6E0 len 00001920 (6 KiB): DRAM[0m
[0;32mI (505) heap_init: At 3FFB7878 len 00028788 (161 KiB): DRAM[0m
[0;32mI (511) heap_init: At 3FFE0440 len 00003AE0 (14 KiB): D/IRAM[0m
[0;32mI (517) heap_init: At 3FFE4350 len 0001BCB0 (111 KiB): D/IRAM[0m
[0;32mI (524) heap_init: At 40096B58 len 000094A8 (37 KiB): IRAM[0m
[0;32mI (532) spi_flash: detected chip: generic[0m
[0;32mI (535) spi_flash: flash io: dio[0m
[0;33mW (539) spi_flash: Detected size(4096k) larger than the size in the binary image header(2048k). Using the size in the binary image header.[0m
[0;32mI (553) app_start: Starting scheduler on CPU0[0m
[0;32mI (557) app_start: Starting scheduler on CPU1[0m
[0;32mI (557) main_task: Started on CPU0[0m
[0;32mI (567) main_task: Calling app_main()[0m

assert failed: tcpip_send_msg_wait_sem /IDF/components/lwip/lwip/src/api/tcpip.c:449 (Invalid mbox)


Backtrace: 0x400819da:0x3ffb98f0 0x4008a015:0x3ffb9910 0x40091109:0x3ffb9930 0x400de7fb:0x3ffb9a50 0x400ee0c1:0x3ffb9a80 0x400ee149:0x3ffb9aa0 0x400de065:0x3ffb9af0 0x400d6a39:0x3ffb9b10 0x400d69ee:0x3ffb9b30 0x401506e7:0x3ffb9b70 0x4008ca65:0x3ffb9ba0




ELF file SHA256: b19da2434b1cb888

Rebooting...
ets Jun  8 2016 00:22:57

rst:0xc (SW_CPU_RESET),boot:0x13 (SPI_FAST_FLASH_BOOT)
configsip: 0, SPIWP:0xee
clk_drv:0x00,q_drv:0x00,d_drv:0x00,cs0_drv:0x00,hd_drv:0x00,wp_drv:0x00
mode:DIO, clock div:2
load:0x3fff0030,len:7136
load:0x40078000,len:15780
ho 0 tail 12 room 4
load:0x40080400,len:4
load:0x40080404,len:3884
entry 0x40080650
[0;32mI (31) boot: ESP-IDF v5.2-dev-2383-g82cceabc6e 2nd stage bootloader[0m
[0;32mI (31) boot: compile time Oct  1 2023 17:59:54[0m
[0;32mI (33) boot: Multicore bootloader[0m
[0;32mI (37) boot: chip revision: v1.0[0m
[0;32mI (41) boot.esp32: SPI Speed      : 40MHz[0m
[0;32mI (45) boot.esp32: SPI Mode       : DIO[0m
[0;32mI (50) boot.esp32: SPI Flash Size : 2MB[0m
[0;32mI (54) boot: Enabling RNG early entropy source...[0m
[0;32mI (60) boot: Partition Table:[0m
[0;32mI (63) boot: ## Label            Usage          Type ST Offset   Length[0m
[0;32mI (71) boot:  0 nvs              WiFi data        01 02 00009000 00006000[0m
[0;32mI (78) boot:  1 phy_init         RF data          01 01 0000f000 00001000[0m
[0;32mI (86) boot:  2 factory          factory app      00 00 00010000 00100000[0m
[0;32mI (93) boot: End of partition table[0m
[0;32mI (97) esp_image: segment 0: paddr=00010020 vaddr=3f400020 size=21bach (138156) map[0m
[0;32mI (156) esp_image: segment 1: paddr=00031bd4 vaddr=3ff80063 size=00008h (     8) load[0m
[0;32mI (156) esp_image: segment 2: paddr=00031be4 vaddr=3ffb0000 size=037c8h ( 14280) load[0m
[0;32mI (167) esp_image: segment 3: paddr=000353b4 vaddr=40080000 size=0ac64h ( 44132) load[0m
[0;32mI (188) esp_image: segment 4: paddr=00040020 vaddr=400d0020 size=827b4h (534452) map[0m
[0;32mI (381) esp_image: segment 5: paddr=000c27dc vaddr=4008ac64 size=0bef4h ( 48884) load[0m
[0;32mI (402) esp_image: segment 6: paddr=000ce6d8 vaddr=400c0000 size=00064h (   100) load[0m
[0;32mI (414) boot: Loaded app from partition at offset 0x10000[0m
[0;32mI (414) boot: Disabling RNG early entropy source...[0m
[0;32mI (425) cpu_start: Multicore app[0m
[0;32mI (426) cpu_start: Pro cpu up.[0m
[0;32mI (426) cpu_start: Starting app cpu, entry point is 0x40081370[0m
[0;32mI (413) cpu_start: App cpu up.[0m
[0;32mI (444) cpu_start: Pro cpu start user code[0m
[0;32mI (444) cpu_start: cpu freq: 160000000 Hz[0m
[0;32mI (444) cpu_start: Application information:[0m
[0;32mI (449) cpu_start: Project name:     main[0m
[0;32mI (453) cpu_start: App version:      25d4482-dirty[0m
[0;32mI (459) cpu_start: Compile time:     Oct  2 2023 16:08:35[0m
[0;32mI (465) cpu_start: ELF file SHA256:  b19da2434b1cb888...[0m
[0;32mI (471) cpu_start: ESP-IDF:          v5.2-dev-2383-g82cceabc6e[0m
[0;32mI (477) cpu_start: Min chip rev:     v0.0[0m
[0;32mI (482) cpu_start: Max chip rev:     v3.99 [0m
[0;32mI (487) cpu_start: Chip rev:         v1.0[0m
[0;32mI (492) heap_init: Initializing. RAM available for dynamic allocation:[0m
[0;32mI (499) heap_init: At 3FFAE6E0 len 00001920 (6 KiB): DRAM[0m
[0;32mI (505) heap_init: At 3FFB7878 len 00028788 (161 KiB): DRAM[0m
[0;32mI (511) heap_init: At 3FFE0440 len 00003AE0 (14 KiB): D/IRAM[0m
[0;32mI (517) heap_init: At 3FFE4350 len 0001BCB0 (111 KiB): D/IRAM[0m
[0;32mI (524) heap_init: At 40096B58 len 000094A8 (37 KiB): IRAM[0m
[0;32mI (532) spi_flash: detected chip: generic[0m
[0;32mI (535) spi_flash: flash io: dio[0m
[0;33mW (539) spi_flash: Detected size(4096k) larger than the size in the binary image header(2048k). Using the size in the binary image header.[0m
[0;32mI (553) app_start: Starting scheduler on CPU0[0m
[0;32mI (557) app_start: Starting scheduler on CPU1[0m
[0;32mI (557) main_task: Started on CPU0[0m
[0;32mI (567) main_task: Calling app_main()[0m

assert failed: tcpip_send_msg_wait_sem /IDF/components/lwip/lwip/src/api/tcpip.c:449 (Invalid mbox)


Backtrace: 0x400819da:0x3ffb98f0 0x4008a015:0x3ffb9910 0x40091109:0x3ffb9930 0x400de7fb:0x3ffb9a50 0x400ee0c1:0x3ffb9a80 0x400ee149:0x3ffb9aa0 0x400de065:0x3ffb9af0 0x400d6a39:0x3ffb9b10 0x400d69ee:0x3ffb9b30 0x401506e7:0x3ffb9b70 0x4008ca65:0x3ffb9ba0




ELF file SHA256: b19da2434b1cb888

Rebooting...
ets Jun  8 2016 00:22:57

rst:0xc (SW_CPU_RESET),boot:0x13 (SPI_FAST_FLASH_BOOT)
configsip: 0, SPIWP:0xee
clk_drv:0x00,q_drv:0x00,d_drv:0x00,cs0_drv:0x00,hd_drv:0x00,wp_drv:0x00
mode:DIO, clock div:2
load:0x3fff0030,len:7136
load:0x40078000,len:15780
ho 0 tail 12 room 4
load:0x40080400,len:4
load:0x40080404,len:3884
entry 0x40080650
[0;32mI (31) boot: ESP-IDF v5.2-dev-2383-g82cceabc6e 2nd stage bootloader[0m
[0;32mI (31) boot: compile time Oct  1 2023 17:59:54[0m
[0;32mI (33) boot: Multicore bootloader[0m
[0;32mI (37) boot: chip revision: v1.0[0m
[0;32mI (41) boot.esp32: SPI Speed      : 40MHz[0m
[0;32mI (45) boot.esp32: SPI Mode       : DIO[0m
[0;32mI (50) boot.esp32: SPI Flash Size : 2MB[0m
[0;32mI (54) boot: Enabling RNG early entropy source...[0m
[0;32mI (60) boot: Partition Table:[0m
[0;32mI (63) boot: ## Label            Usage          Type ST Offset   Length[0m
[0;32mI (71) boot:  0 nvs              WiFi data        01 02 00009000 00006000[0m
[0;32mI (78) boot:  1 phy_init         RF data          01 01 0000f000 00001000[0m
[0;32mI (86) boot:  2 factory          factory app      00 00 00010000 00100000[0m
[0;32mI (93) boot: End of partition table[0m
[0;32mI (97) esp_image: segment 0: paddr=00010020 vaddr=3f400020 size=21bach (138156) map[0m
[0;32mI (156) esp_image: segment 1: paddr=00031bd4 vaddr=3ff80063 size=00008h (     8) load[0m
[0;32mI (156) esp_image: segment 2: paddr=00031be4 vaddr=3ffb0000 size=037c8h ( 14280) load[0m
[0;32mI (167) esp_image: segment 3: paddr=000353b4 vaddr=40080000 size=0ac64h ( 44132) load[0m
[0;32mI (188) esp_image: segment 4: paddr=00040020 vaddr=400d0020 size=827b4h (534452) map[0m
[0;32mI (381) esp_image: segment 5: paddr=000c27dc vaddr=4008ac64 size=0bef4h ( 48884) load[0m
[0;32mI (402) esp_image: segment 6: paddr=000ce6d8 vaddr=400c0000 size=00064h (   100) load[0m
[0;32mI (414) boot: Loaded app from partition at offset 0x10000[0m
[0;32mI (414) boot: Disabling RNG early entropy source...[0m
[0;32mI (425) cpu_start: Multicore app[0m
[0;32mI (426) cpu_start: Pro cpu up.[0m
[0;32mI (426) cpu_start: Starting app cpu, entry point is 0x40081370[0m
[0;32mI (413) cpu_start: App cpu up.[0m
[0;32mI (444) cpu_start: Pro cpu start user code[0m
[0;32mI (444) cpu_start: cpu freq: 160000000 Hz[0m
[0;32mI (444) cpu_start: Application information:[0m
[0;32mI (449) cpu_start: Project name:     main[0m
[0;32mI (453) cpu_start: App version:      25d4482-dirty[0m
[0;32mI (459) cpu_start: Compile time:     Oct  2 2023 16:08:35[0m
[0;32mI (465) cpu_start: ELF file SHA256:  b19da2434b1cb888...[0m
[0;32mI (471) cpu_start: ESP-IDF:          v5.2-dev-2383-g82cceabc6e[0m
[0;32mI (477) cpu_start: Min chip rev:     v0.0[0m
[0;32mI (482) cpu_start: Max chip rev:     v3.99 [0m
[0;32mI (487) cpu_start: Chip rev:         v1.0[0m
[0;32mI (492) heap_init: Initializing. RAM available for dynamic allocation:[0m
[0;32mI (499) heap_init: At 3FFAE6E0 len 00001920 (6 KiB): DRAM[0m
[0;32mI (505) heap_init: At 3FFB7878 len 00028788 (161 KiB): DRAM[0m
[0;32mI (511) heap_init: At 3FFE0440 len 00003AE0 (14 KiB): D/IRAM[0m
[0;32mI (517) heap_init: At 3FFE4350 len 0001BCB0 (111 KiB): D/IRAM[0m
[0;32mI (524) heap_init: At 40096B58 len 000094A8 (37 KiB): IRAM[0m
[0;32mI (532) spi_flash: detected chip: generic[0m
[0;32mI (535) spi_flash: flash io: dio[0m
[0;33mW (539) spi_flash: Detected size(4096k) larger than the size in the binary image header(2048k). Using the size in the binary image header.[0m
[0;32mI (553) app_start: Starting scheduler on CPU0[0m
[0;32mI (557) app_start: Starting scheduler on CPU1[0m
[0;32mI (557) main_task: Started on CPU0[0m
[0;32mI (567) main_task: Calling app_main()[0m

assert failed: tcpip_send_msg_wait_sem /IDF/components/lwip/lwip/src/api/tcpip.c:449 (Invalid mbox)


Backtrace: 0x400819da:0x3ffb98f0 0x4008a015:0x3ffb9910 0x40091109:0x3ffb9930 0x400de7fb:0x3ffb9a50 0x400ee0c1:0x3ffb9a80 0x400ee149:0x3ffb9aa0 0x400de065:0x3ffb9af0 0x400d6a39:0x3ffb9b10 0x400d69ee:0x3ffb9b30 0x401506e7:0x3ffb9b70 0x4008ca65:0x3ffb9ba0




ELF file SHA256: b19da2434b1cb888

Rebooting...
ets Jun  8 2016 00:22:57

rst:0xc (SW_CPU_RESET),boot:0x13 (SPI_FAST_FLASH_BOOT)
configsip: 0, SPIWP:0xee
clk_drv:0x00,q_drv:0x00,d_drv:0x00,cs0_drv:0x00,hd_drv:0x00,wp_drv:0x00
mode:DIO, clock div:2
load:0x3fff0030,len:7136
load:0x40078000,len:15780
ho 0 tail 12 room 4
load:0x40080400,len:4
load:0x40080404,len:3884
entry 0x40080650
[0;32mI (31) boot: ESP-IDF v5.2-dev-2383-g82cceabc6e 2nd stage bootloader[0m
[0;32mI (31) boot: compile time Oct  1 2023 17:59:54[0m
[0;32mI (33) boot: Multicore bootloader[0m
[0;32mI (37) boot: chip revision: v1.0[0m
[0;32mI (41) boot.esp32: SPI Speed      : 40MHz[0m
[0;32mI (45) boot.esp32: SPI Mode       : DIO[0m
[0;32mI (50) boot.esp32: SPI Flash Size : 2MB[0m
[0;32mI (54) boot: Enabling RNG early entropy source...[0m
[0;32mI (60) boot: Partition Table:[0m
[0;32mI (63) boot: ## Label            Usage          Type ST Offset   Length[0m
[0;32mI (71) boot:  0 nvs              WiFi data        01 02 00009000 00006000[0m
[0;32mI (78) boot:  1 phy_init         RF data          01 01 0000f000 00001000[0m
[0;32mI (86) boot:  2 factory          factory app      00 00 00010000 00100000[0m
[0;32mI (93) boot: End of partition table[0m
[0;32mI (97) esp_image: segment 0: paddr=00010020 vaddr=3f400020 size=21bach (138156) map[0m
[0;32mI (156) esp_image: segment 1: paddr=00031bd4 vaddr=3ff80063 size=00008h (     8) load[0m
[0;32mI (156) esp_image: segment 2: paddr=00031be4 vaddr=3ffb0000 size=037c8h ( 14280) load[0m
[0;32mI (167) esp_image: segment 3: paddr=000353b4 vaddr=40080000 size=0ac64h ( 44132) load[0m
[0;32mI (188) esp_image: segment 4: paddr=00040020 vaddr=400d0020 size=827b4h (534452) map[0m
[0;32mI (381) esp_image: segment 5: paddr=000c27dc vaddr=4008ac64 size=0bef4h ( 48884) load[0m
[0;32mI (402) esp_image: segment 6: paddr=000ce6d8 vaddr=400c0000 size=00064h (   100) load[0m
[0;32mI (414) boot: Loaded app from partition at offset 0x10000[0m
[0;32mI (414) boot: Disabling RNG early entropy source...[0m
[0;32mI (425) cpu_start: Multicore app[0m
[0;32mI (426) cpu_start: Pro cpu up.[0m
[0;32mI (426) cpu_start: Starting app cpu, entry point is 0x40081370[0m
[0;32mI (413) cpu_start: App cpu up.[0m
[0;32mI (444) cpu_start: Pro cpu start user code[0m
[0;32mI (444) cpu_start: cpu freq: 160000000 Hz[0m
[0;32mI (444) cpu_start: Application information:[0m
[0;32mI (449) cpu_start: Project name:     main[0m
[0;32mI (453) cpu_start: App version:      25d4482-dirty[0m
[0;32mI (459) cpu_start: Compile time:     Oct  2 2023 16:08:35[0m
[0;32mI (465) cpu_start: ELF file SHA256:  b19da2434b1cb888...[0m
[0;32mI (471) cpu_start: ESP-IDF:          v5.2-dev-2383-g82cceabc6e[0m
[0;32mI (477) cpu_start: Min chip rev:     v0.0[0m
[0;32mI (482) cpu_start: Max chip rev:     v3.99 [0m
[0;32mI (487) cpu_start: Chip rev:         v1.0[0m
[0;32mI (492) heap_init: Initializing. RAM available for dynamic allocation:[0m
[0;32mI (499) heap_init: At 3FFAE6E0 len 00001920 (6 KiB): DRAM[0m
[0;32mI (505) heap_init: At 3FFB7878 len 00028788 (161 KiB): DRAM[0m
[0;32mI (511) heap_init: At 3FFE0440 len 00003AE0 (14 KiB): D/IRAM[0m
[0;32mI (517) heap_init: At 3FFE4350 len 0001BCB0 (111 KiB): D/IRAM[0m
[0;32mI (524) heap_init: At 40096B58 len 000094A8 (37 KiB): IRAM[0m
[0;32mI (532) spi_flash: detected chip: generic[0m
[0;32mI (535) spi_flash: flash io: dio[0m
[0;33mW (539) spi_flash: Detected size(4096k) larger than the size in the binary image header(2048k). Using the size in the binary image header.[0m
[0;32mI (553) app_start: Starting scheduler on CPU0[0m
[0;32mI (557) app_start: Starting scheduler on CPU1[0m
[0;32mI (557) main_task: Started on CPU0[0m
[0;32mI (567) main_task: Calling app_main()[0m

assert failed: tcpip_send_msg_wait_sem /IDF/components/lwip/lwip/src/api/tcpip.c:449 (Invalid mbox)


Backtrace: 0x400819da:0x3ffb98f0 0x4008a015:0x3ffb9910 0x40091109:0x3ffb9930 0x400de7fb:0x3ffb9a50 0x400ee0c1:0x3ffb9a80 0x400ee149:0x3ffb9aa0 0x400de065:0x3ffb9af0 0x400d6a39:0x3ffb9b10 0x400d69ee:0x3ffb9b30 0x401506e7:0x3ffb9b70 0x4008ca65:0x3ffb9ba0




ELF file SHA256: b19da2434b1cb888

Rebooting...
ets Jun  8 2016 00:22:57

rst:0xc (SW_CPU_RESET),boot:0x13 (SPI_FAST_FLASH_BOOT)
configsip: 0, SPIWP:0xee
clk_drv:0x00,q_drv:0x00,d_drv:0x00,cs0_drv:0x00,hd_drv:0x00,wp_drv:0x00
mode:DIO, clock div:2
load:0x3fff0030,len:7136
load:0x40078000,len:15780
ho 0 tail 12 room 4
load:0x40080400,len:4
load:0x40080404,len:3884
entry 0x40080650
[0;32mI (31) boot: ESP-IDF v5.2-dev-2383-g82cceabc6e 2nd stage bootloader[0m
[0;32mI (31) boot: compile time Oct  1 2023 17:59:54[0m
[0;32mI (33) boot: Multicore bootloader[0m
[0;32mI (37) boot: chip revision: v1.0[0m
[0;32mI (41) boot.esp32: SPI Speed      : 40MHz[0m
[0;32mI (45) boot.esp32: SPI Mode       : DIO[0m
[0;32mI (50) boot.esp32: SPI Flash Size : 2MB[0m
[0;32mI (54) boot: Enabling RNG early entropy source...[0m
[0;32mI (60) boot: Partition Table:[0m
[0;32mI (63) boot: ## Label            Usage          Type ST Offset   Length[0m
[0;32mI (71) boot:  0 nvs              WiFi data        01 02 00009000 00006000[0m
[0;32mI (78) boot:  1 phy_init         RF data          01 01 0000f000 00001000[0m
[0;32mI (86) boot:  2 factory          factory app      00 00 00010000 00100000[0m
[0;32mI (93) boot: End of partition table[0m
[0;32mI (97) esp_image: segment 0: paddr=00010020 vaddr=3f400020 size=21bach (138156) map[0m
[0;32mI (156) esp_image: segment 1: paddr=00031bd4 vaddr=3ff80063 size=00008h (     8) load[0m
[0;32mI (156) esp_image: segment 2: paddr=00031be4 vaddr=3ffb0000 size=037c8h ( 14280) load[0m
[0;32mI (167) esp_image: segment 3: paddr=000353b4 vaddr=40080000 size=0ac64h ( 44132) load[0m
[0;32mI (188) esp_image: segment 4: paddr=00040020 vaddr=400d0020 size=827b4h (534452) map[0m
[0;32mI (381) esp_image: segment 5: paddr=000c27dc vaddr=4008ac64 size=0bef4h ( 48884) load[0m
[0;32mI (402) esp_image: segment 6: paddr=000ce6d8 vaddr=400c0000 size=00064h (   100) load[0m
[0;32mI (414) boot: Loaded app from partition at offset 0x10000[0m
[0;32mI (414) boot: Disabling RNG early entropy source...[0m
[0;32mI (425) cpu_start: Multicore app[0m
[0;32mI (426) cpu_start: Pro cpu up.[0m
[0;32mI (426) cpu_start: Starting app cpu, entry point is 0x40081370[0m
[0;32mI (413) cpu_start: App cpu up.[0m
[0;32mI (444) cpu_start: Pro cpu start user code[0m
[0;32mI (444) cpu_start: cpu freq: 160000000 Hz[0m
[0;32mI (444) cpu_start: Application information:[0m
[0;32mI (449) cpu_start: Project name:     main[0m
